##### PUSH START : 2022-06-03 17:50:00 #####
On branch master
Your branch is ahead of 'origin/master' by 26 commits.
  (use "git push" to publish your local commits)

Changes to be committed:
  (use "git restore --staged <file>..." to unstage)
	modified:   BackJoon/Input.txt
	new file:   BackJoon/recursion/4.2447.ts
	new file:   BackJoon/recursion/5.11729.ts
	modified:   BackJoon/test.js
	modified:   autopush.sh
	modified:   autopush.sh.log

[master f7efbc3] git commit auto push
 6 files changed, 61 insertions(+), 70 deletions(-)
 create mode 100644 BackJoon/recursion/4.2447.ts
 create mode 100644 BackJoon/recursion/5.11729.ts
 rewrite BackJoon/test.js (98%)
 rewrite autopush.sh.log (100%)
To github.com:JEONGHWANMIN/CodingTest_JS.git
   c6fe207..f7efbc3  master -> master
##### AUTO PUSH END #####
##### PUSH START : 2022-06-06 17:50:00 #####
On branch master
Your branch is up to date with 'origin/master'.

Changes to be committed:
  (use "git restore --staged <file>..." to unstage)
	modified:   autopush.sh.log

[master cc3f296] git commit auto push
 1 file changed, 1 insertion(+)
To github.com:JEONGHWANMIN/CodingTest_JS.git
   535a467..cc3f296  master -> master
##### AUTO PUSH END #####
##### PUSH START : 2022-06-07 17:50:00 #####
On branch master
Your branch is ahead of 'origin/master' by 1 commit.
  (use "git push" to publish your local commits)

Changes to be committed:
  (use "git restore --staged <file>..." to unstage)
	modified:   BackJoon/test.js
	modified:   autopush.sh.log

[master 9c5e6eb] git commit auto push
 2 files changed, 43 insertions(+), 15 deletions(-)
 rewrite BackJoon/test.js (97%)
To github.com:JEONGHWANMIN/CodingTest_JS.git
   cc3f296..9c5e6eb  master -> master
##### AUTO PUSH END #####
##### PUSH START : 2022-06-08 17:50:00 #####
On branch master
Your branch is ahead of 'origin/master' by 2 commits.
  (use "git push" to publish your local commits)

Changes to be committed:
  (use "git restore --staged <file>..." to unstage)
	modified:   BackJoon/test.js
	modified:   autopush.sh.log

[master 02ad2b7] git commit auto push
 2 files changed, 34 insertions(+), 30 deletions(-)
 rewrite BackJoon/test.js (92%)
To github.com:JEONGHWANMIN/CodingTest_JS.git
   9c5e6eb..02ad2b7  master -> master
##### AUTO PUSH END #####
##### PUSH START : 2022-06-09 17:50:00 #####
