##### PUSH START : 2022-06-03 17:50:00 #####
On branch master
Your branch is ahead of 'origin/master' by 26 commits.
  (use "git push" to publish your local commits)

Changes to be committed:
  (use "git restore --staged <file>..." to unstage)
	modified:   BackJoon/Input.txt
	new file:   BackJoon/recursion/4.2447.ts
	new file:   BackJoon/recursion/5.11729.ts
	modified:   BackJoon/test.js
	modified:   autopush.sh
	modified:   autopush.sh.log

[master f7efbc3] git commit auto push
 6 files changed, 61 insertions(+), 70 deletions(-)
 create mode 100644 BackJoon/recursion/4.2447.ts
 create mode 100644 BackJoon/recursion/5.11729.ts
 rewrite BackJoon/test.js (98%)
 rewrite autopush.sh.log (100%)
To github.com:JEONGHWANMIN/CodingTest_JS.git
   c6fe207..f7efbc3  master -> master
##### AUTO PUSH END #####
##### PUSH START : 2022-06-06 17:50:00 #####
On branch master
Your branch is up to date with 'origin/master'.

Changes to be committed:
  (use "git restore --staged <file>..." to unstage)
	modified:   autopush.sh.log

[master cc3f296] git commit auto push
 1 file changed, 1 insertion(+)
To github.com:JEONGHWANMIN/CodingTest_JS.git
   535a467..cc3f296  master -> master
##### AUTO PUSH END #####
##### PUSH START : 2022-06-07 17:50:00 #####
On branch master
Your branch is ahead of 'origin/master' by 1 commit.
  (use "git push" to publish your local commits)

Changes to be committed:
  (use "git restore --staged <file>..." to unstage)
	modified:   BackJoon/test.js
	modified:   autopush.sh.log

[master 9c5e6eb] git commit auto push
 2 files changed, 43 insertions(+), 15 deletions(-)
 rewrite BackJoon/test.js (97%)
To github.com:JEONGHWANMIN/CodingTest_JS.git
   cc3f296..9c5e6eb  master -> master
##### AUTO PUSH END #####
##### PUSH START : 2022-06-08 17:50:00 #####
On branch master
Your branch is ahead of 'origin/master' by 2 commits.
  (use "git push" to publish your local commits)

Changes to be committed:
  (use "git restore --staged <file>..." to unstage)
	modified:   BackJoon/test.js
	modified:   autopush.sh.log

[master 02ad2b7] git commit auto push
 2 files changed, 34 insertions(+), 30 deletions(-)
 rewrite BackJoon/test.js (92%)
To github.com:JEONGHWANMIN/CodingTest_JS.git
   9c5e6eb..02ad2b7  master -> master
##### AUTO PUSH END #####
##### PUSH START : 2022-06-09 17:50:00 #####
On branch master
Your branch is ahead of 'origin/master' by 3 commits.
  (use "git push" to publish your local commits)

Changes to be committed:
  (use "git restore --staged <file>..." to unstage)
	modified:   BackJoon/test.js
	modified:   autopush.sh.log

[master c7cc068] git commit auto push
 2 files changed, 45 insertions(+), 18 deletions(-)
 rewrite BackJoon/test.js (83%)
To github.com:JEONGHWANMIN/CodingTest_JS.git
   02ad2b7..c7cc068  master -> master
##### AUTO PUSH END #####
##### PUSH START : 2022-06-10 17:50:00 #####
On branch master
Your branch is ahead of 'origin/master' by 4 commits.
  (use "git push" to publish your local commits)

Changes to be committed:
  (use "git restore --staged <file>..." to unstage)
	modified:   BackJoon/Input.txt
	modified:   BackJoon/brute_force/2.2231.ts
	new file:   BackJoon/brute_force/3.7568.ts
	new file:   BackJoon/brute_force/4.1018.ts
	modified:   BackJoon/test.js
	modified:   autopush.sh.log

[master 6cfbdf0] git commit auto push
 6 files changed, 96 insertions(+), 30 deletions(-)
 create mode 100644 BackJoon/brute_force/3.7568.ts
 create mode 100644 BackJoon/brute_force/4.1018.ts
 rewrite BackJoon/test.js (92%)
To github.com:JEONGHWANMIN/CodingTest_JS.git
   c7cc068..6cfbdf0  master -> master
##### AUTO PUSH END #####
##### PUSH START : 2022-06-12 17:50:01 #####
On branch master
Your branch is ahead of 'origin/master' by 5 commits.
  (use "git push" to publish your local commits)

Changes to be committed:
  (use "git restore --staged <file>..." to unstage)
	modified:   BackJoon/brute_force/4.1018.ts
	modified:   autopush.sh.log

[master 5b3e08b] git commit auto push
 2 files changed, 30 insertions(+), 3 deletions(-)
To github.com:JEONGHWANMIN/CodingTest_JS.git
   6cfbdf0..5b3e08b  master -> master
##### AUTO PUSH END #####
##### PUSH START : 2022-06-13 17:50:00 #####
On branch master
Your branch is ahead of 'origin/master' by 6 commits.
  (use "git push" to publish your local commits)

Changes to be committed:
  (use "git restore --staged <file>..." to unstage)
	modified:   BackJoon/brute_force/4.1018.ts
	modified:   autopush.sh.log

[master c5b5bf4] git commit auto push
 2 files changed, 19 insertions(+), 8 deletions(-)
To github.com:JEONGHWANMIN/CodingTest_JS.git
   5b3e08b..c5b5bf4  master -> master
##### AUTO PUSH END #####
##### PUSH START : 2022-06-14 17:50:01 #####
On branch master
Your branch is ahead of 'origin/master' by 7 commits.
  (use "git push" to publish your local commits)

Changes to be committed:
  (use "git restore --staged <file>..." to unstage)
	modified:   BackJoon/test.js
	modified:   autopush.sh.log

[master 6751fc7] git commit auto push
 2 files changed, 35 insertions(+), 26 deletions(-)
 rewrite BackJoon/test.js (89%)
To github.com:JEONGHWANMIN/CodingTest_JS.git
   c5b5bf4..6751fc7  master -> master
##### AUTO PUSH END #####
##### PUSH START : 2022-06-15 17:50:01 #####
On branch master
Your branch is ahead of 'origin/master' by 8 commits.
  (use "git push" to publish your local commits)

Changes to be committed:
  (use "git restore --staged <file>..." to unstage)
	modified:   autopush.sh.log

[master ebf13f5] git commit auto push
 1 file changed, 16 insertions(+)
To github.com:JEONGHWANMIN/CodingTest_JS.git
   6751fc7..ebf13f5  master -> master
##### AUTO PUSH END #####
##### PUSH START : 2022-06-16 17:50:01 #####
On branch master
Your branch is ahead of 'origin/master' by 9 commits.
  (use "git push" to publish your local commits)

Changes to be committed:
  (use "git restore --staged <file>..." to unstage)
	modified:   BackJoon/test.js
	modified:   autopush.sh.log

[master 0f6fcf9] git commit auto push
 2 files changed, 38 insertions(+), 20 deletions(-)
 rewrite BackJoon/test.js (87%)
To github.com:JEONGHWANMIN/CodingTest_JS.git
   ebf13f5..0f6fcf9  master -> master
##### AUTO PUSH END #####
##### PUSH START : 2022-06-17 17:50:00 #####
On branch master
Your branch is ahead of 'origin/master' by 10 commits.
  (use "git push" to publish your local commits)

Changes to be committed:
  (use "git restore --staged <file>..." to unstage)
	modified:   autopush.sh.log

[master eb4407a] git commit auto push
 1 file changed, 16 insertions(+)
To github.com:JEONGHWANMIN/CodingTest_JS.git
   0f6fcf9..eb4407a  master -> master
##### AUTO PUSH END #####
##### PUSH START : 2022-06-20 17:50:00 #####
On branch master
Your branch is ahead of 'origin/master' by 11 commits.
  (use "git push" to publish your local commits)

Changes to be committed:
  (use "git restore --staged <file>..." to unstage)
	modified:   BackJoon/Input.txt
	modified:   BackJoon/brute_force/4.1018.ts
	new file:   BackJoon/brute_force/5.1436.ts
	new file:   BackJoon/sort/1.2750.ts
	new file:   BackJoon/sort/2.2751.ts
	new file:   Koflit/18_searchNumber.js
	modified:   autopush.sh.log

[master ab5d3b5] git commit auto push
 7 files changed, 183 insertions(+), 27 deletions(-)
 rewrite BackJoon/brute_force/4.1018.ts (62%)
 create mode 100644 BackJoon/brute_force/5.1436.ts
 create mode 100644 BackJoon/sort/1.2750.ts
 create mode 100644 BackJoon/sort/2.2751.ts
 create mode 100644 Koflit/18_searchNumber.js
To github.com:JEONGHWANMIN/CodingTest_JS.git
   eb4407a..ab5d3b5  master -> master
##### AUTO PUSH END #####
##### PUSH START : 2022-06-21 17:50:01 #####
On branch master
Your branch is ahead of 'origin/master' by 12 commits.
  (use "git push" to publish your local commits)

Changes to be committed:
  (use "git restore --staged <file>..." to unstage)
	new file:   Koflit/19_decryptCaesarCipher.js
	modified:   autopush.sh.log

[master 60dcaaa] git commit auto push
 2 files changed, 49 insertions(+)
 create mode 100644 Koflit/19_decryptCaesarCipher.js
To github.com:JEONGHWANMIN/CodingTest_JS.git
   ab5d3b5..60dcaaa  master -> master
##### AUTO PUSH END #####
##### PUSH START : 2022-06-22 17:50:00 #####
On branch master
Your branch is ahead of 'origin/master' by 13 commits.
  (use "git push" to publish your local commits)

Changes to be committed:
  (use "git restore --staged <file>..." to unstage)
	new file:   Koflit/20_compressString.js
	modified:   autopush.sh.log

[master 48fbb9d] git commit auto push
 2 files changed, 39 insertions(+)
 create mode 100644 Koflit/20_compressString.js
To github.com:JEONGHWANMIN/CodingTest_JS.git
   60dcaaa..48fbb9d  master -> master
##### AUTO PUSH END #####
##### PUSH START : 2022-06-23 17:50:00 #####
On branch master
Your branch is ahead of 'origin/master' by 14 commits.
  (use "git push" to publish your local commits)

Changes to be committed:
  (use "git restore --staged <file>..." to unstage)
	new file:   Koflit/1_largestProductOfThree.js
	new file:   Koflit/test.js
	modified:   autopush.sh.log

[master 7d83008] git commit auto push
 3 files changed, 57 insertions(+)
 create mode 100644 Koflit/1_largestProductOfThree.js
 create mode 100644 Koflit/test.js
To github.com:JEONGHWANMIN/CodingTest_JS.git
   48fbb9d..7d83008  master -> master
##### AUTO PUSH END #####
##### PUSH START : 2022-06-24 17:50:00 #####
On branch master
Your branch is ahead of 'origin/master' by 15 commits.
  (use "git push" to publish your local commits)

Changes to be committed:
  (use "git restore --staged <file>..." to unstage)
	new file:   Koflit/02_fibonacci.js
	new file:   Koflit/13_recursion.js
	new file:   Koflit/14_recursion.js
	new file:   Koflit/15_recursion.js
	modified:   autopush.sh.log

[master 769511c] git commit auto push
 5 files changed, 104 insertions(+)
 create mode 100644 Koflit/02_fibonacci.js
 create mode 100644 Koflit/13_recursion.js
 create mode 100644 Koflit/14_recursion.js
 create mode 100644 Koflit/15_recursion.js
To github.com:JEONGHWANMIN/CodingTest_JS.git
   7d83008..769511c  master -> master
##### AUTO PUSH END #####
##### PUSH START : 2022-06-25 17:50:00 #####
On branch master
Your branch is ahead of 'origin/master' by 16 commits.
  (use "git push" to publish your local commits)

Changes to be committed:
  (use "git restore --staged <file>..." to unstage)
	modified:   autopush.sh.log

[master c9ad209] git commit auto push
 1 file changed, 22 insertions(+)
To github.com:JEONGHWANMIN/CodingTest_JS.git
   769511c..c9ad209  master -> master
##### AUTO PUSH END #####
##### PUSH START : 2022-06-27 17:50:00 #####
On branch master
Your branch is up to date with 'origin/master'.

Changes to be committed:
  (use "git restore --staged <file>..." to unstage)
	modified:   BackJoon/Input.txt
	new file:   Koflit/bubbleSort.js
	modified:   autopush.sh.log

[master 756d4c9] git commit auto push
 3 files changed, 47 insertions(+), 2 deletions(-)
 create mode 100644 Koflit/bubbleSort.js
To github.com:JEONGHWANMIN/CodingTest_JS.git
   18c1bb2..756d4c9  master -> master
##### AUTO PUSH END #####
##### PUSH START : 2022-06-28 17:50:00 #####
On branch master
Your branch is ahead of 'origin/master' by 1 commit.
  (use "git push" to publish your local commits)

Changes to be committed:
  (use "git restore --staged <file>..." to unstage)
	modified:   autopush.sh.log

[master 0670fda] git commit auto push
 1 file changed, 16 insertions(+)
To github.com:JEONGHWANMIN/CodingTest_JS.git
   756d4c9..0670fda  master -> master
##### AUTO PUSH END #####
##### PUSH START : 2022-06-29 17:50:00 #####
On branch master
Your branch is ahead of 'origin/master' by 2 commits.
  (use "git push" to publish your local commits)

Changes to be committed:
  (use "git restore --staged <file>..." to unstage)
	modified:   autopush.sh.log

[master a0f6c7d] git commit auto push
 1 file changed, 14 insertions(+)
To github.com:JEONGHWANMIN/CodingTest_JS.git
   0670fda..a0f6c7d  master -> master
##### AUTO PUSH END #####
##### PUSH START : 2022-06-30 17:50:00 #####
On branch master
Your branch is ahead of 'origin/master' by 3 commits.
  (use "git push" to publish your local commits)

Changes to be committed:
  (use "git restore --staged <file>..." to unstage)
	modified:   BackJoon/Input.txt
	new file:   BackJoon/dp/11726.ts
	modified:   Koflit/test.js
	new file:   Koflit/tree_DFS.js
	modified:   autopush.sh.log

[master 48e9707] git commit auto push
 5 files changed, 84 insertions(+), 17 deletions(-)
 create mode 100644 BackJoon/dp/11726.ts
 create mode 100644 Koflit/tree_DFS.js
To github.com:JEONGHWANMIN/CodingTest_JS.git
   a0f6c7d..48e9707  master -> master
##### AUTO PUSH END #####
##### PUSH START : 2022-07-01 17:50:00 #####
On branch master
Your branch is ahead of 'origin/master' by 4 commits.
  (use "git push" to publish your local commits)

Changes to be committed:
  (use "git restore --staged <file>..." to unstage)
	new file:   Koflit/07_power.js
	modified:   autopush.sh.log

[master eac6d6b] git commit auto push
 2 files changed, 37 insertions(+)
 create mode 100644 Koflit/07_power.js
To github.com:JEONGHWANMIN/CodingTest_JS.git
   48e9707..eac6d6b  master -> master
##### AUTO PUSH END #####
##### PUSH START : 2022-07-03 17:50:01 #####
On branch master
Your branch is up to date with 'origin/master'.

Changes to be committed:
  (use "git restore --staged <file>..." to unstage)
	modified:   BackJoon/Input.txt
	modified:   BackJoon/dp/11726.ts
	new file:   BackJoon/math2/2609.js
	new file:   BackJoon/sort/6.11650.js
	modified:   BackJoon/test.js
	new file:   Koflit/tree_BFS.js
	modified:   autopush.sh.log

[master 4d960bc] git commit auto push
 7 files changed, 130 insertions(+), 25 deletions(-)
 create mode 100644 BackJoon/math2/2609.js
 create mode 100644 BackJoon/sort/6.11650.js
 rewrite BackJoon/test.js (98%)
 create mode 100644 Koflit/tree_BFS.js
To github.com:JEONGHWANMIN/CodingTest_JS.git
   88a62de..4d960bc  master -> master
##### AUTO PUSH END #####
##### PUSH START : 2022-07-04 17:50:01 #####
On branch master
Your branch is ahead of 'origin/master' by 1 commit.
  (use "git push" to publish your local commits)

Changes to be committed:
  (use "git restore --staged <file>..." to unstage)
	modified:   autopush.sh.log

[master 174ae8e] git commit auto push
 1 file changed, 23 insertions(+)
To github.com:JEONGHWANMIN/CodingTest_JS.git
   4d960bc..174ae8e  master -> master
##### AUTO PUSH END #####
##### PUSH START : 2022-07-05 17:50:00 #####
On branch master
Your branch is ahead of 'origin/master' by 2 commits.
  (use "git push" to publish your local commits)

Changes to be committed:
  (use "git restore --staged <file>..." to unstage)
	modified:   BackJoon/Input.txt
	new file:   BackJoon/sort/7.11651.js
	new file:   BackJoon/sort/9.10814.js
	new file:   Koflit/09_rotatedArraySearch.js
	modified:   autopush.sh.log

[master 830af0a] git commit auto push
 5 files changed, 99 insertions(+), 1 deletion(-)
 create mode 100644 BackJoon/sort/7.11651.js
 create mode 100644 BackJoon/sort/9.10814.js
 create mode 100644 Koflit/09_rotatedArraySearch.js
To github.com:JEONGHWANMIN/CodingTest_JS.git
   174ae8e..830af0a  master -> master
##### AUTO PUSH END #####
##### PUSH START : 2022-07-06 17:50:00 #####
On branch master
Your branch is ahead of 'origin/master' by 3 commits.
  (use "git push" to publish your local commits)

Changes to be committed:
  (use "git restore --staged <file>..." to unstage)
	modified:   BackJoon/Input.txt
	new file:   BackJoon/sort/10.18870.js
	modified:   Koflit/09_rotatedArraySearch.js
	new file:   Koflit/10_balancedBrackets.js
	modified:   autopush.sh.log

[master 55f65f3] git commit auto push
 5 files changed, 127 insertions(+), 39 deletions(-)
 create mode 100644 BackJoon/sort/10.18870.js
 rewrite Koflit/09_rotatedArraySearch.js (78%)
 create mode 100644 Koflit/10_balancedBrackets.js
To github.com:JEONGHWANMIN/CodingTest_JS.git
   830af0a..55f65f3  master -> master
##### AUTO PUSH END #####
##### PUSH START : 2022-07-07 17:50:00 #####
On branch master
Your branch is ahead of 'origin/master' by 4 commits.
  (use "git push" to publish your local commits)

Changes to be committed:
  (use "git restore --staged <file>..." to unstage)
	modified:   BackJoon/Input.txt
	new file:   BackJoon/set_map/1.10815.js
	modified:   BackJoon/sort/10.18870.js
	new file:   BackJoon/sort/3.10893.js
	modified:   BackJoon/test.js
	modified:   Koflit/10_balancedBrackets.js
	new file:   Koflit/11_getItemFromTwoSortedArrays.js
	modified:   autopush.sh.log

[master 376617c] git commit auto push
 8 files changed, 216 insertions(+), 71 deletions(-)
 create mode 100644 BackJoon/set_map/1.10815.js
 create mode 100644 BackJoon/sort/3.10893.js
 rewrite Koflit/10_balancedBrackets.js (79%)
 create mode 100644 Koflit/11_getItemFromTwoSortedArrays.js
To github.com:JEONGHWANMIN/CodingTest_JS.git
   55f65f3..376617c  master -> master
##### AUTO PUSH END #####
##### PUSH START : 2022-07-08 17:50:01 #####
On branch master
Your branch is ahead of 'origin/master' by 5 commits.
  (use "git push" to publish your local commits)

Changes to be committed:
  (use "git restore --staged <file>..." to unstage)
	modified:   BackJoon/Input.txt
	new file:   BackJoon/set_map/2.14425.js
	modified:   Koflit/10_balancedBrackets.js
	new file:   Koflit/uglyNumbers.js
	modified:   autopush.sh.log

[master 7d47c1d] git commit auto push
 5 files changed, 111 insertions(+), 8 deletions(-)
 create mode 100644 BackJoon/set_map/2.14425.js
 create mode 100644 Koflit/uglyNumbers.js
To github.com:JEONGHWANMIN/CodingTest_JS.git
   376617c..7d47c1d  master -> master
##### AUTO PUSH END #####
##### PUSH START : 2022-07-09 17:50:00 #####
On branch master
Your branch is ahead of 'origin/master' by 6 commits.
  (use "git push" to publish your local commits)

Changes to be committed:
  (use "git restore --staged <file>..." to unstage)
	modified:   BackJoon/Input.txt
	new file:   BackJoon/set_map/3.1620.js
	new file:   BackJoon/set_map/4.10816.js
	new file:   BackJoon/set_map/5.1764.js
	modified:   autopush.sh.log

[master f82ba9f] git commit auto push
 5 files changed, 117 insertions(+), 17 deletions(-)
 create mode 100644 BackJoon/set_map/3.1620.js
 create mode 100644 BackJoon/set_map/4.10816.js
 create mode 100644 BackJoon/set_map/5.1764.js
To github.com:JEONGHWANMIN/CodingTest_JS.git
   7d47c1d..f82ba9f  master -> master
##### AUTO PUSH END #####
##### PUSH START : 2022-07-10 17:50:00 #####
On branch master
Your branch is ahead of 'origin/master' by 7 commits.
  (use "git push" to publish your local commits)

Changes to be committed:
  (use "git restore --staged <file>..." to unstage)
	modified:   BackJoon/Input.txt
	new file:   BackJoon/set_map/6.1269.js
	new file:   BackJoon/set_map/7.11478.js
	new file:   Koflit/orderOfPresentation.js
	new file:   Koflit/powerSet.js
	modified:   Koflit/uglyNumbers.js
	modified:   autopush.sh.log

[master 84b1703] git commit auto push
 7 files changed, 198 insertions(+), 8 deletions(-)
 create mode 100644 BackJoon/set_map/6.1269.js
 create mode 100644 BackJoon/set_map/7.11478.js
 create mode 100644 Koflit/orderOfPresentation.js
 create mode 100644 Koflit/powerSet.js
To github.com:JEONGHWANMIN/CodingTest_JS.git
   f82ba9f..84b1703  master -> master
##### AUTO PUSH END #####
##### PUSH START : 2022-07-12 17:50:00 #####
On branch master
Your branch is up to date with 'origin/master'.

Changes to be committed:
  (use "git restore --staged <file>..." to unstage)
	modified:   BackJoon/Input.txt
	modified:   BackJoon/permu_combi/1037.js
	new file:   BackJoon/permu_combi/1934.js
	modified:   autopush.sh.log

[master e67f720] git commit auto push
 4 files changed, 38 insertions(+), 4 deletions(-)
 create mode 100644 BackJoon/permu_combi/1934.js
To github.com:JEONGHWANMIN/CodingTest_JS.git
   bfa7c31..e67f720  master -> master
##### AUTO PUSH END #####
##### PUSH START : 2022-07-13 17:50:00 #####
On branch master
Your branch is ahead of 'origin/master' by 1 commit.
  (use "git push" to publish your local commits)

Changes to be committed:
  (use "git restore --staged <file>..." to unstage)
	new file:   Algo/python/Set.py
	modified:   BackJoon/Input.txt
	modified:   BackJoon/permu_combi/1934.js
	new file:   BackJoon/permu_combi/2981.js
	new file:   BackJoon/permu_combi/3036.js
	modified:   autopush.sh.log

[master d336997] git commit auto push
 6 files changed, 131 insertions(+), 12 deletions(-)
 create mode 100644 Algo/python/Set.py
 create mode 100644 BackJoon/permu_combi/2981.js
 create mode 100644 BackJoon/permu_combi/3036.js
To github.com:JEONGHWANMIN/CodingTest_JS.git
   e67f720..d336997  master -> master
##### AUTO PUSH END #####
##### PUSH START : 2022-07-14 17:50:00 #####
On branch master
Your branch is ahead of 'origin/master' by 2 commits.
  (use "git push" to publish your local commits)

Changes to be committed:
  (use "git restore --staged <file>..." to unstage)
	modified:   BackJoon/Input.txt
	new file:   BackJoon/stack/10773.js
	new file:   Koflit/InsertionSort.js
	deleted:    Koflit/tttt.js
	modified:   autopush.sh.log

[master d77b438] git commit auto push
 5 files changed, 62 insertions(+), 25 deletions(-)
 create mode 100644 BackJoon/stack/10773.js
 create mode 100644 Koflit/InsertionSort.js
 delete mode 100644 Koflit/tttt.js
To github.com:JEONGHWANMIN/CodingTest_JS.git
   d336997..d77b438  master -> master
##### AUTO PUSH END #####
##### PUSH START : 2022-07-15 17:50:00 #####
On branch master
Your branch is ahead of 'origin/master' by 3 commits.
  (use "git push" to publish your local commits)

Changes to be committed:
  (use "git restore --staged <file>..." to unstage)
	new file:   Koflit/Quicksort.js
	modified:   autopush.sh.log

[master 18ead5a] git commit auto push
 2 files changed, 24 insertions(+)
 create mode 100644 Koflit/Quicksort.js
To github.com:JEONGHWANMIN/CodingTest_JS.git
   d77b438..18ead5a  master -> master
##### AUTO PUSH END #####
##### PUSH START : 2022-07-16 17:50:00 #####
On branch master
Your branch is ahead of 'origin/master' by 4 commits.
  (use "git push" to publish your local commits)

Changes to be committed:
  (use "git restore --staged <file>..." to unstage)
	new file:   Algo/python/QuickSort.py
	modified:   Koflit/Quicksort.js
	modified:   autopush.sh.log

[master 19ba564] git commit auto push
 3 files changed, 56 insertions(+), 1 deletion(-)
 create mode 100644 Algo/python/QuickSort.py
To github.com:JEONGHWANMIN/CodingTest_JS.git
   18ead5a..19ba564  master -> master
##### AUTO PUSH END #####
##### PUSH START : 2022-07-17 17:50:00 #####
On branch master
Your branch is ahead of 'origin/master' by 5 commits.
  (use "git push" to publish your local commits)

Changes to be committed:
  (use "git restore --staged <file>..." to unstage)
	modified:   autopush.sh.log

[master cd9f847] git commit auto push
 1 file changed, 17 insertions(+)
To github.com:JEONGHWANMIN/CodingTest_JS.git
   19ba564..cd9f847  master -> master
##### AUTO PUSH END #####
##### PUSH START : 2022-07-18 17:50:00 #####
On branch master
Your branch is ahead of 'origin/master' by 6 commits.
  (use "git push" to publish your local commits)

Changes to be committed:
  (use "git restore --staged <file>..." to unstage)
	modified:   autopush.sh.log

[master 03b4af6] git commit auto push
 1 file changed, 14 insertions(+)
To github.com:JEONGHWANMIN/CodingTest_JS.git
   cd9f847..03b4af6  master -> master
##### AUTO PUSH END #####
##### PUSH START : 2022-07-19 17:50:00 #####
On branch master
Your branch is ahead of 'origin/master' by 7 commits.
  (use "git push" to publish your local commits)

Changes to be committed:
  (use "git restore --staged <file>..." to unstage)
	modified:   autopush.sh.log

[master 56ae045] git commit auto push
 1 file changed, 14 insertions(+)
To github.com:JEONGHWANMIN/CodingTest_JS.git
   03b4af6..56ae045  master -> master
##### AUTO PUSH END #####
##### PUSH START : 2022-07-20 17:50:00 #####
On branch master
Your branch is ahead of 'origin/master' by 8 commits.
  (use "git push" to publish your local commits)

Changes to be committed:
  (use "git restore --staged <file>..." to unstage)
	modified:   autopush.sh.log

[master e3636ab] git commit auto push
 1 file changed, 14 insertions(+)
To github.com:JEONGHWANMIN/CodingTest_JS.git
   56ae045..e3636ab  master -> master
##### AUTO PUSH END #####
##### PUSH START : 2022-07-21 17:50:00 #####
On branch master
Your branch is ahead of 'origin/master' by 9 commits.
  (use "git push" to publish your local commits)

Changes to be committed:
  (use "git restore --staged <file>..." to unstage)
	modified:   autopush.sh.log

[master be36bf2] git commit auto push
 1 file changed, 14 insertions(+)
To github.com:JEONGHWANMIN/CodingTest_JS.git
   e3636ab..be36bf2  master -> master
##### AUTO PUSH END #####
##### PUSH START : 2022-07-22 17:50:01 #####
On branch master
Your branch is ahead of 'origin/master' by 10 commits.
  (use "git push" to publish your local commits)

Changes to be committed:
  (use "git restore --staged <file>..." to unstage)
	modified:   autopush.sh.log

[master f21aa64] git commit auto push
 1 file changed, 14 insertions(+)
To github.com:JEONGHWANMIN/CodingTest_JS.git
   be36bf2..f21aa64  master -> master
##### AUTO PUSH END #####
##### PUSH START : 2022-07-24 17:50:00 #####
On branch master
Your branch is ahead of 'origin/master' by 11 commits.
  (use "git push" to publish your local commits)

Changes to be committed:
  (use "git restore --staged <file>..." to unstage)
	modified:   autopush.sh.log

[master 5fa82b2] git commit auto push
 1 file changed, 14 insertions(+)
To github.com:JEONGHWANMIN/CodingTest_JS.git
   f21aa64..5fa82b2  master -> master
##### AUTO PUSH END #####
##### PUSH START : 2022-07-25 17:50:00 #####
On branch master
Your branch is ahead of 'origin/master' by 12 commits.
  (use "git push" to publish your local commits)

Changes to be committed:
  (use "git restore --staged <file>..." to unstage)
	modified:   BackJoon/Input.txt
	new file:   BackJoon/bfs/1012.js
	new file:   BackJoon/bfs/2178.js
	modified:   autopush.sh.log

[master ab793a4] git commit auto push
 4 files changed, 114 insertions(+), 5 deletions(-)
 create mode 100644 BackJoon/bfs/1012.js
 create mode 100644 BackJoon/bfs/2178.js
To github.com:JEONGHWANMIN/CodingTest_JS.git
   5fa82b2..ab793a4  master -> master
##### AUTO PUSH END #####
##### PUSH START : 2022-07-26 17:50:00 #####
On branch master
Your branch is ahead of 'origin/master' by 13 commits.
  (use "git push" to publish your local commits)

Changes to be committed:
  (use "git restore --staged <file>..." to unstage)
	modified:   BackJoon/bfs/1012.js
	modified:   autopush.sh.log

[master a58b569] git commit auto push
 2 files changed, 26 insertions(+), 3 deletions(-)
To github.com:JEONGHWANMIN/CodingTest_JS.git
   ab793a4..a58b569  master -> master
##### AUTO PUSH END #####
##### PUSH START : 2022-07-27 17:50:00 #####
On branch master
Your branch is ahead of 'origin/master' by 14 commits.
  (use "git push" to publish your local commits)

Changes to be committed:
  (use "git restore --staged <file>..." to unstage)
	modified:   autopush.sh.log

[master 6294cd2] git commit auto push
 1 file changed, 15 insertions(+)
To github.com:JEONGHWANMIN/CodingTest_JS.git
   a58b569..6294cd2  master -> master
##### AUTO PUSH END #####
##### PUSH START : 2022-07-28 17:50:00 #####
On branch master
Your branch is ahead of 'origin/master' by 15 commits.
  (use "git push" to publish your local commits)

Changes to be committed:
  (use "git restore --staged <file>..." to unstage)
	modified:   BackJoon/Input.txt
	new file:   BackJoon/permu_combi/11050.js
	modified:   autopush.sh.log

[master 9daeb68] git commit auto push
 3 files changed, 35 insertions(+), 21 deletions(-)
 create mode 100644 BackJoon/permu_combi/11050.js
To github.com:JEONGHWANMIN/CodingTest_JS.git
   6294cd2..9daeb68  master -> master
##### AUTO PUSH END #####
##### PUSH START : 2022-07-29 17:50:00 #####
On branch master
Your branch is ahead of 'origin/master' by 16 commits.
  (use "git push" to publish your local commits)

Changes to be committed:
  (use "git restore --staged <file>..." to unstage)
	modified:   autopush.sh.log

[master 00f3d39] git commit auto push
 1 file changed, 17 insertions(+)
To github.com:JEONGHWANMIN/CodingTest_JS.git
   9daeb68..00f3d39  master -> master
##### AUTO PUSH END #####
##### PUSH START : 2022-07-30 17:50:00 #####
On branch master
Your branch is ahead of 'origin/master' by 17 commits.
  (use "git push" to publish your local commits)

Changes to be committed:
  (use "git restore --staged <file>..." to unstage)
	modified:   autopush.sh.log

[master 3085587] git commit auto push
 1 file changed, 14 insertions(+)
To github.com:JEONGHWANMIN/CodingTest_JS.git
   00f3d39..3085587  master -> master
##### AUTO PUSH END #####
##### PUSH START : 2022-07-31 17:50:00 #####
On branch master
Your branch is ahead of 'origin/master' by 18 commits.
  (use "git push" to publish your local commits)

Changes to be committed:
  (use "git restore --staged <file>..." to unstage)
	new file:   Algo/maxBinaryHeap.js
	modified:   autopush.sh.log

[master 597cce2] git commit auto push
 2 files changed, 85 insertions(+)
 create mode 100644 Algo/maxBinaryHeap.js
To github.com:JEONGHWANMIN/CodingTest_JS.git
   3085587..597cce2  master -> master
##### AUTO PUSH END #####
##### PUSH START : 2022-08-01 17:50:00 #####
On branch master
Your branch is ahead of 'origin/master' by 19 commits.
  (use "git push" to publish your local commits)

Changes to be committed:
  (use "git restore --staged <file>..." to unstage)
	modified:   BackJoon/Input.txt
	new file:   BackJoon/dp/1912.js
	new file:   BackJoon/heap/11279.js
	deleted:    BackJoon/nodejsInput.txt
	deleted:    BackJoon/test.js
	modified:   autopush.sh.log

[master 7ecb15b] git commit auto push
 6 files changed, 133 insertions(+), 114 deletions(-)
 create mode 100644 BackJoon/dp/1912.js
 create mode 100644 BackJoon/heap/11279.js
 delete mode 100644 BackJoon/nodejsInput.txt
 delete mode 100644 BackJoon/test.js
To github.com:JEONGHWANMIN/CodingTest_JS.git
   597cce2..7ecb15b  master -> master
##### AUTO PUSH END #####
##### PUSH START : 2022-08-02 17:50:00 #####
On branch master
Your branch is ahead of 'origin/master' by 20 commits.
  (use "git push" to publish your local commits)

Changes to be committed:
  (use "git restore --staged <file>..." to unstage)
	new file:   Algo/LCS.js
	new file:   Algo/python/LCS.py
	modified:   BackJoon/heap/11279.js
	modified:   autopush.sh.log

[master 7c84cae] git commit auto push
 4 files changed, 83 insertions(+), 20 deletions(-)
 create mode 100644 Algo/LCS.js
 create mode 100644 Algo/python/LCS.py
To github.com:JEONGHWANMIN/CodingTest_JS.git
   7ecb15b..7c84cae  master -> master
##### AUTO PUSH END #####
##### PUSH START : 2022-08-03 17:50:00 #####
On branch master
Your branch is ahead of 'origin/master' by 21 commits.
  (use "git push" to publish your local commits)

Changes to be committed:
  (use "git restore --staged <file>..." to unstage)
	modified:   autopush.sh.log
	new file:   leetcode/Arrays_hashing/1_Two Sum.js
	new file:   leetcode/Arrays_hashing/217_Contains Duplicate.js
	new file:   leetcode/Arrays_hashing/242_Valid Anagram.js

[master 9edd8cc] git commit auto push
 4 files changed, 75 insertions(+)
 create mode 100644 leetcode/Arrays_hashing/1_Two Sum.js
 create mode 100644 leetcode/Arrays_hashing/217_Contains Duplicate.js
 create mode 100644 leetcode/Arrays_hashing/242_Valid Anagram.js
To github.com:JEONGHWANMIN/CodingTest_JS.git
   7c84cae..9edd8cc  master -> master
##### AUTO PUSH END #####
##### PUSH START : 2022-08-04 17:50:00 #####
On branch master
Your branch is up to date with 'origin/master'.

Changes to be committed:
  (use "git restore --staged <file>..." to unstage)
	modified:   autopush.sh.log
	new file:   leetcode/Arrays_hashing/347_TopKFrequentElements.js

[master 3fe05de] git commit auto push
 2 files changed, 26 insertions(+)
 create mode 100644 leetcode/Arrays_hashing/347_TopKFrequentElements.js
To github.com:JEONGHWANMIN/CodingTest_JS.git
   66368cf..3fe05de  master -> master
##### AUTO PUSH END #####
##### PUSH START : 2022-08-05 17:50:00 #####
On branch master
Your branch is ahead of 'origin/master' by 1 commit.
  (use "git push" to publish your local commits)

Changes to be committed:
  (use "git restore --staged <file>..." to unstage)
	modified:   autopush.sh.log

[master 1296e68] git commit auto push
 1 file changed, 15 insertions(+)
To github.com:JEONGHWANMIN/CodingTest_JS.git
   3fe05de..1296e68  master -> master
##### AUTO PUSH END #####
##### PUSH START : 2022-08-06 17:50:00 #####
On branch master
Your branch is ahead of 'origin/master' by 2 commits.
  (use "git push" to publish your local commits)

Changes to be committed:
  (use "git restore --staged <file>..." to unstage)
	new file:   Algo/test.js
	modified:   autopush.sh.log
	new file:   leetcode/Arrays_hashing/longestConsecutive.js

[master 2e8936d] git commit auto push
 3 files changed, 32 insertions(+)
 create mode 100644 Algo/test.js
 create mode 100644 leetcode/Arrays_hashing/longestConsecutive.js
To github.com:JEONGHWANMIN/CodingTest_JS.git
   1296e68..2e8936d  master -> master
##### AUTO PUSH END #####
##### PUSH START : 2022-08-08 17:50:00 #####
On branch master
Your branch is up to date with 'origin/master'.

Changes to be committed:
  (use "git restore --staged <file>..." to unstage)
	modified:   autopush.sh.log
	new file:   leetcode/sliding_window/121_BestTimetoBuyandSellStock.js

[master ef56b88] git commit auto push
 2 files changed, 47 insertions(+)
 create mode 100644 leetcode/sliding_window/121_BestTimetoBuyandSellStock.js
To github.com:JEONGHWANMIN/CodingTest_JS.git
   a23e182..ef56b88  master -> master
##### AUTO PUSH END #####
##### PUSH START : 2022-08-09 17:50:00 #####
On branch master
Your branch is ahead of 'origin/master' by 1 commit.
  (use "git push" to publish your local commits)

Changes to be committed:
  (use "git restore --staged <file>..." to unstage)
	modified:   autopush.sh.log

[master f557477] git commit auto push
 1 file changed, 15 insertions(+)
To github.com:JEONGHWANMIN/CodingTest_JS.git
   ef56b88..f557477  master -> master
##### AUTO PUSH END #####
##### PUSH START : 2022-08-10 17:50:00 #####
On branch master
Your branch is ahead of 'origin/master' by 2 commits.
  (use "git push" to publish your local commits)

Changes to be committed:
  (use "git restore --staged <file>..." to unstage)
	modified:   Algo/test.js
	new file:   Algo/test2.js
	new file:   Algo/test3.js
	new file:   Algo/test4.js
	modified:   autopush.sh.log

[master 4bb0249] git commit auto push
 5 files changed, 132 insertions(+), 3 deletions(-)
 rewrite Algo/test.js (100%)
 create mode 100644 Algo/test2.js
 create mode 100644 Algo/test3.js
 create mode 100644 Algo/test4.js
To github.com:JEONGHWANMIN/CodingTest_JS.git
   f557477..4bb0249  master -> master
##### AUTO PUSH END #####
##### PUSH START : 2022-08-11 17:50:00 #####
On branch master
Your branch is ahead of 'origin/master' by 3 commits.
  (use "git push" to publish your local commits)

Changes to be committed:
  (use "git restore --staged <file>..." to unstage)
	new file:   Algo/GCD.js
	new file:   Algo/python/coins.py
	modified:   Algo/test.js
	modified:   Algo/test4.js
	new file:   Algo/test5.js
	new file:   Algo/test6.js
	new file:   Algo/test7.js
	new file:   Algo/test8.js
	new file:   Algo/test9.js
	modified:   autopush.sh.log

[master b6f2a3d] git commit auto push
 10 files changed, 298 insertions(+), 59 deletions(-)
 create mode 100644 Algo/GCD.js
 create mode 100644 Algo/python/coins.py
 rewrite Algo/test.js (76%)
 rewrite Algo/test4.js (92%)
 create mode 100644 Algo/test5.js
 create mode 100644 Algo/test6.js
 create mode 100644 Algo/test7.js
 create mode 100644 Algo/test8.js
 create mode 100644 Algo/test9.js
To github.com:JEONGHWANMIN/CodingTest_JS.git
   4bb0249..b6f2a3d  master -> master
##### AUTO PUSH END #####
##### PUSH START : 2022-08-12 17:50:00 #####
On branch master
Your branch is ahead of 'origin/master' by 4 commits.
  (use "git push" to publish your local commits)

Changes to be committed:
  (use "git restore --staged <file>..." to unstage)
	new file:   Algo/browserStack.js
	new file:   Algo/paveBox.js
	new file:   Algo/que.js
	new file:   Algo/queuePrinter.js
	new file:   Algo/stack.js
	modified:   Algo/test6.js
	modified:   autopush.sh.log
	new file:   leetcode/etc/17_letterCombinations.js

[master f3f607e] git commit auto push
 8 files changed, 317 insertions(+), 4 deletions(-)
 create mode 100644 Algo/browserStack.js
 create mode 100644 Algo/paveBox.js
 create mode 100644 Algo/que.js
 create mode 100644 Algo/queuePrinter.js
 create mode 100644 Algo/stack.js
 create mode 100644 leetcode/etc/17_letterCombinations.js
To github.com:JEONGHWANMIN/CodingTest_JS.git
   b6f2a3d..f3f607e  master -> master
##### AUTO PUSH END #####
##### PUSH START : 2022-08-14 17:50:00 #####
warning: adding embedded git repository: Koflit/daily-coding
hint: You've added another git repository inside your current repository.
hint: Clones of the outer repository will not contain the contents of
hint: the embedded repository and will not know how to obtain it.
hint: If you meant to add a submodule, use:
hint: 
hint: 	git submodule add <url> Koflit/daily-coding
hint: 
hint: If you added this path by mistake, you can remove it from the
hint: index with:
hint: 
hint: 	git rm --cached Koflit/daily-coding
hint: 
hint: See "git help submodule" for more information.
On branch master
Your branch is up to date with 'origin/master'.

Changes to be committed:
  (use "git restore --staged <file>..." to unstage)
	new file:   Koflit/daily-coding
	modified:   autopush.sh.log
	new file:   leetcode/etc/12.IntegertoRoman.js
	new file:   leetcode/sliding_window/3.Longest SubstringWithoutRepeatingCharacters.js

Changes not staged for commit:
  (use "git add <file>..." to update what will be committed)
  (use "git restore <file>..." to discard changes in working directory)
  (commit or discard the untracked or modified content in submodules)
	modified:   Koflit/daily-coding (modified content)
	modified:   autopush.sh.log

[master 220e660] git commit auto push
 4 files changed, 95 insertions(+)
 create mode 160000 Koflit/daily-coding
 create mode 100644 leetcode/etc/12.IntegertoRoman.js
 create mode 100644 leetcode/sliding_window/3.Longest SubstringWithoutRepeatingCharacters.js
To github.com:JEONGHWANMIN/CodingTest_JS.git
   7f3a587..220e660  master -> master
##### AUTO PUSH END #####
##### PUSH START : 2022-08-15 17:50:00 #####
On branch master
Your branch is up to date with 'origin/master'.

Changes to be committed:
  (use "git restore --staged <file>..." to unstage)
	modified:   autopush.sh.log
	modified:   leetcode/sliding_window/3.Longest SubstringWithoutRepeatingCharacters.js
	new file:   leetcode/sliding_window/424.LongestRepeatingCharacterReplacement.js

Changes not staged for commit:
  (use "git add <file>..." to update what will be committed)
  (use "git restore <file>..." to discard changes in working directory)
  (commit or discard the untracked or modified content in submodules)
	modified:   Koflit/daily-coding (modified content)

[master b5bbd9c] git commit auto push
 3 files changed, 80 insertions(+)
 create mode 100644 leetcode/sliding_window/424.LongestRepeatingCharacterReplacement.js
To github.com:JEONGHWANMIN/CodingTest_JS.git
   b371403..b5bbd9c  master -> master
##### AUTO PUSH END #####
##### PUSH START : 2022-08-16 17:50:00 #####
On branch master
Your branch is up to date with 'origin/master'.

Changes to be committed:
  (use "git restore --staged <file>..." to unstage)
	new file:   Algo/createMatrix.js
	new file:   Algo/dfs-bfs.js
	new file:   Algo/getDirections.js
	new file:   Algo/graph.js
	modified:   autopush.sh.log
	new file:   leetcode/trees/226.InvertBinaryTree.js

Changes not staged for commit:
  (use "git add <file>..." to update what will be committed)
  (use "git restore <file>..." to discard changes in working directory)
  (commit or discard the untracked or modified content in submodules)
	modified:   Koflit/daily-coding (modified content)

[master 772f94c] git commit auto push
 6 files changed, 278 insertions(+)
 create mode 100644 Algo/createMatrix.js
 create mode 100644 Algo/dfs-bfs.js
 create mode 100644 Algo/getDirections.js
 create mode 100644 Algo/graph.js
 create mode 100644 leetcode/trees/226.InvertBinaryTree.js
To github.com:JEONGHWANMIN/CodingTest_JS.git
   8974412..772f94c  master -> master
##### AUTO PUSH END #####
##### PUSH START : 2022-08-17 17:50:01 #####
On branch master
Your branch is ahead of 'origin/master' by 1 commit.
  (use "git push" to publish your local commits)

Changes to be committed:
  (use "git restore --staged <file>..." to unstage)
	modified:   autopush.sh.log

Changes not staged for commit:
  (use "git add <file>..." to update what will be committed)
  (use "git restore <file>..." to discard changes in working directory)
  (commit or discard the untracked or modified content in submodules)
	modified:   Koflit/daily-coding (modified content)

[master 19d4ed5] git commit auto push
 1 file changed, 29 insertions(+)
To github.com:JEONGHWANMIN/CodingTest_JS.git
   772f94c..19d4ed5  master -> master
##### AUTO PUSH END #####
##### PUSH START : 2022-08-18 17:50:01 #####
On branch master
Your branch is ahead of 'origin/master' by 2 commits.
  (use "git push" to publish your local commits)

Changes to be committed:
  (use "git restore --staged <file>..." to unstage)
	modified:   autopush.sh.log

Changes not staged for commit:
  (use "git add <file>..." to update what will be committed)
  (use "git restore <file>..." to discard changes in working directory)
  (commit or discard the untracked or modified content in submodules)
	modified:   Koflit/daily-coding (modified content)

[master ec6aac8] git commit auto push
 1 file changed, 20 insertions(+)
To github.com:JEONGHWANMIN/CodingTest_JS.git
   19d4ed5..ec6aac8  master -> master
##### AUTO PUSH END #####
##### PUSH START : 2022-08-19 17:50:00 #####
On branch master
Your branch is up to date with 'origin/master'.

Changes to be committed:
  (use "git restore --staged <file>..." to unstage)
	modified:   autopush.sh.log

Changes not staged for commit:
  (use "git add <file>..." to update what will be committed)
  (use "git restore <file>..." to discard changes in working directory)
  (commit or discard the untracked or modified content in submodules)
	modified:   Koflit/daily-coding (modified content)

[master e20fc03] git commit auto push
 1 file changed, 20 insertions(+)
To github.com:JEONGHWANMIN/CodingTest_JS.git
   b3092c4..e20fc03  master -> master
##### AUTO PUSH END #####
##### PUSH START : 2022-08-20 17:55:20 #####
On branch master
Your branch is ahead of 'origin/master' by 1 commit.
  (use "git push" to publish your local commits)

Changes to be committed:
  (use "git restore --staged <file>..." to unstage)
	modified:   autopush.sh.log

Changes not staged for commit:
  (use "git add <file>..." to update what will be committed)
  (use "git restore <file>..." to discard changes in working directory)
  (commit or discard the untracked or modified content in submodules)
	modified:   Koflit/daily-coding (modified content)

[master 0bf865e] git commit auto push
 1 file changed, 19 insertions(+)
ssh: connect to host github.com port 22: Undefined error: 0
fatal: Could not read from remote repository.

Please make sure you have the correct access rights
and the repository exists.
##### AUTO PUSH END #####
##### PUSH START : 2022-08-21 17:50:00 #####
On branch master
Your branch is ahead of 'origin/master' by 2 commits.
  (use "git push" to publish your local commits)

Changes to be committed:
  (use "git restore --staged <file>..." to unstage)
	modified:   autopush.sh.log

Changes not staged for commit:
  (use "git add <file>..." to update what will be committed)
  (use "git restore <file>..." to discard changes in working directory)
  (commit or discard the untracked or modified content in submodules)
	modified:   Koflit/daily-coding (modified content)

[master 797725b] git commit auto push
 1 file changed, 23 insertions(+)
To github.com:JEONGHWANMIN/CodingTest_JS.git
   e20fc03..797725b  master -> master
##### AUTO PUSH END #####
##### PUSH START : 2022-08-23 17:50:01 #####
On branch master
Your branch is up to date with 'origin/master'.

Changes to be committed:
  (use "git restore --staged <file>..." to unstage)
	modified:   autopush.sh.log

Changes not staged for commit:
  (use "git add <file>..." to update what will be committed)
  (use "git restore <file>..." to discard changes in working directory)
  (commit or discard the untracked or modified content in submodules)
	modified:   Koflit/daily-coding (modified content)

[master 923b146] git commit auto push
 1 file changed, 1 insertion(+)
To github.com:JEONGHWANMIN/CodingTest_JS.git
   dd9e2b9..923b146  master -> master
##### AUTO PUSH END #####
##### PUSH START : 2022-08-24 17:50:00 #####
On branch master
Your branch is ahead of 'origin/master' by 1 commit.
  (use "git push" to publish your local commits)

Changes to be committed:
  (use "git restore --staged <file>..." to unstage)
	modified:   autopush.sh.log

Changes not staged for commit:
  (use "git add <file>..." to update what will be committed)
  (use "git restore <file>..." to discard changes in working directory)
  (commit or discard the untracked or modified content in submodules)
	modified:   Koflit/daily-coding (modified content)

[master 0373c08] git commit auto push
 1 file changed, 19 insertions(+)
To github.com:JEONGHWANMIN/CodingTest_JS.git
   923b146..0373c08  master -> master
##### AUTO PUSH END #####
##### PUSH START : 2022-08-25 17:50:00 #####
On branch master
Your branch is ahead of 'origin/master' by 2 commits.
  (use "git push" to publish your local commits)

Changes to be committed:
  (use "git restore --staged <file>..." to unstage)
	modified:   autopush.sh.log

Changes not staged for commit:
  (use "git add <file>..." to update what will be committed)
  (use "git restore <file>..." to discard changes in working directory)
  (commit or discard the untracked or modified content in submodules)
	modified:   Koflit/daily-coding (modified content)

[master 8aede68] git commit auto push
 1 file changed, 20 insertions(+)
To github.com:JEONGHWANMIN/CodingTest_JS.git
   0373c08..8aede68  master -> master
##### AUTO PUSH END #####
##### PUSH START : 2022-08-26 17:50:00 #####
On branch master
Your branch is ahead of 'origin/master' by 3 commits.
  (use "git push" to publish your local commits)

Changes to be committed:
  (use "git restore --staged <file>..." to unstage)
	modified:   autopush.sh.log

Changes not staged for commit:
  (use "git add <file>..." to update what will be committed)
  (use "git restore <file>..." to discard changes in working directory)
  (commit or discard the untracked or modified content in submodules)
	modified:   Koflit/daily-coding (modified content)

[master 0aa2738] git commit auto push
 1 file changed, 20 insertions(+)
To github.com:JEONGHWANMIN/CodingTest_JS.git
   8aede68..0aa2738  master -> master
##### AUTO PUSH END #####
##### PUSH START : 2022-08-27 17:50:01 #####
On branch master
Your branch is up to date with 'origin/master'.

Changes to be committed:
  (use "git restore --staged <file>..." to unstage)
	modified:   autopush.sh.log

[master 82f9741] git commit auto push
 1 file changed, 1 insertion(+)
To github.com:JEONGHWANMIN/CodingTest_JS.git
   88c0cc2..82f9741  master -> master
##### AUTO PUSH END #####
##### PUSH START : 2022-08-28 17:50:00 #####
On branch master
Your branch is ahead of 'origin/master' by 1 commit.
  (use "git push" to publish your local commits)

Changes to be committed:
  (use "git restore --staged <file>..." to unstage)
	modified:   autopush.sh.log

[master 07ca1fe] git commit auto push
 1 file changed, 13 insertions(+)
To github.com:JEONGHWANMIN/CodingTest_JS.git
   82f9741..07ca1fe  master -> master
##### AUTO PUSH END #####
##### PUSH START : 2022-08-29 17:50:00 #####
On branch master
Your branch is ahead of 'origin/master' by 2 commits.
  (use "git push" to publish your local commits)

Changes to be committed:
  (use "git restore --staged <file>..." to unstage)
	modified:   autopush.sh.log

[master f320ffa] git commit auto push
 1 file changed, 14 insertions(+)
To github.com:JEONGHWANMIN/CodingTest_JS.git
   07ca1fe..f320ffa  master -> master
##### AUTO PUSH END #####
##### PUSH START : 2022-08-30 17:50:00 #####
On branch master
Your branch is ahead of 'origin/master' by 3 commits.
  (use "git push" to publish your local commits)

Changes to be committed:
  (use "git restore --staged <file>..." to unstage)
	modified:   autopush.sh.log

[master cca206b] git commit auto push
 1 file changed, 14 insertions(+)
To github.com:JEONGHWANMIN/CodingTest_JS.git
   f320ffa..cca206b  master -> master
##### AUTO PUSH END #####
##### PUSH START : 2022-08-31 17:50:00 #####
On branch master
Your branch is ahead of 'origin/master' by 4 commits.
  (use "git push" to publish your local commits)

Changes to be committed:
  (use "git restore --staged <file>..." to unstage)
	modified:   autopush.sh.log

[master b0cd68d] git commit auto push
 1 file changed, 14 insertions(+)
To github.com:JEONGHWANMIN/CodingTest_JS.git
   cca206b..b0cd68d  master -> master
##### AUTO PUSH END #####
##### PUSH START : 2022-09-01 17:50:01 #####
On branch master
Your branch is ahead of 'origin/master' by 5 commits.
  (use "git push" to publish your local commits)

Changes to be committed:
  (use "git restore --staged <file>..." to unstage)
	modified:   autopush.sh.log

[master 7b0c445] git commit auto push
 1 file changed, 14 insertions(+)
To github.com:JEONGHWANMIN/CodingTest_JS.git
   b0cd68d..7b0c445  master -> master
##### AUTO PUSH END #####
##### PUSH START : 2022-09-02 17:50:00 #####
On branch master
Your branch is ahead of 'origin/master' by 6 commits.
  (use "git push" to publish your local commits)

Changes to be committed:
  (use "git restore --staged <file>..." to unstage)
	modified:   autopush.sh.log

[master 67fb8ce] git commit auto push
 1 file changed, 14 insertions(+)
To github.com:JEONGHWANMIN/CodingTest_JS.git
   7b0c445..67fb8ce  master -> master
##### AUTO PUSH END #####
##### PUSH START : 2022-09-05 17:50:00 #####
On branch master
Your branch is ahead of 'origin/master' by 7 commits.
  (use "git push" to publish your local commits)

Changes to be committed:
  (use "git restore --staged <file>..." to unstage)
	modified:   autopush.sh.log

[master 7b9f673] git commit auto push
 1 file changed, 14 insertions(+)
To github.com:JEONGHWANMIN/CodingTest_JS.git
   67fb8ce..7b9f673  master -> master
##### AUTO PUSH END #####
##### PUSH START : 2022-09-07 17:50:00 #####
On branch master
Your branch is ahead of 'origin/master' by 8 commits.
  (use "git push" to publish your local commits)

Changes to be committed:
  (use "git restore --staged <file>..." to unstage)
	modified:   autopush.sh.log

[master b429469] git commit auto push
 1 file changed, 14 insertions(+)
To github.com:JEONGHWANMIN/CodingTest_JS.git
   7b9f673..b429469  master -> master
##### AUTO PUSH END #####
##### PUSH START : 2022-09-08 17:50:00 #####
On branch master
Your branch is ahead of 'origin/master' by 9 commits.
  (use "git push" to publish your local commits)

Changes to be committed:
  (use "git restore --staged <file>..." to unstage)
	modified:   autopush.sh.log

[master 0090656] git commit auto push
 1 file changed, 14 insertions(+)
To github.com:JEONGHWANMIN/CodingTest_JS.git
   b429469..0090656  master -> master
##### AUTO PUSH END #####
##### PUSH START : 2022-09-09 17:50:00 #####
On branch master
Your branch is ahead of 'origin/master' by 10 commits.
  (use "git push" to publish your local commits)

Changes to be committed:
  (use "git restore --staged <file>..." to unstage)
	modified:   autopush.sh.log

[master f409365] git commit auto push
 1 file changed, 14 insertions(+)
To github.com:JEONGHWANMIN/CodingTest_JS.git
   0090656..f409365  master -> master
##### AUTO PUSH END #####
##### PUSH START : 2022-09-11 17:50:00 #####
On branch master
Your branch is up to date with 'origin/master'.

Changes to be committed:
  (use "git restore --staged <file>..." to unstage)
	modified:   autopush.sh.log

[master 3701540] git commit auto push
 1 file changed, 1 insertion(+)
To github.com:JEONGHWANMIN/CodingTest_JS.git
   2856dc0..3701540  master -> master
##### AUTO PUSH END #####
##### PUSH START : 2022-09-13 17:50:01 #####
On branch master
Your branch is up to date with 'origin/master'.

Changes to be committed:
  (use "git restore --staged <file>..." to unstage)
	modified:   autopush.sh.log

[master 8e5a8c6] git commit auto push
 1 file changed, 1 insertion(+)
To github.com:JEONGHWANMIN/CodingTest_JS.git
   48e660e..8e5a8c6  master -> master
##### AUTO PUSH END #####
##### PUSH START : 2022-09-14 17:50:00 #####
On branch master
Your branch is ahead of 'origin/master' by 1 commit.
  (use "git push" to publish your local commits)

Changes to be committed:
  (use "git restore --staged <file>..." to unstage)
	modified:   autopush.sh.log

[master 7b1e353] git commit auto push
 1 file changed, 13 insertions(+)
To github.com:JEONGHWANMIN/CodingTest_JS.git
   8e5a8c6..7b1e353  master -> master
##### AUTO PUSH END #####
##### PUSH START : 2022-09-15 17:50:00 #####
On branch master
Your branch is ahead of 'origin/master' by 2 commits.
  (use "git push" to publish your local commits)

Changes to be committed:
  (use "git restore --staged <file>..." to unstage)
	modified:   autopush.sh.log

[master dbde6dd] git commit auto push
 1 file changed, 14 insertions(+)
To github.com:JEONGHWANMIN/CodingTest_JS.git
   7b1e353..dbde6dd  master -> master
##### AUTO PUSH END #####
##### PUSH START : 2022-09-16 17:50:01 #####
On branch master
Your branch is ahead of 'origin/master' by 3 commits.
  (use "git push" to publish your local commits)

Changes to be committed:
  (use "git restore --staged <file>..." to unstage)
	modified:   autopush.sh.log

[master ea5e587] git commit auto push
 1 file changed, 14 insertions(+)
To github.com:JEONGHWANMIN/CodingTest_JS.git
   dbde6dd..ea5e587  master -> master
##### AUTO PUSH END #####
##### PUSH START : 2022-09-17 17:50:00 #####
On branch master
Your branch is ahead of 'origin/master' by 4 commits.
  (use "git push" to publish your local commits)

Changes to be committed:
  (use "git restore --staged <file>..." to unstage)
	modified:   autopush.sh.log

[master bc1de69] git commit auto push
 1 file changed, 14 insertions(+)
To github.com:JEONGHWANMIN/CodingTest_JS.git
   ea5e587..bc1de69  master -> master
##### AUTO PUSH END #####
##### PUSH START : 2022-09-19 17:50:00 #####
On branch master
Your branch is ahead of 'origin/master' by 5 commits.
  (use "git push" to publish your local commits)

Changes to be committed:
  (use "git restore --staged <file>..." to unstage)
	modified:   autopush.sh.log

[master 4826c10] git commit auto push
 1 file changed, 14 insertions(+)
To github.com:JEONGHWANMIN/CodingTest_JS.git
   bc1de69..4826c10  master -> master
##### AUTO PUSH END #####
##### PUSH START : 2022-09-20 17:50:00 #####
On branch master
Your branch is ahead of 'origin/master' by 6 commits.
  (use "git push" to publish your local commits)

Changes to be committed:
  (use "git restore --staged <file>..." to unstage)
	modified:   autopush.sh.log

[master d1d556d] git commit auto push
 1 file changed, 14 insertions(+)
To github.com:JEONGHWANMIN/CodingTest_JS.git
   4826c10..d1d556d  master -> master
##### AUTO PUSH END #####
##### PUSH START : 2022-09-21 17:50:00 #####
On branch master
Your branch is ahead of 'origin/master' by 7 commits.
  (use "git push" to publish your local commits)

Changes to be committed:
  (use "git restore --staged <file>..." to unstage)
	modified:   autopush.sh.log

[master 78bdc9e] git commit auto push
 1 file changed, 14 insertions(+)
To github.com:JEONGHWANMIN/CodingTest_JS.git
   d1d556d..78bdc9e  master -> master
##### AUTO PUSH END #####
##### PUSH START : 2022-09-23 17:50:00 #####
On branch master
Your branch is ahead of 'origin/master' by 8 commits.
  (use "git push" to publish your local commits)

Changes to be committed:
  (use "git restore --staged <file>..." to unstage)
	modified:   autopush.sh.log

[master aa7f543] git commit auto push
 1 file changed, 14 insertions(+)
To github.com:JEONGHWANMIN/CodingTest_JS.git
   78bdc9e..aa7f543  master -> master
##### AUTO PUSH END #####
##### PUSH START : 2022-09-26 17:50:01 #####
On branch master
Your branch is up to date with 'origin/master'.

Changes to be committed:
  (use "git restore --staged <file>..." to unstage)
	modified:   autopush.sh.log

[master 6663948] git commit auto push
 1 file changed, 14 insertions(+)
To github.com:JEONGHWANMIN/CodingTest_JS.git
   6fd1e02..6663948  master -> master
##### AUTO PUSH END #####
##### PUSH START : 2022-09-28 17:50:00 #####
On branch master
Your branch is up to date with 'origin/master'.

Changes to be committed:
  (use "git restore --staged <file>..." to unstage)
	modified:   autopush.sh.log

[master 4f4dc1e] git commit auto push
 1 file changed, 13 insertions(+)
To github.com:JEONGHWANMIN/CodingTest_JS.git
   105a1a3..4f4dc1e  master -> master
##### AUTO PUSH END #####
##### PUSH START : 2022-09-30 17:50:00 #####
On branch master
Your branch is up to date with 'origin/master'.

Changes to be committed:
  (use "git restore --staged <file>..." to unstage)
	modified:   autopush.sh.log

[master 277936a] git commit auto push
 1 file changed, 1 insertion(+)
To github.com:JEONGHWANMIN/CodingTest_JS.git
   cca4508..277936a  master -> master
##### AUTO PUSH END #####
##### PUSH START : 2022-10-03 17:50:00 #####
On branch master
Your branch is ahead of 'origin/master' by 1 commit.
  (use "git push" to publish your local commits)

Changes to be committed:
  (use "git restore --staged <file>..." to unstage)
	modified:   autopush.sh.log

[master 4e05196] git commit auto push
 1 file changed, 13 insertions(+)
To github.com:JEONGHWANMIN/CodingTest_JS.git
   277936a..4e05196  master -> master
##### AUTO PUSH END #####
##### PUSH START : 2022-10-04 17:50:00 #####
On branch master
Your branch is up to date with 'origin/master'.

Changes to be committed:
  (use "git restore --staged <file>..." to unstage)
	modified:   autopush.sh.log

[master f1f329b] git commit auto push
 1 file changed, 14 insertions(+)
To github.com:JEONGHWANMIN/CodingTest_JS.git
   4b0dfc1..f1f329b  master -> master
##### AUTO PUSH END #####
##### PUSH START : 2022-10-05 17:50:00 #####
On branch master
Your branch is ahead of 'origin/master' by 1 commit.
  (use "git push" to publish your local commits)

Changes to be committed:
  (use "git restore --staged <file>..." to unstage)
	modified:   autopush.sh.log

[master abcaea0] git commit auto push
 1 file changed, 13 insertions(+)
To github.com:JEONGHWANMIN/CodingTest_JS.git
   f1f329b..abcaea0  master -> master
##### AUTO PUSH END #####
##### PUSH START : 2022-10-06 17:50:00 #####
On branch master
Your branch is ahead of 'origin/master' by 2 commits.
  (use "git push" to publish your local commits)

Changes to be committed:
  (use "git restore --staged <file>..." to unstage)
	modified:   autopush.sh.log

[master dc2543d] git commit auto push
 1 file changed, 14 insertions(+)
To github.com:JEONGHWANMIN/CodingTest_JS.git
   abcaea0..dc2543d  master -> master
##### AUTO PUSH END #####
##### PUSH START : 2022-10-07 17:50:00 #####
On branch master
Your branch is ahead of 'origin/master' by 3 commits.
  (use "git push" to publish your local commits)

Changes to be committed:
  (use "git restore --staged <file>..." to unstage)
	modified:   autopush.sh.log

[master 3bcdb42] git commit auto push
 1 file changed, 14 insertions(+)
To github.com:JEONGHWANMIN/CodingTest_JS.git
   dc2543d..3bcdb42  master -> master
##### AUTO PUSH END #####
##### PUSH START : 2022-10-08 17:50:00 #####
On branch master
Your branch is ahead of 'origin/master' by 4 commits.
  (use "git push" to publish your local commits)

Changes to be committed:
  (use "git restore --staged <file>..." to unstage)
	modified:   autopush.sh.log

[master a081fbd] git commit auto push
 1 file changed, 14 insertions(+)
To github.com:JEONGHWANMIN/CodingTest_JS.git
   3bcdb42..a081fbd  master -> master
##### AUTO PUSH END #####
##### PUSH START : 2022-10-11 17:50:00 #####
On branch master
Your branch is up to date with 'origin/master'.

Changes to be committed:
  (use "git restore --staged <file>..." to unstage)
	modified:   autopush.sh.log

[master 66e0370] git commit auto push
 1 file changed, 1 insertion(+)
To github.com:JEONGHWANMIN/CodingTest_JS.git
   8af0a2b..66e0370  master -> master
##### AUTO PUSH END #####
##### PUSH START : 2022-10-15 17:51:45 #####
On branch master
Your branch is ahead of 'origin/master' by 1 commit.
  (use "git push" to publish your local commits)

Changes to be committed:
  (use "git restore --staged <file>..." to unstage)
	modified:   autopush.sh.log

[master 28aafbb] git commit auto push
 1 file changed, 13 insertions(+)
To github.com:JEONGHWANMIN/CodingTest_JS.git
   66e0370..28aafbb  master -> master
##### AUTO PUSH END #####
##### PUSH START : 2022-10-17 17:50:00 #####
On branch master
Your branch is ahead of 'origin/master' by 2 commits.
  (use "git push" to publish your local commits)

Changes to be committed:
  (use "git restore --staged <file>..." to unstage)
	modified:   autopush.sh.log

[master 8743d80] git commit auto push
 1 file changed, 14 insertions(+)
To github.com:JEONGHWANMIN/CodingTest_JS.git
   28aafbb..8743d80  master -> master
##### AUTO PUSH END #####
##### PUSH START : 2022-10-19 17:50:00 #####
On branch master
Your branch is ahead of 'origin/master' by 3 commits.
  (use "git push" to publish your local commits)

Changes to be committed:
  (use "git restore --staged <file>..." to unstage)
	modified:   autopush.sh.log

[master 6e914c5] git commit auto push
 1 file changed, 14 insertions(+)
To github.com:JEONGHWANMIN/CodingTest_JS.git
   8743d80..6e914c5  master -> master
##### AUTO PUSH END #####
##### PUSH START : 2022-10-20 17:50:00 #####
On branch master
Your branch is ahead of 'origin/master' by 4 commits.
  (use "git push" to publish your local commits)

Changes to be committed:
  (use "git restore --staged <file>..." to unstage)
	modified:   autopush.sh.log

[master 75e74ca] git commit auto push
 1 file changed, 14 insertions(+)
To github.com:JEONGHWANMIN/CodingTest_JS.git
   6e914c5..75e74ca  master -> master
##### AUTO PUSH END #####
##### PUSH START : 2022-10-21 17:50:47 #####
On branch master
Your branch is ahead of 'origin/master' by 5 commits.
  (use "git push" to publish your local commits)

Changes to be committed:
  (use "git restore --staged <file>..." to unstage)
	modified:   autopush.sh.log

[master 2c95de1] git commit auto push
 1 file changed, 14 insertions(+)
ssh: connect to host github.com port 22: Undefined error: 0
fatal: Could not read from remote repository.

Please make sure you have the correct access rights
and the repository exists.
##### AUTO PUSH END #####
##### PUSH START : 2022-10-24 17:50:00 #####
On branch master
Your branch is up to date with 'origin/master'.

Changes to be committed:
  (use "git restore --staged <file>..." to unstage)
	modified:   autopush.sh.log

[master 9f67467] git commit auto push
 1 file changed, 1 insertion(+)
To github.com:JEONGHWANMIN/CodingTest_JS.git
   6c7540c..9f67467  master -> master
##### AUTO PUSH END #####
##### PUSH START : 2022-11-02 17:50:00 #####
On branch master
Your branch is ahead of 'origin/master' by 1 commit.
  (use "git push" to publish your local commits)

Changes to be committed:
  (use "git restore --staged <file>..." to unstage)
	modified:   autopush.sh.log

[master c0b7e8d] git commit auto push
 1 file changed, 13 insertions(+)
To github.com:JEONGHWANMIN/CodingTest_JS.git
   9f67467..c0b7e8d  master -> master
##### AUTO PUSH END #####
##### PUSH START : 2022-11-14 17:50:01 #####
On branch master
Your branch is up to date with 'origin/master'.

Changes to be committed:
  (use "git restore --staged <file>..." to unstage)
	modified:   autopush.sh.log

[master 396eb98] git commit auto push
 1 file changed, 1 insertion(+)
To github.com:JEONGHWANMIN/CodingTest_JS.git
   6de0a4c..396eb98  master -> master
##### AUTO PUSH END #####
##### PUSH START : 2022-11-16 17:50:00 #####
On branch master
Your branch is up to date with 'origin/master'.

Changes to be committed:
  (use "git restore --staged <file>..." to unstage)
	modified:   autopush.sh.log

[master 7e7c053] git commit auto push
 1 file changed, 1 insertion(+)
To github.com:JEONGHWANMIN/CodingTest_JS.git
   8fcb2d4..7e7c053  master -> master
##### AUTO PUSH END #####
##### PUSH START : 2022-11-17 17:50:00 #####
On branch master
Your branch is ahead of 'origin/master' by 1 commit.
  (use "git push" to publish your local commits)

Changes to be committed:
  (use "git restore --staged <file>..." to unstage)
	modified:   autopush.sh.log

[master 80c82af] git commit auto push
 1 file changed, 13 insertions(+)
To github.com:JEONGHWANMIN/CodingTest_JS.git
   7e7c053..80c82af  master -> master
##### AUTO PUSH END #####
##### PUSH START : 2022-11-18 17:50:01 #####
On branch master
Your branch is ahead of 'origin/master' by 2 commits.
  (use "git push" to publish your local commits)

Changes to be committed:
  (use "git restore --staged <file>..." to unstage)
	modified:   autopush.sh.log

[master 242dc53] git commit auto push
 1 file changed, 14 insertions(+)
To github.com:JEONGHWANMIN/CodingTest_JS.git
   80c82af..242dc53  master -> master
##### AUTO PUSH END #####
##### PUSH START : 2022-11-20 17:50:01 #####
On branch master
Your branch is ahead of 'origin/master' by 3 commits.
  (use "git push" to publish your local commits)

Changes to be committed:
  (use "git restore --staged <file>..." to unstage)
	modified:   autopush.sh.log

[master e3b7d50] git commit auto push
 1 file changed, 14 insertions(+)
To github.com:JEONGHWANMIN/CodingTest_JS.git
   242dc53..e3b7d50  master -> master
##### AUTO PUSH END #####
##### PUSH START : 2022-11-21 17:50:00 #####
On branch master
Your branch is ahead of 'origin/master' by 4 commits.
  (use "git push" to publish your local commits)

Changes to be committed:
  (use "git restore --staged <file>..." to unstage)
	modified:   autopush.sh.log

[master 04ac44d] git commit auto push
 1 file changed, 14 insertions(+)
To github.com:JEONGHWANMIN/CodingTest_JS.git
   e3b7d50..04ac44d  master -> master
##### AUTO PUSH END #####
##### PUSH START : 2022-11-22 17:50:00 #####
On branch master
Your branch is ahead of 'origin/master' by 5 commits.
  (use "git push" to publish your local commits)

Changes to be committed:
  (use "git restore --staged <file>..." to unstage)
	modified:   autopush.sh.log

[master e3b186f] git commit auto push
 1 file changed, 14 insertions(+)
To github.com:JEONGHWANMIN/CodingTest_JS.git
   04ac44d..e3b186f  master -> master
##### AUTO PUSH END #####
