##### PUSH START : 2022-06-03 17:50:00 #####
On branch master
Your branch is ahead of 'origin/master' by 26 commits.
  (use "git push" to publish your local commits)

Changes to be committed:
  (use "git restore --staged <file>..." to unstage)
	modified:   BackJoon/Input.txt
	new file:   BackJoon/recursion/4.2447.ts
	new file:   BackJoon/recursion/5.11729.ts
	modified:   BackJoon/test.js
	modified:   autopush.sh
	modified:   autopush.sh.log

[master f7efbc3] git commit auto push
 6 files changed, 61 insertions(+), 70 deletions(-)
 create mode 100644 BackJoon/recursion/4.2447.ts
 create mode 100644 BackJoon/recursion/5.11729.ts
 rewrite BackJoon/test.js (98%)
 rewrite autopush.sh.log (100%)
To github.com:JEONGHWANMIN/CodingTest_JS.git
   c6fe207..f7efbc3  master -> master
##### AUTO PUSH END #####
##### PUSH START : 2022-06-06 17:50:00 #####
On branch master
Your branch is up to date with 'origin/master'.

Changes to be committed:
  (use "git restore --staged <file>..." to unstage)
	modified:   autopush.sh.log

[master cc3f296] git commit auto push
 1 file changed, 1 insertion(+)
To github.com:JEONGHWANMIN/CodingTest_JS.git
   535a467..cc3f296  master -> master
##### AUTO PUSH END #####
##### PUSH START : 2022-06-07 17:50:00 #####
On branch master
Your branch is ahead of 'origin/master' by 1 commit.
  (use "git push" to publish your local commits)

Changes to be committed:
  (use "git restore --staged <file>..." to unstage)
	modified:   BackJoon/test.js
	modified:   autopush.sh.log

[master 9c5e6eb] git commit auto push
 2 files changed, 43 insertions(+), 15 deletions(-)
 rewrite BackJoon/test.js (97%)
To github.com:JEONGHWANMIN/CodingTest_JS.git
   cc3f296..9c5e6eb  master -> master
##### AUTO PUSH END #####
##### PUSH START : 2022-06-08 17:50:00 #####
On branch master
Your branch is ahead of 'origin/master' by 2 commits.
  (use "git push" to publish your local commits)

Changes to be committed:
  (use "git restore --staged <file>..." to unstage)
	modified:   BackJoon/test.js
	modified:   autopush.sh.log

[master 02ad2b7] git commit auto push
 2 files changed, 34 insertions(+), 30 deletions(-)
 rewrite BackJoon/test.js (92%)
To github.com:JEONGHWANMIN/CodingTest_JS.git
   9c5e6eb..02ad2b7  master -> master
##### AUTO PUSH END #####
##### PUSH START : 2022-06-09 17:50:00 #####
On branch master
Your branch is ahead of 'origin/master' by 3 commits.
  (use "git push" to publish your local commits)

Changes to be committed:
  (use "git restore --staged <file>..." to unstage)
	modified:   BackJoon/test.js
	modified:   autopush.sh.log

[master c7cc068] git commit auto push
 2 files changed, 45 insertions(+), 18 deletions(-)
 rewrite BackJoon/test.js (83%)
To github.com:JEONGHWANMIN/CodingTest_JS.git
   02ad2b7..c7cc068  master -> master
##### AUTO PUSH END #####
##### PUSH START : 2022-06-10 17:50:00 #####
On branch master
Your branch is ahead of 'origin/master' by 4 commits.
  (use "git push" to publish your local commits)

Changes to be committed:
  (use "git restore --staged <file>..." to unstage)
	modified:   BackJoon/Input.txt
	modified:   BackJoon/brute_force/2.2231.ts
	new file:   BackJoon/brute_force/3.7568.ts
	new file:   BackJoon/brute_force/4.1018.ts
	modified:   BackJoon/test.js
	modified:   autopush.sh.log

[master 6cfbdf0] git commit auto push
 6 files changed, 96 insertions(+), 30 deletions(-)
 create mode 100644 BackJoon/brute_force/3.7568.ts
 create mode 100644 BackJoon/brute_force/4.1018.ts
 rewrite BackJoon/test.js (92%)
To github.com:JEONGHWANMIN/CodingTest_JS.git
   c7cc068..6cfbdf0  master -> master
##### AUTO PUSH END #####
##### PUSH START : 2022-06-12 17:50:01 #####
On branch master
Your branch is ahead of 'origin/master' by 5 commits.
  (use "git push" to publish your local commits)

Changes to be committed:
  (use "git restore --staged <file>..." to unstage)
	modified:   BackJoon/brute_force/4.1018.ts
	modified:   autopush.sh.log

[master 5b3e08b] git commit auto push
 2 files changed, 30 insertions(+), 3 deletions(-)
To github.com:JEONGHWANMIN/CodingTest_JS.git
   6cfbdf0..5b3e08b  master -> master
##### AUTO PUSH END #####
##### PUSH START : 2022-06-13 17:50:00 #####
On branch master
Your branch is ahead of 'origin/master' by 6 commits.
  (use "git push" to publish your local commits)

Changes to be committed:
  (use "git restore --staged <file>..." to unstage)
	modified:   BackJoon/brute_force/4.1018.ts
	modified:   autopush.sh.log

[master c5b5bf4] git commit auto push
 2 files changed, 19 insertions(+), 8 deletions(-)
To github.com:JEONGHWANMIN/CodingTest_JS.git
   5b3e08b..c5b5bf4  master -> master
##### AUTO PUSH END #####
##### PUSH START : 2022-06-14 17:50:01 #####
On branch master
Your branch is ahead of 'origin/master' by 7 commits.
  (use "git push" to publish your local commits)

Changes to be committed:
  (use "git restore --staged <file>..." to unstage)
	modified:   BackJoon/test.js
	modified:   autopush.sh.log

[master 6751fc7] git commit auto push
 2 files changed, 35 insertions(+), 26 deletions(-)
 rewrite BackJoon/test.js (89%)
To github.com:JEONGHWANMIN/CodingTest_JS.git
   c5b5bf4..6751fc7  master -> master
##### AUTO PUSH END #####
##### PUSH START : 2022-06-15 17:50:01 #####
On branch master
Your branch is ahead of 'origin/master' by 8 commits.
  (use "git push" to publish your local commits)

Changes to be committed:
  (use "git restore --staged <file>..." to unstage)
	modified:   autopush.sh.log

[master ebf13f5] git commit auto push
 1 file changed, 16 insertions(+)
To github.com:JEONGHWANMIN/CodingTest_JS.git
   6751fc7..ebf13f5  master -> master
##### AUTO PUSH END #####
##### PUSH START : 2022-06-16 17:50:01 #####
On branch master
Your branch is ahead of 'origin/master' by 9 commits.
  (use "git push" to publish your local commits)

Changes to be committed:
  (use "git restore --staged <file>..." to unstage)
	modified:   BackJoon/test.js
	modified:   autopush.sh.log

[master 0f6fcf9] git commit auto push
 2 files changed, 38 insertions(+), 20 deletions(-)
 rewrite BackJoon/test.js (87%)
To github.com:JEONGHWANMIN/CodingTest_JS.git
   ebf13f5..0f6fcf9  master -> master
##### AUTO PUSH END #####
##### PUSH START : 2022-06-17 17:50:00 #####
On branch master
Your branch is ahead of 'origin/master' by 10 commits.
  (use "git push" to publish your local commits)

Changes to be committed:
  (use "git restore --staged <file>..." to unstage)
	modified:   autopush.sh.log

[master eb4407a] git commit auto push
 1 file changed, 16 insertions(+)
To github.com:JEONGHWANMIN/CodingTest_JS.git
   0f6fcf9..eb4407a  master -> master
##### AUTO PUSH END #####
##### PUSH START : 2022-06-20 17:50:00 #####
On branch master
Your branch is ahead of 'origin/master' by 11 commits.
  (use "git push" to publish your local commits)

Changes to be committed:
  (use "git restore --staged <file>..." to unstage)
	modified:   BackJoon/Input.txt
	modified:   BackJoon/brute_force/4.1018.ts
	new file:   BackJoon/brute_force/5.1436.ts
	new file:   BackJoon/sort/1.2750.ts
	new file:   BackJoon/sort/2.2751.ts
	new file:   Koflit/18_searchNumber.js
	modified:   autopush.sh.log

[master ab5d3b5] git commit auto push
 7 files changed, 183 insertions(+), 27 deletions(-)
 rewrite BackJoon/brute_force/4.1018.ts (62%)
 create mode 100644 BackJoon/brute_force/5.1436.ts
 create mode 100644 BackJoon/sort/1.2750.ts
 create mode 100644 BackJoon/sort/2.2751.ts
 create mode 100644 Koflit/18_searchNumber.js
To github.com:JEONGHWANMIN/CodingTest_JS.git
   eb4407a..ab5d3b5  master -> master
##### AUTO PUSH END #####
##### PUSH START : 2022-06-21 17:50:01 #####
On branch master
Your branch is ahead of 'origin/master' by 12 commits.
  (use "git push" to publish your local commits)

Changes to be committed:
  (use "git restore --staged <file>..." to unstage)
	new file:   Koflit/19_decryptCaesarCipher.js
	modified:   autopush.sh.log

[master 60dcaaa] git commit auto push
 2 files changed, 49 insertions(+)
 create mode 100644 Koflit/19_decryptCaesarCipher.js
To github.com:JEONGHWANMIN/CodingTest_JS.git
   ab5d3b5..60dcaaa  master -> master
##### AUTO PUSH END #####
##### PUSH START : 2022-06-22 17:50:00 #####
On branch master
Your branch is ahead of 'origin/master' by 13 commits.
  (use "git push" to publish your local commits)

Changes to be committed:
  (use "git restore --staged <file>..." to unstage)
	new file:   Koflit/20_compressString.js
	modified:   autopush.sh.log

[master 48fbb9d] git commit auto push
 2 files changed, 39 insertions(+)
 create mode 100644 Koflit/20_compressString.js
To github.com:JEONGHWANMIN/CodingTest_JS.git
   60dcaaa..48fbb9d  master -> master
##### AUTO PUSH END #####
##### PUSH START : 2022-06-23 17:50:00 #####
On branch master
Your branch is ahead of 'origin/master' by 14 commits.
  (use "git push" to publish your local commits)

Changes to be committed:
  (use "git restore --staged <file>..." to unstage)
	new file:   Koflit/1_largestProductOfThree.js
	new file:   Koflit/test.js
	modified:   autopush.sh.log

[master 7d83008] git commit auto push
 3 files changed, 57 insertions(+)
 create mode 100644 Koflit/1_largestProductOfThree.js
 create mode 100644 Koflit/test.js
To github.com:JEONGHWANMIN/CodingTest_JS.git
   48fbb9d..7d83008  master -> master
##### AUTO PUSH END #####
##### PUSH START : 2022-06-24 17:50:00 #####
On branch master
Your branch is ahead of 'origin/master' by 15 commits.
  (use "git push" to publish your local commits)

Changes to be committed:
  (use "git restore --staged <file>..." to unstage)
	new file:   Koflit/02_fibonacci.js
	new file:   Koflit/13_recursion.js
	new file:   Koflit/14_recursion.js
	new file:   Koflit/15_recursion.js
	modified:   autopush.sh.log

[master 769511c] git commit auto push
 5 files changed, 104 insertions(+)
 create mode 100644 Koflit/02_fibonacci.js
 create mode 100644 Koflit/13_recursion.js
 create mode 100644 Koflit/14_recursion.js
 create mode 100644 Koflit/15_recursion.js
To github.com:JEONGHWANMIN/CodingTest_JS.git
   7d83008..769511c  master -> master
##### AUTO PUSH END #####
##### PUSH START : 2022-06-25 17:50:00 #####
On branch master
Your branch is ahead of 'origin/master' by 16 commits.
  (use "git push" to publish your local commits)

Changes to be committed:
  (use "git restore --staged <file>..." to unstage)
	modified:   autopush.sh.log

[master c9ad209] git commit auto push
 1 file changed, 22 insertions(+)
To github.com:JEONGHWANMIN/CodingTest_JS.git
   769511c..c9ad209  master -> master
##### AUTO PUSH END #####
##### PUSH START : 2022-06-27 17:50:00 #####
On branch master
Your branch is up to date with 'origin/master'.

Changes to be committed:
  (use "git restore --staged <file>..." to unstage)
	modified:   BackJoon/Input.txt
	new file:   Koflit/bubbleSort.js
	modified:   autopush.sh.log

[master 756d4c9] git commit auto push
 3 files changed, 47 insertions(+), 2 deletions(-)
 create mode 100644 Koflit/bubbleSort.js
To github.com:JEONGHWANMIN/CodingTest_JS.git
   18c1bb2..756d4c9  master -> master
##### AUTO PUSH END #####
##### PUSH START : 2022-06-28 17:50:00 #####
On branch master
Your branch is ahead of 'origin/master' by 1 commit.
  (use "git push" to publish your local commits)

Changes to be committed:
  (use "git restore --staged <file>..." to unstage)
	modified:   autopush.sh.log

[master 0670fda] git commit auto push
 1 file changed, 16 insertions(+)
To github.com:JEONGHWANMIN/CodingTest_JS.git
   756d4c9..0670fda  master -> master
##### AUTO PUSH END #####
##### PUSH START : 2022-06-29 17:50:00 #####
On branch master
Your branch is ahead of 'origin/master' by 2 commits.
  (use "git push" to publish your local commits)

Changes to be committed:
  (use "git restore --staged <file>..." to unstage)
	modified:   autopush.sh.log

[master a0f6c7d] git commit auto push
 1 file changed, 14 insertions(+)
To github.com:JEONGHWANMIN/CodingTest_JS.git
   0670fda..a0f6c7d  master -> master
##### AUTO PUSH END #####
##### PUSH START : 2022-06-30 17:50:00 #####
On branch master
Your branch is ahead of 'origin/master' by 3 commits.
  (use "git push" to publish your local commits)

Changes to be committed:
  (use "git restore --staged <file>..." to unstage)
	modified:   BackJoon/Input.txt
	new file:   BackJoon/dp/11726.ts
	modified:   Koflit/test.js
	new file:   Koflit/tree_DFS.js
	modified:   autopush.sh.log

[master 48e9707] git commit auto push
 5 files changed, 84 insertions(+), 17 deletions(-)
 create mode 100644 BackJoon/dp/11726.ts
 create mode 100644 Koflit/tree_DFS.js
To github.com:JEONGHWANMIN/CodingTest_JS.git
   a0f6c7d..48e9707  master -> master
##### AUTO PUSH END #####
##### PUSH START : 2022-07-01 17:50:00 #####
On branch master
Your branch is ahead of 'origin/master' by 4 commits.
  (use "git push" to publish your local commits)

Changes to be committed:
  (use "git restore --staged <file>..." to unstage)
	new file:   Koflit/07_power.js
	modified:   autopush.sh.log

[master eac6d6b] git commit auto push
 2 files changed, 37 insertions(+)
 create mode 100644 Koflit/07_power.js
To github.com:JEONGHWANMIN/CodingTest_JS.git
   48e9707..eac6d6b  master -> master
##### AUTO PUSH END #####
##### PUSH START : 2022-07-03 17:50:01 #####
On branch master
Your branch is up to date with 'origin/master'.

Changes to be committed:
  (use "git restore --staged <file>..." to unstage)
	modified:   BackJoon/Input.txt
	modified:   BackJoon/dp/11726.ts
	new file:   BackJoon/math2/2609.js
	new file:   BackJoon/sort/6.11650.js
	modified:   BackJoon/test.js
	new file:   Koflit/tree_BFS.js
	modified:   autopush.sh.log

[master 4d960bc] git commit auto push
 7 files changed, 130 insertions(+), 25 deletions(-)
 create mode 100644 BackJoon/math2/2609.js
 create mode 100644 BackJoon/sort/6.11650.js
 rewrite BackJoon/test.js (98%)
 create mode 100644 Koflit/tree_BFS.js
To github.com:JEONGHWANMIN/CodingTest_JS.git
   88a62de..4d960bc  master -> master
##### AUTO PUSH END #####
##### PUSH START : 2022-07-04 17:50:01 #####
On branch master
Your branch is ahead of 'origin/master' by 1 commit.
  (use "git push" to publish your local commits)

Changes to be committed:
  (use "git restore --staged <file>..." to unstage)
	modified:   autopush.sh.log

[master 174ae8e] git commit auto push
 1 file changed, 23 insertions(+)
To github.com:JEONGHWANMIN/CodingTest_JS.git
   4d960bc..174ae8e  master -> master
##### AUTO PUSH END #####
##### PUSH START : 2022-07-05 17:50:00 #####
On branch master
Your branch is ahead of 'origin/master' by 2 commits.
  (use "git push" to publish your local commits)

Changes to be committed:
  (use "git restore --staged <file>..." to unstage)
	modified:   BackJoon/Input.txt
	new file:   BackJoon/sort/7.11651.js
	new file:   BackJoon/sort/9.10814.js
	new file:   Koflit/09_rotatedArraySearch.js
	modified:   autopush.sh.log

[master 830af0a] git commit auto push
 5 files changed, 99 insertions(+), 1 deletion(-)
 create mode 100644 BackJoon/sort/7.11651.js
 create mode 100644 BackJoon/sort/9.10814.js
 create mode 100644 Koflit/09_rotatedArraySearch.js
To github.com:JEONGHWANMIN/CodingTest_JS.git
   174ae8e..830af0a  master -> master
##### AUTO PUSH END #####
##### PUSH START : 2022-07-06 17:50:00 #####
On branch master
Your branch is ahead of 'origin/master' by 3 commits.
  (use "git push" to publish your local commits)

Changes to be committed:
  (use "git restore --staged <file>..." to unstage)
	modified:   BackJoon/Input.txt
	new file:   BackJoon/sort/10.18870.js
	modified:   Koflit/09_rotatedArraySearch.js
	new file:   Koflit/10_balancedBrackets.js
	modified:   autopush.sh.log

[master 55f65f3] git commit auto push
 5 files changed, 127 insertions(+), 39 deletions(-)
 create mode 100644 BackJoon/sort/10.18870.js
 rewrite Koflit/09_rotatedArraySearch.js (78%)
 create mode 100644 Koflit/10_balancedBrackets.js
To github.com:JEONGHWANMIN/CodingTest_JS.git
   830af0a..55f65f3  master -> master
##### AUTO PUSH END #####
##### PUSH START : 2022-07-07 17:50:00 #####
On branch master
Your branch is ahead of 'origin/master' by 4 commits.
  (use "git push" to publish your local commits)

Changes to be committed:
  (use "git restore --staged <file>..." to unstage)
	modified:   BackJoon/Input.txt
	new file:   BackJoon/set_map/1.10815.js
	modified:   BackJoon/sort/10.18870.js
	new file:   BackJoon/sort/3.10893.js
	modified:   BackJoon/test.js
	modified:   Koflit/10_balancedBrackets.js
	new file:   Koflit/11_getItemFromTwoSortedArrays.js
	modified:   autopush.sh.log

[master 376617c] git commit auto push
 8 files changed, 216 insertions(+), 71 deletions(-)
 create mode 100644 BackJoon/set_map/1.10815.js
 create mode 100644 BackJoon/sort/3.10893.js
 rewrite Koflit/10_balancedBrackets.js (79%)
 create mode 100644 Koflit/11_getItemFromTwoSortedArrays.js
To github.com:JEONGHWANMIN/CodingTest_JS.git
   55f65f3..376617c  master -> master
##### AUTO PUSH END #####
##### PUSH START : 2022-07-08 17:50:01 #####
On branch master
Your branch is ahead of 'origin/master' by 5 commits.
  (use "git push" to publish your local commits)

Changes to be committed:
  (use "git restore --staged <file>..." to unstage)
	modified:   BackJoon/Input.txt
	new file:   BackJoon/set_map/2.14425.js
	modified:   Koflit/10_balancedBrackets.js
	new file:   Koflit/uglyNumbers.js
	modified:   autopush.sh.log

[master 7d47c1d] git commit auto push
 5 files changed, 111 insertions(+), 8 deletions(-)
 create mode 100644 BackJoon/set_map/2.14425.js
 create mode 100644 Koflit/uglyNumbers.js
To github.com:JEONGHWANMIN/CodingTest_JS.git
   376617c..7d47c1d  master -> master
##### AUTO PUSH END #####
##### PUSH START : 2022-07-09 17:50:00 #####
On branch master
Your branch is ahead of 'origin/master' by 6 commits.
  (use "git push" to publish your local commits)

Changes to be committed:
  (use "git restore --staged <file>..." to unstage)
	modified:   BackJoon/Input.txt
	new file:   BackJoon/set_map/3.1620.js
	new file:   BackJoon/set_map/4.10816.js
	new file:   BackJoon/set_map/5.1764.js
	modified:   autopush.sh.log

[master f82ba9f] git commit auto push
 5 files changed, 117 insertions(+), 17 deletions(-)
 create mode 100644 BackJoon/set_map/3.1620.js
 create mode 100644 BackJoon/set_map/4.10816.js
 create mode 100644 BackJoon/set_map/5.1764.js
To github.com:JEONGHWANMIN/CodingTest_JS.git
   7d47c1d..f82ba9f  master -> master
##### AUTO PUSH END #####
##### PUSH START : 2022-07-10 17:50:00 #####
On branch master
Your branch is ahead of 'origin/master' by 7 commits.
  (use "git push" to publish your local commits)

Changes to be committed:
  (use "git restore --staged <file>..." to unstage)
	modified:   BackJoon/Input.txt
	new file:   BackJoon/set_map/6.1269.js
	new file:   BackJoon/set_map/7.11478.js
	new file:   Koflit/orderOfPresentation.js
	new file:   Koflit/powerSet.js
	modified:   Koflit/uglyNumbers.js
	modified:   autopush.sh.log

[master 84b1703] git commit auto push
 7 files changed, 198 insertions(+), 8 deletions(-)
 create mode 100644 BackJoon/set_map/6.1269.js
 create mode 100644 BackJoon/set_map/7.11478.js
 create mode 100644 Koflit/orderOfPresentation.js
 create mode 100644 Koflit/powerSet.js
To github.com:JEONGHWANMIN/CodingTest_JS.git
   f82ba9f..84b1703  master -> master
##### AUTO PUSH END #####
##### PUSH START : 2022-07-12 17:50:00 #####
On branch master
Your branch is up to date with 'origin/master'.

Changes to be committed:
  (use "git restore --staged <file>..." to unstage)
	modified:   BackJoon/Input.txt
	modified:   BackJoon/permu_combi/1037.js
	new file:   BackJoon/permu_combi/1934.js
	modified:   autopush.sh.log

[master e67f720] git commit auto push
 4 files changed, 38 insertions(+), 4 deletions(-)
 create mode 100644 BackJoon/permu_combi/1934.js
To github.com:JEONGHWANMIN/CodingTest_JS.git
   bfa7c31..e67f720  master -> master
##### AUTO PUSH END #####
##### PUSH START : 2022-07-13 17:50:00 #####
On branch master
Your branch is ahead of 'origin/master' by 1 commit.
  (use "git push" to publish your local commits)

Changes to be committed:
  (use "git restore --staged <file>..." to unstage)
	new file:   Algo/python/Set.py
	modified:   BackJoon/Input.txt
	modified:   BackJoon/permu_combi/1934.js
	new file:   BackJoon/permu_combi/2981.js
	new file:   BackJoon/permu_combi/3036.js
	modified:   autopush.sh.log

[master d336997] git commit auto push
 6 files changed, 131 insertions(+), 12 deletions(-)
 create mode 100644 Algo/python/Set.py
 create mode 100644 BackJoon/permu_combi/2981.js
 create mode 100644 BackJoon/permu_combi/3036.js
To github.com:JEONGHWANMIN/CodingTest_JS.git
   e67f720..d336997  master -> master
##### AUTO PUSH END #####
##### PUSH START : 2022-07-14 17:50:00 #####
On branch master
Your branch is ahead of 'origin/master' by 2 commits.
  (use "git push" to publish your local commits)

Changes to be committed:
  (use "git restore --staged <file>..." to unstage)
	modified:   BackJoon/Input.txt
	new file:   BackJoon/stack/10773.js
	new file:   Koflit/InsertionSort.js
	deleted:    Koflit/tttt.js
	modified:   autopush.sh.log

[master d77b438] git commit auto push
 5 files changed, 62 insertions(+), 25 deletions(-)
 create mode 100644 BackJoon/stack/10773.js
 create mode 100644 Koflit/InsertionSort.js
 delete mode 100644 Koflit/tttt.js
To github.com:JEONGHWANMIN/CodingTest_JS.git
   d336997..d77b438  master -> master
##### AUTO PUSH END #####
##### PUSH START : 2022-07-15 17:50:00 #####
On branch master
Your branch is ahead of 'origin/master' by 3 commits.
  (use "git push" to publish your local commits)

Changes to be committed:
  (use "git restore --staged <file>..." to unstage)
	new file:   Koflit/Quicksort.js
	modified:   autopush.sh.log

[master 18ead5a] git commit auto push
 2 files changed, 24 insertions(+)
 create mode 100644 Koflit/Quicksort.js
To github.com:JEONGHWANMIN/CodingTest_JS.git
   d77b438..18ead5a  master -> master
##### AUTO PUSH END #####
##### PUSH START : 2022-07-16 17:50:00 #####
On branch master
Your branch is ahead of 'origin/master' by 4 commits.
  (use "git push" to publish your local commits)

Changes to be committed:
  (use "git restore --staged <file>..." to unstage)
	new file:   Algo/python/QuickSort.py
	modified:   Koflit/Quicksort.js
	modified:   autopush.sh.log

[master 19ba564] git commit auto push
 3 files changed, 56 insertions(+), 1 deletion(-)
 create mode 100644 Algo/python/QuickSort.py
To github.com:JEONGHWANMIN/CodingTest_JS.git
   18ead5a..19ba564  master -> master
##### AUTO PUSH END #####
##### PUSH START : 2022-07-17 17:50:00 #####
On branch master
Your branch is ahead of 'origin/master' by 5 commits.
  (use "git push" to publish your local commits)

Changes to be committed:
  (use "git restore --staged <file>..." to unstage)
	modified:   autopush.sh.log

[master cd9f847] git commit auto push
 1 file changed, 17 insertions(+)
To github.com:JEONGHWANMIN/CodingTest_JS.git
   19ba564..cd9f847  master -> master
##### AUTO PUSH END #####
##### PUSH START : 2022-07-18 17:50:00 #####
On branch master
Your branch is ahead of 'origin/master' by 6 commits.
  (use "git push" to publish your local commits)

Changes to be committed:
  (use "git restore --staged <file>..." to unstage)
	modified:   autopush.sh.log

[master 03b4af6] git commit auto push
 1 file changed, 14 insertions(+)
To github.com:JEONGHWANMIN/CodingTest_JS.git
   cd9f847..03b4af6  master -> master
##### AUTO PUSH END #####
##### PUSH START : 2022-07-19 17:50:00 #####
On branch master
Your branch is ahead of 'origin/master' by 7 commits.
  (use "git push" to publish your local commits)

Changes to be committed:
  (use "git restore --staged <file>..." to unstage)
	modified:   autopush.sh.log

[master 56ae045] git commit auto push
 1 file changed, 14 insertions(+)
To github.com:JEONGHWANMIN/CodingTest_JS.git
   03b4af6..56ae045  master -> master
##### AUTO PUSH END #####
##### PUSH START : 2022-07-20 17:50:00 #####
On branch master
Your branch is ahead of 'origin/master' by 8 commits.
  (use "git push" to publish your local commits)

Changes to be committed:
  (use "git restore --staged <file>..." to unstage)
	modified:   autopush.sh.log

[master e3636ab] git commit auto push
 1 file changed, 14 insertions(+)
To github.com:JEONGHWANMIN/CodingTest_JS.git
   56ae045..e3636ab  master -> master
##### AUTO PUSH END #####
##### PUSH START : 2022-07-21 17:50:00 #####
