##### PUSH START : 2022-11-30 17:50:00 #####
On branch master
Your branch is up to date with 'origin/master'.

Changes to be committed:
  (use "git restore --staged <file>..." to unstage)
	deleted:    Algo/GCD.js
	deleted:    Algo/LCS.js
	deleted:    Algo/browserStack.js
	deleted:    Algo/createMatrix.js
	deleted:    Algo/dfs-bfs.js
	deleted:    Algo/getDirections.js
	deleted:    Algo/graph.js
	deleted:    Algo/maxBinaryHeap.js
	deleted:    Algo/paveBox.js
	deleted:    Algo/permutations.js
	deleted:    Algo/python/LCS.py
	deleted:    Algo/python/QuickSort.py
	deleted:    Algo/python/Set.py
	deleted:    Algo/python/basic_DFS.py
	deleted:    Algo/python/coins.py
	deleted:    Algo/que.js
	deleted:    Algo/queuePrinter.js
	deleted:    Algo/stack.js
	deleted:    Algo/test.js
	deleted:    Algo/test2.js
	deleted:    Algo/test3.js
	deleted:    Algo/test4.js
	deleted:    Algo/test5.js
	deleted:    Algo/test6.js
	deleted:    Algo/test7.js
	deleted:    Algo/test8.js
	deleted:    Algo/test9.js
	new file:   BackJoon/bactracking/15650.js
	modified:   autopush.sh.log

[master f2d7fa4] git commit auto push
 29 files changed, 14 insertions(+), 1040 deletions(-)
 delete mode 100644 Algo/GCD.js
 delete mode 100644 Algo/LCS.js
 delete mode 100644 Algo/browserStack.js
 delete mode 100644 Algo/createMatrix.js
 delete mode 100644 Algo/dfs-bfs.js
 delete mode 100644 Algo/getDirections.js
 delete mode 100644 Algo/graph.js
 delete mode 100644 Algo/maxBinaryHeap.js
 delete mode 100644 Algo/paveBox.js
 delete mode 100644 Algo/permutations.js
 delete mode 100644 Algo/python/LCS.py
 delete mode 100644 Algo/python/QuickSort.py
 delete mode 100644 Algo/python/Set.py
 delete mode 100644 Algo/python/basic_DFS.py
 delete mode 100644 Algo/python/coins.py
 delete mode 100644 Algo/que.js
 delete mode 100644 Algo/queuePrinter.js
 delete mode 100644 Algo/stack.js
 delete mode 100644 Algo/test.js
 delete mode 100644 Algo/test2.js
 delete mode 100644 Algo/test3.js
 delete mode 100644 Algo/test4.js
 delete mode 100644 Algo/test5.js
 delete mode 100644 Algo/test6.js
 delete mode 100644 Algo/test7.js
 delete mode 100644 Algo/test8.js
 delete mode 100644 Algo/test9.js
 create mode 100644 BackJoon/bactracking/15650.js
To github.com:JEONGHWANMIN/CodingTest_JS.git
   2b5b611..f2d7fa4  master -> master
##### AUTO PUSH END #####
##### PUSH START : 2022-12-01 17:50:00 #####
On branch master
Your branch is up to date with 'origin/master'.

Changes to be committed:
  (use "git restore --staged <file>..." to unstage)
	modified:   autopush.sh.log

[master 67d5fc9] git commit auto push
 1 file changed, 1 insertion(+)
To github.com:JEONGHWANMIN/CodingTest_JS.git
   1a937d9..67d5fc9  master -> master
##### AUTO PUSH END #####
##### PUSH START : 2022-12-02 17:50:00 #####
On branch master
Your branch is up to date with 'origin/master'.

Changes to be committed:
  (use "git restore --staged <file>..." to unstage)
	modified:   autopush.sh.log

[master 2051c10] git commit auto push
 1 file changed, 1 insertion(+)
To github.com:JEONGHWANMIN/CodingTest_JS.git
   fd17e6f..2051c10  master -> master
##### AUTO PUSH END #####
##### PUSH START : 2022-12-03 17:50:00 #####
On branch master
Your branch is up to date with 'origin/master'.

Changes to be committed:
  (use "git restore --staged <file>..." to unstage)
	modified:   autopush.sh.log

[master e8c8c16] git commit auto push
 1 file changed, 1 insertion(+)
To github.com:JEONGHWANMIN/CodingTest_JS.git
   4d11353..e8c8c16  master -> master
##### AUTO PUSH END #####
##### PUSH START : 2022-12-05 17:50:00 #####
On branch master
Your branch is ahead of 'origin/master' by 1 commit.
  (use "git push" to publish your local commits)

Changes to be committed:
  (use "git restore --staged <file>..." to unstage)
	modified:   BackJoon/Input.txt
	new file:   BackJoon/bactracking/14888.js
	modified:   autopush.sh.log

[master 60909fe] git commit auto push
 3 files changed, 44 insertions(+), 1 deletion(-)
 create mode 100644 BackJoon/bactracking/14888.js
To github.com:JEONGHWANMIN/CodingTest_JS.git
   e8c8c16..60909fe  master -> master
##### AUTO PUSH END #####
##### PUSH START : 2022-12-06 17:50:01 #####
On branch master
Your branch is ahead of 'origin/master' by 2 commits.
  (use "git push" to publish your local commits)

Changes to be committed:
  (use "git restore --staged <file>..." to unstage)
	modified:   autopush.sh.log

[master 8e67989] git commit auto push
 1 file changed, 17 insertions(+)
To github.com:JEONGHWANMIN/CodingTest_JS.git
   60909fe..8e67989  master -> master
##### AUTO PUSH END #####
##### PUSH START : 2022-12-09 17:50:00 #####
On branch master
Your branch is up to date with 'origin/master'.

Changes to be committed:
  (use "git restore --staged <file>..." to unstage)
	modified:   autopush.sh.log

[master df76fb6] git commit auto push
 1 file changed, 1 insertion(+)
To github.com:JEONGHWANMIN/CodingTest_JS.git
   c9c1d56..df76fb6  master -> master
##### AUTO PUSH END #####
##### PUSH START : 2022-12-11 17:50:00 #####
On branch master
Your branch is up to date with 'origin/master'.

Changes to be committed:
  (use "git restore --staged <file>..." to unstage)
	modified:   autopush.sh.log

[master d68ed41] git commit auto push
 1 file changed, 1 insertion(+)
To github.com:JEONGHWANMIN/CodingTest_JS.git
   615e6d9..d68ed41  master -> master
##### AUTO PUSH END #####
##### PUSH START : 2022-12-12 17:50:00 #####
On branch master
Your branch is ahead of 'origin/master' by 1 commit.
  (use "git push" to publish your local commits)

Changes to be committed:
  (use "git restore --staged <file>..." to unstage)
	modified:   autopush.sh.log

[master dbb3518] git commit auto push
 1 file changed, 13 insertions(+)
To github.com:JEONGHWANMIN/CodingTest_JS.git
   d68ed41..dbb3518  master -> master
##### AUTO PUSH END #####
##### PUSH START : 2022-12-13 17:53:30 #####
On branch master
Your branch is ahead of 'origin/master' by 2 commits.
  (use "git push" to publish your local commits)

Changes to be committed:
  (use "git restore --staged <file>..." to unstage)
	modified:   autopush.sh.log

[master 69edf4b] git commit auto push
 1 file changed, 14 insertions(+)
ssh: connect to host github.com port 22: Undefined error: 0
fatal: Could not read from remote repository.

Please make sure you have the correct access rights
and the repository exists.
##### AUTO PUSH END #####
##### PUSH START : 2022-12-14 17:50:00 #####
On branch master
Your branch is ahead of 'origin/master' by 3 commits.
  (use "git push" to publish your local commits)

Changes to be committed:
  (use "git restore --staged <file>..." to unstage)
	modified:   autopush.sh.log

[master 816e48f] git commit auto push
 1 file changed, 17 insertions(+)
To github.com:JEONGHWANMIN/CodingTest_JS.git
   dbb3518..816e48f  master -> master
##### AUTO PUSH END #####
##### PUSH START : 2022-12-19 17:50:00 #####
On branch master
Your branch is ahead of 'origin/master' by 4 commits.
  (use "git push" to publish your local commits)

Changes to be committed:
  (use "git restore --staged <file>..." to unstage)
	modified:   autopush.sh.log

[master 982921d] git commit auto push
 1 file changed, 14 insertions(+)
To github.com:JEONGHWANMIN/CodingTest_JS.git
   816e48f..982921d  master -> master
##### AUTO PUSH END #####
##### PUSH START : 2022-12-20 17:50:00 #####
On branch master
Your branch is ahead of 'origin/master' by 5 commits.
  (use "git push" to publish your local commits)

Changes to be committed:
  (use "git restore --staged <file>..." to unstage)
	modified:   autopush.sh.log

[master c9b3a6c] git commit auto push
 1 file changed, 14 insertions(+)
To github.com:JEONGHWANMIN/CodingTest_JS.git
   982921d..c9b3a6c  master -> master
##### AUTO PUSH END #####
##### PUSH START : 2023-01-01 17:50:00 #####
On branch master
Your branch is up to date with 'origin/master'.

Changes to be committed:
  (use "git restore --staged <file>..." to unstage)
	modified:   autopush.sh.log

[master 9fc55f2] git commit auto push
 1 file changed, 1 insertion(+)
To github.com:JEONGHWANMIN/CodingTest_JS.git
   798f242..9fc55f2  master -> master
##### AUTO PUSH END #####
##### PUSH START : 2023-01-09 17:50:00 #####
On branch master
Your branch is up to date with 'origin/master'.

Changes to be committed:
  (use "git restore --staged <file>..." to unstage)
	modified:   autopush.sh.log

[master 0999e60] git commit auto push
 1 file changed, 1 insertion(+)
To github.com:JEONGHWANMIN/CodingTest_JS.git
   6e27537..0999e60  master -> master
##### AUTO PUSH END #####
##### PUSH START : 2023-01-13 17:50:00 #####
On branch master
Your branch is up to date with 'origin/master'.

Changes to be committed:
  (use "git restore --staged <file>..." to unstage)
	modified:   autopush.sh.log

[master 3e52b34] git commit auto push
 1 file changed, 1 insertion(+)
To github.com:JEONGHWANMIN/CodingTest_JS.git
   59905d8..3e52b34  master -> master
##### AUTO PUSH END #####
##### PUSH START : 2023-01-15 17:50:00 #####
On branch master
Your branch is ahead of 'origin/master' by 1 commit.
  (use "git push" to publish your local commits)

Changes to be committed:
  (use "git restore --staged <file>..." to unstage)
	modified:   autopush.sh.log

[master c20f03c] git commit auto push
 1 file changed, 13 insertions(+)
To github.com:JEONGHWANMIN/CodingTest_JS.git
   3e52b34..c20f03c  master -> master
##### AUTO PUSH END #####
##### PUSH START : 2023-01-17 17:50:00 #####
On branch master
Your branch is ahead of 'origin/master' by 2 commits.
  (use "git push" to publish your local commits)

Changes to be committed:
  (use "git restore --staged <file>..." to unstage)
	modified:   autopush.sh.log

[master c0c14e3] git commit auto push
 1 file changed, 14 insertions(+)
To github.com:JEONGHWANMIN/CodingTest_JS.git
   c20f03c..c0c14e3  master -> master
##### AUTO PUSH END #####
##### PUSH START : 2023-01-18 17:50:17 #####
On branch master
Your branch is up to date with 'origin/master'.

Changes to be committed:
  (use "git restore --staged <file>..." to unstage)
	modified:   autopush.sh.log

[master 8c5a21d] git commit auto push
 1 file changed, 1 insertion(+)
To github.com:JEONGHWANMIN/CodingTest_JS.git
   6412922..8c5a21d  master -> master
##### AUTO PUSH END #####
##### PUSH START : 2023-01-19 17:50:00 #####
On branch master
Your branch is ahead of 'origin/master' by 1 commit.
  (use "git push" to publish your local commits)

Changes to be committed:
  (use "git restore --staged <file>..." to unstage)
	modified:   autopush.sh.log

[master 6760474] git commit auto push
 1 file changed, 13 insertions(+)
To github.com:JEONGHWANMIN/CodingTest_JS.git
   8c5a21d..6760474  master -> master
##### AUTO PUSH END #####
##### PUSH START : 2023-01-20 17:50:02 #####
On branch master
Your branch is up to date with 'origin/master'.

Changes to be committed:
  (use "git restore --staged <file>..." to unstage)
	modified:   autopush.sh.log

[master 9d90a29] git commit auto push
 1 file changed, 14 insertions(+)
ssh: connect to host github.com port 22: Undefined error: 0
fatal: Could not read from remote repository.

Please make sure you have the correct access rights
and the repository exists.
##### AUTO PUSH END #####
##### PUSH START : 2023-01-24 17:50:00 #####
On branch master
Your branch is ahead of 'origin/master' by 1 commit.
  (use "git push" to publish your local commits)

Changes to be committed:
  (use "git restore --staged <file>..." to unstage)
	modified:   autopush.sh.log

[master 9afb90c] git commit auto push
 1 file changed, 16 insertions(+)
To github.com:JEONGHWANMIN/CodingTest_JS.git
 ! [rejected]        master -> master (fetch first)
error: failed to push some refs to 'github.com:JEONGHWANMIN/CodingTest_JS.git'
hint: Updates were rejected because the remote contains work that you do
hint: not have locally. This is usually caused by another repository pushing
hint: to the same ref. You may want to first integrate the remote changes
hint: (e.g., 'git pull ...') before pushing again.
hint: See the 'Note about fast-forwards' in 'git push --help' for details.
##### AUTO PUSH END #####
##### PUSH START : 2023-01-29 17:50:00 #####
On branch master
Your branch is ahead of 'origin/master' by 2 commits.
  (use "git push" to publish your local commits)

Changes to be committed:
  (use "git restore --staged <file>..." to unstage)
	modified:   autopush.sh.log

[master dfe4c90] git commit auto push
 1 file changed, 20 insertions(+)
To github.com:JEONGHWANMIN/CodingTest_JS.git
 ! [rejected]        master -> master (fetch first)
error: failed to push some refs to 'github.com:JEONGHWANMIN/CodingTest_JS.git'
hint: Updates were rejected because the remote contains work that you do
hint: not have locally. This is usually caused by another repository pushing
hint: to the same ref. You may want to first integrate the remote changes
hint: (e.g., 'git pull ...') before pushing again.
hint: See the 'Note about fast-forwards' in 'git push --help' for details.
##### AUTO PUSH END #####
##### PUSH START : 2023-02-02 17:50:00 #####
On branch master
Your branch is ahead of 'origin/master' by 3 commits.
  (use "git push" to publish your local commits)

Changes to be committed:
  (use "git restore --staged <file>..." to unstage)
	modified:   autopush.sh.log

[master 0308e1c] git commit auto push
 1 file changed, 20 insertions(+)
To github.com:JEONGHWANMIN/CodingTest_JS.git
 ! [rejected]        master -> master (fetch first)
error: failed to push some refs to 'github.com:JEONGHWANMIN/CodingTest_JS.git'
hint: Updates were rejected because the remote contains work that you do
hint: not have locally. This is usually caused by another repository pushing
hint: to the same ref. You may want to first integrate the remote changes
hint: (e.g., 'git pull ...') before pushing again.
hint: See the 'Note about fast-forwards' in 'git push --help' for details.
##### AUTO PUSH END #####
##### PUSH START : 2023-02-11 17:50:00 #####
On branch master
Your branch is up to date with 'origin/master'.

Changes to be committed:
  (use "git restore --staged <file>..." to unstage)
	modified:   autopush.sh.log
	modified:   leetcode/etc/14.LongestCommonPrefix.js

[master f8e6fd4] git commit auto push
 2 files changed, 2 insertions(+)
To github.com:JEONGHWANMIN/CodingTest_JS.git
   1da269e..f8e6fd4  master -> master
##### AUTO PUSH END #####
##### PUSH START : 2023-03-05 17:50:00 #####
On branch master
Your branch is up to date with 'origin/master'.

Changes to be committed:
  (use "git restore --staged <file>..." to unstage)
	modified:   BackJoon/Input.txt
	new file:   BackJoon/string/11.js
	modified:   autopush.sh.log

[master 6e0244a] git commit auto push
 3 files changed, 7 insertions(+), 3 deletions(-)
 create mode 100644 BackJoon/string/11.js
To github.com:JEONGHWANMIN/CodingTest_JS.git
   6458e5a..6e0244a  master -> master
##### AUTO PUSH END #####
##### PUSH START : 2023-03-19 17:50:00 #####
On branch master
Your branch is up to date with 'origin/master'.

Changes to be committed:
  (use "git restore --staged <file>..." to unstage)
	modified:   autopush.sh.log

[master 94715b4] git commit auto push
 1 file changed, 16 insertions(+)
To github.com:JEONGHWANMIN/CodingTest_JS.git
   6e0244a..94715b4  master -> master
##### AUTO PUSH END #####
##### PUSH START : 2023-03-20 17:50:01 #####
On branch master
Your branch is ahead of 'origin/master' by 1 commit.
  (use "git push" to publish your local commits)

Changes to be committed:
  (use "git restore --staged <file>..." to unstage)
	modified:   autopush.sh.log

[master da74e7b] git commit auto push
 1 file changed, 13 insertions(+)
To github.com:JEONGHWANMIN/CodingTest_JS.git
   94715b4..da74e7b  master -> master
##### AUTO PUSH END #####
##### PUSH START : 2023-04-01 17:50:00 #####
On branch master
Your branch is up to date with 'origin/master'.

Changes to be committed:
  (use "git restore --staged <file>..." to unstage)
	modified:   autopush.sh.log

[master 8043b8e] git commit auto push
 1 file changed, 1 insertion(+)
To github.com:JEONGHWANMIN/CodingTest_JS.git
   43fc675..8043b8e  master -> master
##### AUTO PUSH END #####
##### PUSH START : 2023-04-02 17:50:00 #####
On branch master
Your branch is ahead of 'origin/master' by 1 commit.
  (use "git push" to publish your local commits)

Changes to be committed:
  (use "git restore --staged <file>..." to unstage)
	modified:   autopush.sh.log

[master ce777f4] git commit auto push
 1 file changed, 13 insertions(+)
To github.com:JEONGHWANMIN/CodingTest_JS.git
   8043b8e..ce777f4  master -> master
##### AUTO PUSH END #####
##### PUSH START : 2023-04-16 17:50:00 #####
On branch master
Your branch is ahead of 'origin/master' by 2 commits.
  (use "git push" to publish your local commits)

Changes to be committed:
  (use "git restore --staged <file>..." to unstage)
	modified:   autopush.sh.log

[master da3f1bd] git commit auto push
 1 file changed, 14 insertions(+)
To github.com:JEONGHWANMIN/CodingTest_JS.git
 ! [rejected]        master -> master (fetch first)
error: failed to push some refs to 'github.com:JEONGHWANMIN/CodingTest_JS.git'
hint: Updates were rejected because the remote contains work that you do
hint: not have locally. This is usually caused by another repository pushing
hint: to the same ref. You may want to first integrate the remote changes
hint: (e.g., 'git pull ...') before pushing again.
hint: See the 'Note about fast-forwards' in 'git push --help' for details.
##### AUTO PUSH END #####
##### PUSH START : 2023-04-29 17:50:00 #####
On branch master
Your branch is up to date with 'origin/master'.

Changes to be committed:
  (use "git restore --staged <file>..." to unstage)
	modified:   autopush.sh.log

[master 747e132] git commit auto push
 1 file changed, 1 insertion(+)
To github.com:JEONGHWANMIN/CodingTest_JS.git
 ! [rejected]        master -> master (fetch first)
error: failed to push some refs to 'github.com:JEONGHWANMIN/CodingTest_JS.git'
hint: Updates were rejected because the remote contains work that you do
hint: not have locally. This is usually caused by another repository pushing
hint: to the same ref. You may want to first integrate the remote changes
hint: (e.g., 'git pull ...') before pushing again.
hint: See the 'Note about fast-forwards' in 'git push --help' for details.
##### AUTO PUSH END #####
##### PUSH START : 2023-05-29 17:50:00 #####
On branch master
Your branch is ahead of 'origin/master' by 1 commit.
  (use "git push" to publish your local commits)

Changes to be committed:
  (use "git restore --staged <file>..." to unstage)
	modified:   autopush.sh.log

[master 554deea] git commit auto push
 1 file changed, 19 insertions(+)
To github.com:JEONGHWANMIN/CodingTest_JS.git
 ! [rejected]        master -> master (fetch first)
error: failed to push some refs to 'github.com:JEONGHWANMIN/CodingTest_JS.git'
hint: Updates were rejected because the remote contains work that you do
hint: not have locally. This is usually caused by another repository pushing
hint: to the same ref. You may want to first integrate the remote changes
hint: (e.g., 'git pull ...') before pushing again.
hint: See the 'Note about fast-forwards' in 'git push --help' for details.
##### AUTO PUSH END #####
##### PUSH START : 2023-06-25 17:50:00 #####
On branch master
Your branch is ahead of 'origin/master' by 2 commits.
  (use "git push" to publish your local commits)

Changes to be committed:
  (use "git restore --staged <file>..." to unstage)
	modified:   autopush.sh.log

[master 966ad0f] git commit auto push
 1 file changed, 20 insertions(+)
To github.com:JEONGHWANMIN/CodingTest_JS.git
 ! [rejected]        master -> master (fetch first)
error: failed to push some refs to 'github.com:JEONGHWANMIN/CodingTest_JS.git'
hint: Updates were rejected because the remote contains work that you do
hint: not have locally. This is usually caused by another repository pushing
hint: to the same ref. You may want to first integrate the remote changes
hint: (e.g., 'git pull ...') before pushing again.
hint: See the 'Note about fast-forwards' in 'git push --help' for details.
##### AUTO PUSH END #####
##### PUSH START : 2023-07-30 17:50:00 #####
On branch master
Your branch is ahead of 'origin/master' by 3 commits.
  (use "git push" to publish your local commits)

Changes to be committed:
  (use "git restore --staged <file>..." to unstage)
	modified:   autopush.sh.log

[master 691cfdc] git commit auto push
 1 file changed, 20 insertions(+)
To github.com:JEONGHWANMIN/CodingTest_JS.git
 ! [rejected]        master -> master (fetch first)
error: failed to push some refs to 'github.com:JEONGHWANMIN/CodingTest_JS.git'
hint: Updates were rejected because the remote contains work that you do
hint: not have locally. This is usually caused by another repository pushing
hint: to the same ref. You may want to first integrate the remote changes
hint: (e.g., 'git pull ...') before pushing again.
hint: See the 'Note about fast-forwards' in 'git push --help' for details.
##### AUTO PUSH END #####
##### PUSH START : 2023-08-06 17:50:01 #####
On branch master
Your branch is ahead of 'origin/master' by 4 commits.
  (use "git push" to publish your local commits)

Changes to be committed:
  (use "git restore --staged <file>..." to unstage)
	modified:   autopush.sh.log

[master 71077e1] git commit auto push
 1 file changed, 20 insertions(+)
To github.com:JEONGHWANMIN/CodingTest_JS.git
 ! [rejected]        master -> master (fetch first)
error: failed to push some refs to 'github.com:JEONGHWANMIN/CodingTest_JS.git'
hint: Updates were rejected because the remote contains work that you do
hint: not have locally. This is usually caused by another repository pushing
hint: to the same ref. You may want to first integrate the remote changes
hint: (e.g., 'git pull ...') before pushing again.
hint: See the 'Note about fast-forwards' in 'git push --help' for details.
##### AUTO PUSH END #####
##### PUSH START : 2023-08-19 17:50:00 #####
On branch master
Your branch is ahead of 'origin/master' by 5 commits.
  (use "git push" to publish your local commits)

Changes to be committed:
  (use "git restore --staged <file>..." to unstage)
	modified:   autopush.sh.log

[master 5e1791d] git commit auto push
 1 file changed, 20 insertions(+)
To github.com:JEONGHWANMIN/CodingTest_JS.git
 ! [rejected]        master -> master (fetch first)
error: failed to push some refs to 'github.com:JEONGHWANMIN/CodingTest_JS.git'
hint: Updates were rejected because the remote contains work that you do
hint: not have locally. This is usually caused by another repository pushing
hint: to the same ref. You may want to first integrate the remote changes
hint: (e.g., 'git pull ...') before pushing again.
hint: See the 'Note about fast-forwards' in 'git push --help' for details.
##### AUTO PUSH END #####
##### PUSH START : 2023-09-02 17:50:00 #####
On branch master
Your branch is up to date with 'origin/master'.

Changes to be committed:
  (use "git restore --staged <file>..." to unstage)
	modified:   autopush.sh.log

[master 0c2e0dc] git commit auto push
 1 file changed, 1 insertion(+)
To github.com:JEONGHWANMIN/CodingTest_JS.git
   beca24f..0c2e0dc  master -> master
##### AUTO PUSH END #####
##### PUSH START : 2023-09-17 17:52:20 #####
On branch master
Your branch is up to date with 'origin/master'.

Changes to be committed:
  (use "git restore --staged <file>..." to unstage)
	modified:   autopush.sh.log

[master aed814d] git commit auto push
 1 file changed, 1 insertion(+)
To github.com:JEONGHWANMIN/CodingTest_JS.git
   8960646..aed814d  master -> master
##### AUTO PUSH END #####
##### PUSH START : 2023-09-24 17:50:00 #####
On branch master
Your branch is ahead of 'origin/master' by 1 commit.
  (use "git push" to publish your local commits)

Changes to be committed:
  (use "git restore --staged <file>..." to unstage)
	modified:   autopush.sh.log

[master 8372b93] git commit auto push
 1 file changed, 13 insertions(+)
To github.com:JEONGHWANMIN/CodingTest_JS.git
   aed814d..8372b93  master -> master
##### AUTO PUSH END #####
##### PUSH START : 2023-10-15 17:50:00 #####
On branch master
Your branch is up to date with 'origin/master'.

Changes to be committed:
  (use "git restore --staged <file>..." to unstage)
	modified:   autopush.sh.log

[master 7531251] git commit auto push
 1 file changed, 1 insertion(+)
To github.com:JEONGHWANMIN/CodingTest_JS.git
   666ace0..7531251  master -> master
##### AUTO PUSH END #####
##### PUSH START : 2023-11-04 17:50:00 #####
On branch master
Your branch is up to date with 'origin/master'.

Changes to be committed:
  (use "git restore --staged <file>..." to unstage)
	modified:   autopush.sh.log

[master 9a8c2e9] git commit auto push
 1 file changed, 13 insertions(+)
To github.com:JEONGHWANMIN/CodingTest_JS.git
 ! [rejected]        master -> master (fetch first)
error: failed to push some refs to 'github.com:JEONGHWANMIN/CodingTest_JS.git'
hint: Updates were rejected because the remote contains work that you do
hint: not have locally. This is usually caused by another repository pushing
hint: to the same ref. You may want to first integrate the remote changes
hint: (e.g., 'git pull ...') before pushing again.
hint: See the 'Note about fast-forwards' in 'git push --help' for details.
##### AUTO PUSH END #####
##### PUSH START : 2023-11-08 17:50:00 #####
On branch master
Your branch is ahead of 'origin/master' by 2 commits.
  (use "git push" to publish your local commits)

Changes to be committed:
  (use "git restore --staged <file>..." to unstage)
	modified:   autopush.sh.log
	new file:   "programmers/\352\270\260\353\212\245\352\260\234\353\260\234.js"
	renamed:    "\354\240\204\355\231\224\353\262\210\355\230\270\353\252\251\353\241\235.js" -> "programmers/\354\240\204\355\231\224\353\262\210\355\230\270\353\252\251\353\241\235.js"

[master 4571895] git commit auto push
 3 files changed, 47 insertions(+)
 create mode 100644 "programmers/\352\270\260\353\212\245\352\260\234\353\260\234.js"
 rename "\354\240\204\355\231\224\353\262\210\355\230\270\353\252\251\353\241\235.js" => "programmers/\354\240\204\355\231\224\353\262\210\355\230\270\353\252\251\353\241\235.js" (100%)
To github.com:JEONGHWANMIN/CodingTest_JS.git
   1704fce..4571895  master -> master
##### AUTO PUSH END #####
##### PUSH START : 2023-11-10 17:50:00 #####
On branch master
Your branch is up to date with 'origin/master'.

Changes to be committed:
  (use "git restore --staged <file>..." to unstage)
	modified:   BackJoon/Input.txt
	renamed:    BackJoon/stack/10773.js -> BackJoon/queue_stack/10773.js
	renamed:    BackJoon/stack/9012.js -> BackJoon/queue_stack/9012.js
	renamed:    BackJoon/stack/stack.ts -> BackJoon/queue_stack/stack.ts
	renamed:    "BackJoon/stack/\352\267\240\355\230\225\354\236\241\355\236\214\354\204\270\354\203\201.js" -> "BackJoon/queue_stack/\352\267\240\355\230\225\354\236\241\355\236\214\354\204\270\354\203\201.js"
	renamed:    "BackJoon/stack/\353\217\204\355\202\244\353\217\204\355\202\244\352\260\204\354\213\235\353\223\234\353\246\254\353\257\270.js" -> "BackJoon/queue_stack/\353\217\204\355\202\244\353\217\204\355\202\244\352\260\204\354\213\235\353\223\234\353\246\254\353\257\270.js"
	new file:   "BackJoon/queue_stack/\354\212\244\355\203\2352.js"
	deleted:    BackJoon/stack/input.txt
	modified:   autopush.sh.log

[master a66ace1] git commit auto push
 9 files changed, 69 insertions(+), 9 deletions(-)
 rename BackJoon/{stack => queue_stack}/10773.js (100%)
 rename BackJoon/{stack => queue_stack}/9012.js (100%)
 rename BackJoon/{stack => queue_stack}/stack.ts (100%)
 rename "BackJoon/stack/\352\267\240\355\230\225\354\236\241\355\236\214\354\204\270\354\203\201.js" => "BackJoon/queue_stack/\352\267\240\355\230\225\354\236\241\355\236\214\354\204\270\354\203\201.js" (100%)
 rename "BackJoon/stack/\353\217\204\355\202\244\353\217\204\355\202\244\352\260\204\354\213\235\353\223\234\353\246\254\353\257\270.js" => "BackJoon/queue_stack/\353\217\204\355\202\244\353\217\204\355\202\244\352\260\204\354\213\235\353\223\234\353\246\254\353\257\270.js" (100%)
 create mode 100644 "BackJoon/queue_stack/\354\212\244\355\203\2352.js"
 delete mode 100644 BackJoon/stack/input.txt
To github.com:JEONGHWANMIN/CodingTest_JS.git
   d2398c4..a66ace1  master -> master
##### AUTO PUSH END #####
##### PUSH START : 2023-11-11 17:50:00 #####
On branch master
Your branch is up to date with 'origin/master'.

Changes to be committed:
  (use "git restore --staged <file>..." to unstage)
	modified:   BackJoon/Input.txt
	new file:   "BackJoon/queue_stack/\353\215\2612.js"
	new file:   "BackJoon/queue_stack/\355\222\215\354\204\240\355\204\260\353\234\250\353\246\254\352\270\260.js"
	modified:   autopush.sh.log

[master 2431528] git commit auto push
 4 files changed, 189 insertions(+), 1 deletion(-)
 create mode 100644 "BackJoon/queue_stack/\353\215\2612.js"
 create mode 100644 "BackJoon/queue_stack/\355\222\215\354\204\240\355\204\260\353\234\250\353\246\254\352\270\260.js"
To github.com:JEONGHWANMIN/CodingTest_JS.git
   0ab18e4..2431528  master -> master
##### AUTO PUSH END #####
##### PUSH START : 2023-11-15 17:50:00 #####
##### PUSH START : 2023-11-17 17:50:00 #####
On branch master
Your branch is up to date with 'origin/master'.

Changes to be committed:
  (use "git restore --staged <file>..." to unstage)
	modified:   "BackJoon/prefix_sum/\352\265\254\352\260\204\355\225\251\352\265\254\355\225\230\352\270\2604.js"
	modified:   autopush.sh.log

[master cfd1a5b] git commit auto push
 2 files changed, 2 insertions(+)
To github.com:JEONGHWANMIN/CodingTest_JS.git
 ! [rejected]        master -> master (fetch first)
error: failed to push some refs to 'github.com:JEONGHWANMIN/CodingTest_JS.git'
hint: Updates were rejected because the remote contains work that you do
hint: not have locally. This is usually caused by another repository pushing
hint: to the same ref. You may want to first integrate the remote changes
hint: (e.g., 'git pull ...') before pushing again.
hint: See the 'Note about fast-forwards' in 'git push --help' for details.
##### AUTO PUSH END #####
##### PUSH START : 2023-11-20 17:50:01 #####
On branch master
Your branch is ahead of 'origin/master' by 1 commit.
  (use "git push" to publish your local commits)

Changes to be committed:
  (use "git restore --staged <file>..." to unstage)
	modified:   autopush.sh.log

[master 0f59073] git commit auto push
 1 file changed, 20 insertions(+)
To github.com:JEONGHWANMIN/CodingTest_JS.git
 ! [rejected]        master -> master (fetch first)
error: failed to push some refs to 'github.com:JEONGHWANMIN/CodingTest_JS.git'
hint: Updates were rejected because the remote contains work that you do
hint: not have locally. This is usually caused by another repository pushing
hint: to the same ref. You may want to first integrate the remote changes
hint: (e.g., 'git pull ...') before pushing again.
hint: See the 'Note about fast-forwards' in 'git push --help' for details.
##### AUTO PUSH END #####
##### PUSH START : 2023-11-24 17:50:00 #####
On branch master
Your branch is behind 'origin/master' by 2 commits, and can be fast-forwarded.
  (use "git pull" to update your local branch)

Changes to be committed:
  (use "git restore --staged <file>..." to unstage)
	modified:   autopush.sh.log
	new file:   "programmers/\354\227\224\355\200\270.js"

[master cd3d5e3] git commit auto push
 2 files changed, 35 insertions(+)
 create mode 100644 "programmers/\354\227\224\355\200\270.js"
To github.com:JEONGHWANMIN/CodingTest_JS.git
 ! [rejected]        master -> master (non-fast-forward)
error: failed to push some refs to 'github.com:JEONGHWANMIN/CodingTest_JS.git'
hint: Updates were rejected because the tip of your current branch is behind
hint: its remote counterpart. Integrate the remote changes (e.g.
hint: 'git pull ...') before pushing again.
hint: See the 'Note about fast-forwards' in 'git push --help' for details.
##### AUTO PUSH END #####
##### PUSH START : 2023-11-25 17:50:00 #####
On branch master
Your branch and 'origin/master' have diverged,
and have 1 and 2 different commits each, respectively.
  (use "git pull" to merge the remote branch into yours)

Changes to be committed:
  (use "git restore --staged <file>..." to unstage)
	modified:   autopush.sh.log

[master 48be505] git commit auto push
 1 file changed, 21 insertions(+)
To github.com:JEONGHWANMIN/CodingTest_JS.git
 ! [rejected]        master -> master (fetch first)
error: failed to push some refs to 'github.com:JEONGHWANMIN/CodingTest_JS.git'
hint: Updates were rejected because the remote contains work that you do
hint: not have locally. This is usually caused by another repository pushing
hint: to the same ref. You may want to first integrate the remote changes
hint: (e.g., 'git pull ...') before pushing again.
hint: See the 'Note about fast-forwards' in 'git push --help' for details.
##### AUTO PUSH END #####
##### PUSH START : 2023-11-30 17:50:00 #####
On branch master
Your branch is up to date with 'origin/master'.

Changes to be committed:
  (use "git restore --staged <file>..." to unstage)
	modified:   BackJoon/Input.txt
	new file:   "BackJoon/bactracking/\354\212\244\353\217\204\354\277\240.js"
	modified:   autopush.sh.log

[master 03cd9b8] git commit auto push
 3 files changed, 23 insertions(+), 1 deletion(-)
 create mode 100644 "BackJoon/bactracking/\354\212\244\353\217\204\354\277\240.js"
To github.com:JEONGHWANMIN/CodingTest_JS.git
   e5ace22..03cd9b8  master -> master
##### AUTO PUSH END #####
##### PUSH START : 2023-12-01 17:50:01 #####
On branch master
Your branch is up to date with 'origin/master'.

Changes to be committed:
  (use "git restore --staged <file>..." to unstage)
	modified:   BackJoon/Input.txt
	new file:   "BackJoon/bactracking/\354\212\244\355\203\200\355\212\270\354\231\200\353\247\201\355\201\254.js"
	modified:   "BackJoon/bactracking/\354\227\260\354\202\260\354\236\220\353\201\274\354\233\214\353\204\243\352\270\260.js"
	modified:   autopush.sh.log

[master fa080d9] git commit auto push
 4 files changed, 78 insertions(+), 3 deletions(-)
 create mode 100644 "BackJoon/bactracking/\354\212\244\355\203\200\355\212\270\354\231\200\353\247\201\355\201\254.js"
To github.com:JEONGHWANMIN/CodingTest_JS.git
   6fd6e37..fa080d9  master -> master
##### AUTO PUSH END #####
##### PUSH START : 2023-12-04 17:50:01 #####
You have not agreed to the Xcode license agreements. Please run 'sudo xcodebuild -license' from within a Terminal window to review and agree to the Xcode and Apple SDKs license.
You have not agreed to the Xcode license agreements. Please run 'sudo xcodebuild -license' from within a Terminal window to review and agree to the Xcode and Apple SDKs license.
You have not agreed to the Xcode license agreements. Please run 'sudo xcodebuild -license' from within a Terminal window to review and agree to the Xcode and Apple SDKs license.
You have not agreed to the Xcode license agreements. Please run 'sudo xcodebuild -license' from within a Terminal window to review and agree to the Xcode and Apple SDKs license.
##### AUTO PUSH END #####
