##### PUSH START : 2022-11-30 17:50:00 #####
On branch master
Your branch is up to date with 'origin/master'.

Changes to be committed:
  (use "git restore --staged <file>..." to unstage)
	deleted:    Algo/GCD.js
	deleted:    Algo/LCS.js
	deleted:    Algo/browserStack.js
	deleted:    Algo/createMatrix.js
	deleted:    Algo/dfs-bfs.js
	deleted:    Algo/getDirections.js
	deleted:    Algo/graph.js
	deleted:    Algo/maxBinaryHeap.js
	deleted:    Algo/paveBox.js
	deleted:    Algo/permutations.js
	deleted:    Algo/python/LCS.py
	deleted:    Algo/python/QuickSort.py
	deleted:    Algo/python/Set.py
	deleted:    Algo/python/basic_DFS.py
	deleted:    Algo/python/coins.py
	deleted:    Algo/que.js
	deleted:    Algo/queuePrinter.js
	deleted:    Algo/stack.js
	deleted:    Algo/test.js
	deleted:    Algo/test2.js
	deleted:    Algo/test3.js
	deleted:    Algo/test4.js
	deleted:    Algo/test5.js
	deleted:    Algo/test6.js
	deleted:    Algo/test7.js
	deleted:    Algo/test8.js
	deleted:    Algo/test9.js
	new file:   BackJoon/bactracking/15650.js
	modified:   autopush.sh.log

[master f2d7fa4] git commit auto push
 29 files changed, 14 insertions(+), 1040 deletions(-)
 delete mode 100644 Algo/GCD.js
 delete mode 100644 Algo/LCS.js
 delete mode 100644 Algo/browserStack.js
 delete mode 100644 Algo/createMatrix.js
 delete mode 100644 Algo/dfs-bfs.js
 delete mode 100644 Algo/getDirections.js
 delete mode 100644 Algo/graph.js
 delete mode 100644 Algo/maxBinaryHeap.js
 delete mode 100644 Algo/paveBox.js
 delete mode 100644 Algo/permutations.js
 delete mode 100644 Algo/python/LCS.py
 delete mode 100644 Algo/python/QuickSort.py
 delete mode 100644 Algo/python/Set.py
 delete mode 100644 Algo/python/basic_DFS.py
 delete mode 100644 Algo/python/coins.py
 delete mode 100644 Algo/que.js
 delete mode 100644 Algo/queuePrinter.js
 delete mode 100644 Algo/stack.js
 delete mode 100644 Algo/test.js
 delete mode 100644 Algo/test2.js
 delete mode 100644 Algo/test3.js
 delete mode 100644 Algo/test4.js
 delete mode 100644 Algo/test5.js
 delete mode 100644 Algo/test6.js
 delete mode 100644 Algo/test7.js
 delete mode 100644 Algo/test8.js
 delete mode 100644 Algo/test9.js
 create mode 100644 BackJoon/bactracking/15650.js
To github.com:JEONGHWANMIN/CodingTest_JS.git
   2b5b611..f2d7fa4  master -> master
##### AUTO PUSH END #####
##### PUSH START : 2022-12-01 17:50:00 #####
On branch master
Your branch is up to date with 'origin/master'.

Changes to be committed:
  (use "git restore --staged <file>..." to unstage)
	modified:   autopush.sh.log

[master 67d5fc9] git commit auto push
 1 file changed, 1 insertion(+)
To github.com:JEONGHWANMIN/CodingTest_JS.git
   1a937d9..67d5fc9  master -> master
##### AUTO PUSH END #####
##### PUSH START : 2022-12-02 17:50:00 #####
On branch master
Your branch is up to date with 'origin/master'.

Changes to be committed:
  (use "git restore --staged <file>..." to unstage)
	modified:   autopush.sh.log

[master 2051c10] git commit auto push
 1 file changed, 1 insertion(+)
To github.com:JEONGHWANMIN/CodingTest_JS.git
   fd17e6f..2051c10  master -> master
##### AUTO PUSH END #####
##### PUSH START : 2022-12-03 17:50:00 #####
On branch master
Your branch is up to date with 'origin/master'.

Changes to be committed:
  (use "git restore --staged <file>..." to unstage)
	modified:   autopush.sh.log

[master e8c8c16] git commit auto push
 1 file changed, 1 insertion(+)
To github.com:JEONGHWANMIN/CodingTest_JS.git
   4d11353..e8c8c16  master -> master
##### AUTO PUSH END #####
##### PUSH START : 2022-12-05 17:50:00 #####
On branch master
Your branch is ahead of 'origin/master' by 1 commit.
  (use "git push" to publish your local commits)

Changes to be committed:
  (use "git restore --staged <file>..." to unstage)
	modified:   BackJoon/Input.txt
	new file:   BackJoon/bactracking/14888.js
	modified:   autopush.sh.log

[master 60909fe] git commit auto push
 3 files changed, 44 insertions(+), 1 deletion(-)
 create mode 100644 BackJoon/bactracking/14888.js
To github.com:JEONGHWANMIN/CodingTest_JS.git
   e8c8c16..60909fe  master -> master
##### AUTO PUSH END #####
##### PUSH START : 2022-12-06 17:50:01 #####
On branch master
Your branch is ahead of 'origin/master' by 2 commits.
  (use "git push" to publish your local commits)

Changes to be committed:
  (use "git restore --staged <file>..." to unstage)
	modified:   autopush.sh.log

[master 8e67989] git commit auto push
 1 file changed, 17 insertions(+)
To github.com:JEONGHWANMIN/CodingTest_JS.git
   60909fe..8e67989  master -> master
##### AUTO PUSH END #####
##### PUSH START : 2022-12-09 17:50:00 #####
On branch master
Your branch is up to date with 'origin/master'.

Changes to be committed:
  (use "git restore --staged <file>..." to unstage)
	modified:   autopush.sh.log

[master df76fb6] git commit auto push
 1 file changed, 1 insertion(+)
To github.com:JEONGHWANMIN/CodingTest_JS.git
   c9c1d56..df76fb6  master -> master
##### AUTO PUSH END #####
##### PUSH START : 2022-12-11 17:50:00 #####
On branch master
Your branch is up to date with 'origin/master'.

Changes to be committed:
  (use "git restore --staged <file>..." to unstage)
	modified:   autopush.sh.log

[master d68ed41] git commit auto push
 1 file changed, 1 insertion(+)
To github.com:JEONGHWANMIN/CodingTest_JS.git
   615e6d9..d68ed41  master -> master
##### AUTO PUSH END #####
##### PUSH START : 2022-12-12 17:50:00 #####
On branch master
Your branch is ahead of 'origin/master' by 1 commit.
  (use "git push" to publish your local commits)

Changes to be committed:
  (use "git restore --staged <file>..." to unstage)
	modified:   autopush.sh.log

[master dbb3518] git commit auto push
 1 file changed, 13 insertions(+)
To github.com:JEONGHWANMIN/CodingTest_JS.git
   d68ed41..dbb3518  master -> master
##### AUTO PUSH END #####
##### PUSH START : 2022-12-13 17:53:30 #####
On branch master
Your branch is ahead of 'origin/master' by 2 commits.
  (use "git push" to publish your local commits)

Changes to be committed:
  (use "git restore --staged <file>..." to unstage)
	modified:   autopush.sh.log

[master 69edf4b] git commit auto push
 1 file changed, 14 insertions(+)
ssh: connect to host github.com port 22: Undefined error: 0
fatal: Could not read from remote repository.

Please make sure you have the correct access rights
and the repository exists.
##### AUTO PUSH END #####
##### PUSH START : 2022-12-14 17:50:00 #####
On branch master
Your branch is ahead of 'origin/master' by 3 commits.
  (use "git push" to publish your local commits)

Changes to be committed:
  (use "git restore --staged <file>..." to unstage)
	modified:   autopush.sh.log

[master 816e48f] git commit auto push
 1 file changed, 17 insertions(+)
To github.com:JEONGHWANMIN/CodingTest_JS.git
   dbb3518..816e48f  master -> master
##### AUTO PUSH END #####
##### PUSH START : 2022-12-19 17:50:00 #####
On branch master
Your branch is ahead of 'origin/master' by 4 commits.
  (use "git push" to publish your local commits)

Changes to be committed:
  (use "git restore --staged <file>..." to unstage)
	modified:   autopush.sh.log

[master 982921d] git commit auto push
 1 file changed, 14 insertions(+)
To github.com:JEONGHWANMIN/CodingTest_JS.git
   816e48f..982921d  master -> master
##### AUTO PUSH END #####
##### PUSH START : 2022-12-20 17:50:00 #####
On branch master
Your branch is ahead of 'origin/master' by 5 commits.
  (use "git push" to publish your local commits)

Changes to be committed:
  (use "git restore --staged <file>..." to unstage)
	modified:   autopush.sh.log

[master c9b3a6c] git commit auto push
 1 file changed, 14 insertions(+)
To github.com:JEONGHWANMIN/CodingTest_JS.git
   982921d..c9b3a6c  master -> master
##### AUTO PUSH END #####
##### PUSH START : 2023-01-01 17:50:00 #####
On branch master
Your branch is up to date with 'origin/master'.

Changes to be committed:
  (use "git restore --staged <file>..." to unstage)
	modified:   autopush.sh.log

[master 9fc55f2] git commit auto push
 1 file changed, 1 insertion(+)
To github.com:JEONGHWANMIN/CodingTest_JS.git
   798f242..9fc55f2  master -> master
##### AUTO PUSH END #####
##### PUSH START : 2023-01-09 17:50:00 #####
On branch master
Your branch is up to date with 'origin/master'.

Changes to be committed:
  (use "git restore --staged <file>..." to unstage)
	modified:   autopush.sh.log

[master 0999e60] git commit auto push
 1 file changed, 1 insertion(+)
To github.com:JEONGHWANMIN/CodingTest_JS.git
   6e27537..0999e60  master -> master
##### AUTO PUSH END #####
##### PUSH START : 2023-01-13 17:50:00 #####
On branch master
Your branch is up to date with 'origin/master'.

Changes to be committed:
  (use "git restore --staged <file>..." to unstage)
	modified:   autopush.sh.log

[master 3e52b34] git commit auto push
 1 file changed, 1 insertion(+)
To github.com:JEONGHWANMIN/CodingTest_JS.git
   59905d8..3e52b34  master -> master
##### AUTO PUSH END #####
##### PUSH START : 2023-01-15 17:50:00 #####
On branch master
Your branch is ahead of 'origin/master' by 1 commit.
  (use "git push" to publish your local commits)

Changes to be committed:
  (use "git restore --staged <file>..." to unstage)
	modified:   autopush.sh.log

[master c20f03c] git commit auto push
 1 file changed, 13 insertions(+)
To github.com:JEONGHWANMIN/CodingTest_JS.git
   3e52b34..c20f03c  master -> master
##### AUTO PUSH END #####
##### PUSH START : 2023-01-17 17:50:00 #####
On branch master
Your branch is ahead of 'origin/master' by 2 commits.
  (use "git push" to publish your local commits)

Changes to be committed:
  (use "git restore --staged <file>..." to unstage)
	modified:   autopush.sh.log

[master c0c14e3] git commit auto push
 1 file changed, 14 insertions(+)
To github.com:JEONGHWANMIN/CodingTest_JS.git
   c20f03c..c0c14e3  master -> master
##### AUTO PUSH END #####
##### PUSH START : 2023-01-18 17:50:17 #####
On branch master
Your branch is up to date with 'origin/master'.

Changes to be committed:
  (use "git restore --staged <file>..." to unstage)
	modified:   autopush.sh.log

[master 8c5a21d] git commit auto push
 1 file changed, 1 insertion(+)
To github.com:JEONGHWANMIN/CodingTest_JS.git
   6412922..8c5a21d  master -> master
##### AUTO PUSH END #####
##### PUSH START : 2023-01-19 17:50:00 #####
On branch master
Your branch is ahead of 'origin/master' by 1 commit.
  (use "git push" to publish your local commits)

Changes to be committed:
  (use "git restore --staged <file>..." to unstage)
	modified:   autopush.sh.log

[master 6760474] git commit auto push
 1 file changed, 13 insertions(+)
To github.com:JEONGHWANMIN/CodingTest_JS.git
   8c5a21d..6760474  master -> master
##### AUTO PUSH END #####
##### PUSH START : 2023-01-20 17:50:02 #####
On branch master
Your branch is up to date with 'origin/master'.

Changes to be committed:
  (use "git restore --staged <file>..." to unstage)
	modified:   autopush.sh.log

[master 9d90a29] git commit auto push
 1 file changed, 14 insertions(+)
ssh: connect to host github.com port 22: Undefined error: 0
fatal: Could not read from remote repository.

Please make sure you have the correct access rights
and the repository exists.
##### AUTO PUSH END #####
##### PUSH START : 2023-01-24 17:50:00 #####
On branch master
Your branch is ahead of 'origin/master' by 1 commit.
  (use "git push" to publish your local commits)

Changes to be committed:
  (use "git restore --staged <file>..." to unstage)
	modified:   autopush.sh.log

[master 9afb90c] git commit auto push
 1 file changed, 16 insertions(+)
To github.com:JEONGHWANMIN/CodingTest_JS.git
 ! [rejected]        master -> master (fetch first)
error: failed to push some refs to 'github.com:JEONGHWANMIN/CodingTest_JS.git'
hint: Updates were rejected because the remote contains work that you do
hint: not have locally. This is usually caused by another repository pushing
hint: to the same ref. You may want to first integrate the remote changes
hint: (e.g., 'git pull ...') before pushing again.
hint: See the 'Note about fast-forwards' in 'git push --help' for details.
##### AUTO PUSH END #####
##### PUSH START : 2023-01-29 17:50:00 #####
On branch master
Your branch is ahead of 'origin/master' by 2 commits.
  (use "git push" to publish your local commits)

Changes to be committed:
  (use "git restore --staged <file>..." to unstage)
	modified:   autopush.sh.log

[master dfe4c90] git commit auto push
 1 file changed, 20 insertions(+)
To github.com:JEONGHWANMIN/CodingTest_JS.git
 ! [rejected]        master -> master (fetch first)
error: failed to push some refs to 'github.com:JEONGHWANMIN/CodingTest_JS.git'
hint: Updates were rejected because the remote contains work that you do
hint: not have locally. This is usually caused by another repository pushing
hint: to the same ref. You may want to first integrate the remote changes
hint: (e.g., 'git pull ...') before pushing again.
hint: See the 'Note about fast-forwards' in 'git push --help' for details.
##### AUTO PUSH END #####
##### PUSH START : 2023-02-02 17:50:00 #####
On branch master
Your branch is ahead of 'origin/master' by 3 commits.
  (use "git push" to publish your local commits)

Changes to be committed:
  (use "git restore --staged <file>..." to unstage)
	modified:   autopush.sh.log

[master 0308e1c] git commit auto push
 1 file changed, 20 insertions(+)
To github.com:JEONGHWANMIN/CodingTest_JS.git
 ! [rejected]        master -> master (fetch first)
error: failed to push some refs to 'github.com:JEONGHWANMIN/CodingTest_JS.git'
hint: Updates were rejected because the remote contains work that you do
hint: not have locally. This is usually caused by another repository pushing
hint: to the same ref. You may want to first integrate the remote changes
hint: (e.g., 'git pull ...') before pushing again.
hint: See the 'Note about fast-forwards' in 'git push --help' for details.
##### AUTO PUSH END #####
##### PUSH START : 2023-02-11 17:50:00 #####
On branch master
Your branch is up to date with 'origin/master'.

Changes to be committed:
  (use "git restore --staged <file>..." to unstage)
	modified:   autopush.sh.log
	modified:   leetcode/etc/14.LongestCommonPrefix.js

[master f8e6fd4] git commit auto push
 2 files changed, 2 insertions(+)
To github.com:JEONGHWANMIN/CodingTest_JS.git
   1da269e..f8e6fd4  master -> master
##### AUTO PUSH END #####
##### PUSH START : 2023-03-05 17:50:00 #####
On branch master
Your branch is up to date with 'origin/master'.

Changes to be committed:
  (use "git restore --staged <file>..." to unstage)
	modified:   BackJoon/Input.txt
	new file:   BackJoon/string/11.js
	modified:   autopush.sh.log

[master 6e0244a] git commit auto push
 3 files changed, 7 insertions(+), 3 deletions(-)
 create mode 100644 BackJoon/string/11.js
To github.com:JEONGHWANMIN/CodingTest_JS.git
   6458e5a..6e0244a  master -> master
##### AUTO PUSH END #####
##### PUSH START : 2023-03-19 17:50:00 #####
On branch master
Your branch is up to date with 'origin/master'.

Changes to be committed:
  (use "git restore --staged <file>..." to unstage)
	modified:   autopush.sh.log

[master 94715b4] git commit auto push
 1 file changed, 16 insertions(+)
To github.com:JEONGHWANMIN/CodingTest_JS.git
   6e0244a..94715b4  master -> master
##### AUTO PUSH END #####
##### PUSH START : 2023-03-20 17:50:01 #####
On branch master
Your branch is ahead of 'origin/master' by 1 commit.
  (use "git push" to publish your local commits)

Changes to be committed:
  (use "git restore --staged <file>..." to unstage)
	modified:   autopush.sh.log

[master da74e7b] git commit auto push
 1 file changed, 13 insertions(+)
To github.com:JEONGHWANMIN/CodingTest_JS.git
   94715b4..da74e7b  master -> master
##### AUTO PUSH END #####
##### PUSH START : 2023-04-01 17:50:00 #####
On branch master
Your branch is up to date with 'origin/master'.

Changes to be committed:
  (use "git restore --staged <file>..." to unstage)
	modified:   autopush.sh.log

[master 8043b8e] git commit auto push
 1 file changed, 1 insertion(+)
To github.com:JEONGHWANMIN/CodingTest_JS.git
   43fc675..8043b8e  master -> master
##### AUTO PUSH END #####
##### PUSH START : 2023-04-02 17:50:00 #####
On branch master
Your branch is ahead of 'origin/master' by 1 commit.
  (use "git push" to publish your local commits)

Changes to be committed:
  (use "git restore --staged <file>..." to unstage)
	modified:   autopush.sh.log

[master ce777f4] git commit auto push
 1 file changed, 13 insertions(+)
To github.com:JEONGHWANMIN/CodingTest_JS.git
   8043b8e..ce777f4  master -> master
##### AUTO PUSH END #####
##### PUSH START : 2023-04-16 17:50:00 #####
On branch master
Your branch is ahead of 'origin/master' by 2 commits.
  (use "git push" to publish your local commits)

Changes to be committed:
  (use "git restore --staged <file>..." to unstage)
	modified:   autopush.sh.log

[master da3f1bd] git commit auto push
 1 file changed, 14 insertions(+)
To github.com:JEONGHWANMIN/CodingTest_JS.git
 ! [rejected]        master -> master (fetch first)
error: failed to push some refs to 'github.com:JEONGHWANMIN/CodingTest_JS.git'
hint: Updates were rejected because the remote contains work that you do
hint: not have locally. This is usually caused by another repository pushing
hint: to the same ref. You may want to first integrate the remote changes
hint: (e.g., 'git pull ...') before pushing again.
hint: See the 'Note about fast-forwards' in 'git push --help' for details.
##### AUTO PUSH END #####
##### PUSH START : 2023-04-29 17:50:00 #####
On branch master
Your branch is up to date with 'origin/master'.

Changes to be committed:
  (use "git restore --staged <file>..." to unstage)
	modified:   autopush.sh.log

[master 747e132] git commit auto push
 1 file changed, 1 insertion(+)
To github.com:JEONGHWANMIN/CodingTest_JS.git
 ! [rejected]        master -> master (fetch first)
error: failed to push some refs to 'github.com:JEONGHWANMIN/CodingTest_JS.git'
hint: Updates were rejected because the remote contains work that you do
hint: not have locally. This is usually caused by another repository pushing
hint: to the same ref. You may want to first integrate the remote changes
hint: (e.g., 'git pull ...') before pushing again.
hint: See the 'Note about fast-forwards' in 'git push --help' for details.
##### AUTO PUSH END #####
##### PUSH START : 2023-05-29 17:50:00 #####
On branch master
Your branch is ahead of 'origin/master' by 1 commit.
  (use "git push" to publish your local commits)

Changes to be committed:
  (use "git restore --staged <file>..." to unstage)
	modified:   autopush.sh.log

[master 554deea] git commit auto push
 1 file changed, 19 insertions(+)
To github.com:JEONGHWANMIN/CodingTest_JS.git
 ! [rejected]        master -> master (fetch first)
error: failed to push some refs to 'github.com:JEONGHWANMIN/CodingTest_JS.git'
hint: Updates were rejected because the remote contains work that you do
hint: not have locally. This is usually caused by another repository pushing
hint: to the same ref. You may want to first integrate the remote changes
hint: (e.g., 'git pull ...') before pushing again.
hint: See the 'Note about fast-forwards' in 'git push --help' for details.
##### AUTO PUSH END #####
##### PUSH START : 2023-06-25 17:50:00 #####
On branch master
Your branch is ahead of 'origin/master' by 2 commits.
  (use "git push" to publish your local commits)

Changes to be committed:
  (use "git restore --staged <file>..." to unstage)
	modified:   autopush.sh.log

[master 966ad0f] git commit auto push
 1 file changed, 20 insertions(+)
To github.com:JEONGHWANMIN/CodingTest_JS.git
 ! [rejected]        master -> master (fetch first)
error: failed to push some refs to 'github.com:JEONGHWANMIN/CodingTest_JS.git'
hint: Updates were rejected because the remote contains work that you do
hint: not have locally. This is usually caused by another repository pushing
hint: to the same ref. You may want to first integrate the remote changes
hint: (e.g., 'git pull ...') before pushing again.
hint: See the 'Note about fast-forwards' in 'git push --help' for details.
##### AUTO PUSH END #####
##### PUSH START : 2023-07-30 17:50:00 #####
On branch master
Your branch is ahead of 'origin/master' by 3 commits.
  (use "git push" to publish your local commits)

Changes to be committed:
  (use "git restore --staged <file>..." to unstage)
	modified:   autopush.sh.log

[master 691cfdc] git commit auto push
 1 file changed, 20 insertions(+)
To github.com:JEONGHWANMIN/CodingTest_JS.git
 ! [rejected]        master -> master (fetch first)
error: failed to push some refs to 'github.com:JEONGHWANMIN/CodingTest_JS.git'
hint: Updates were rejected because the remote contains work that you do
hint: not have locally. This is usually caused by another repository pushing
hint: to the same ref. You may want to first integrate the remote changes
hint: (e.g., 'git pull ...') before pushing again.
hint: See the 'Note about fast-forwards' in 'git push --help' for details.
##### AUTO PUSH END #####
##### PUSH START : 2023-08-06 17:50:01 #####
On branch master
Your branch is ahead of 'origin/master' by 4 commits.
  (use "git push" to publish your local commits)

Changes to be committed:
  (use "git restore --staged <file>..." to unstage)
	modified:   autopush.sh.log

[master 71077e1] git commit auto push
 1 file changed, 20 insertions(+)
To github.com:JEONGHWANMIN/CodingTest_JS.git
 ! [rejected]        master -> master (fetch first)
error: failed to push some refs to 'github.com:JEONGHWANMIN/CodingTest_JS.git'
hint: Updates were rejected because the remote contains work that you do
hint: not have locally. This is usually caused by another repository pushing
hint: to the same ref. You may want to first integrate the remote changes
hint: (e.g., 'git pull ...') before pushing again.
hint: See the 'Note about fast-forwards' in 'git push --help' for details.
##### AUTO PUSH END #####
##### PUSH START : 2023-08-19 17:50:00 #####
On branch master
Your branch is ahead of 'origin/master' by 5 commits.
  (use "git push" to publish your local commits)

Changes to be committed:
  (use "git restore --staged <file>..." to unstage)
	modified:   autopush.sh.log

[master 5e1791d] git commit auto push
 1 file changed, 20 insertions(+)
To github.com:JEONGHWANMIN/CodingTest_JS.git
 ! [rejected]        master -> master (fetch first)
error: failed to push some refs to 'github.com:JEONGHWANMIN/CodingTest_JS.git'
hint: Updates were rejected because the remote contains work that you do
hint: not have locally. This is usually caused by another repository pushing
hint: to the same ref. You may want to first integrate the remote changes
hint: (e.g., 'git pull ...') before pushing again.
hint: See the 'Note about fast-forwards' in 'git push --help' for details.
##### AUTO PUSH END #####
##### PUSH START : 2023-09-02 17:50:00 #####
