##### auto push start #####
On branch master
Your branch is up to date with 'origin/master'.

Changes to be committed:
  (use "git restore --staged <file>..." to unstage)
	modified:   autopush.sh
	new file:   autopush.sh.log

[master 1ab0e8a] git commit auto push
 2 files changed, 3 insertions(+), 1 deletion(-)
 create mode 100644 autopush.sh.log
fatal: could not read Username for 'https://github.com': Device not configured
##### auto push end #####
##### auto push start #####
On branch master
Your branch is ahead of 'origin/master' by 1 commit.
  (use "git push" to publish your local commits)

Changes to be committed:
  (use "git restore --staged <file>..." to unstage)
	modified:   autopush.sh.log

[master 3f094ef] git commit auto push
 1 file changed, 14 insertions(+)
fatal: could not read Username for 'https://github.com': Device not configured
##### auto push end #####
##### auto push start #####
On branch master
Your branch is ahead of 'origin/master' by 2 commits.
  (use "git push" to publish your local commits)

Changes to be committed:
  (use "git restore --staged <file>..." to unstage)
	modified:   autopush.sh.log

[master 3c84eae] git commit auto push
 1 file changed, 13 insertions(+)
fatal: could not read Username for 'https://github.com': Device not configured
##### auto push end #####
##### auto push start #####
On branch master
Your branch is ahead of 'origin/master' by 3 commits.
  (use "git push" to publish your local commits)

Changes to be committed:
  (use "git restore --staged <file>..." to unstage)
	modified:   autopush.sh.log

[master 59b90f2] git commit auto push
 1 file changed, 13 insertions(+)
fatal: could not read Username for 'https://github.com': Device not configured
##### auto push end #####
##### auto push start #####
On branch master
Your branch is ahead of 'origin/master' by 4 commits.
  (use "git push" to publish your local commits)

Changes to be committed:
  (use "git restore --staged <file>..." to unstage)
	modified:   autopush.sh.log

[master 242d574] git commit auto push
 1 file changed, 13 insertions(+)
fatal: could not read Username for 'https://github.com': Device not configured
##### auto push end #####
##### auto push start #####
On branch master
Your branch is ahead of 'origin/master' by 5 commits.
  (use "git push" to publish your local commits)

Changes to be committed:
  (use "git restore --staged <file>..." to unstage)
	modified:   autopush.sh
	modified:   autopush.sh.log

[master c4d3703] git commit auto push
 2 files changed, 14 insertions(+), 1 deletion(-)
fatal: could not read Username for 'https://github.com': Device not configured
##### auto push end #####
##### auto push start #####
On branch master
Your branch is up to date with 'origin/master'.

Changes to be committed:
  (use "git restore --staged <file>..." to unstage)
	modified:   autopush.sh.log

[master 7391acf] git commit auto push
 1 file changed, 1 insertion(+)
fatal: could not read Username for 'https://github.com': Device not configured
##### auto push end #####
##### auto push start #####
On branch master
Your branch is ahead of 'origin/master' by 1 commit.
  (use "git push" to publish your local commits)

Changes to be committed:
  (use "git restore --staged <file>..." to unstage)
	modified:   autopush.sh.log

[master 153611f] git commit auto push
 1 file changed, 12 insertions(+)
fatal: could not read Username for 'https://github.com': Device not configured
##### auto push end #####
##### auto push start #####
On branch master
Your branch is ahead of 'origin/master' by 2 commits.
  (use "git push" to publish your local commits)

Changes to be committed:
  (use "git restore --staged <file>..." to unstage)
	modified:   autopush.sh.log

[master 49433f9] git commit auto push
 1 file changed, 13 insertions(+)
fatal: could not read Username for 'https://github.com': Device not configured
##### auto push end #####
##### auto push start #####
