##### auto push start #####
On branch master
Your branch is up to date with 'origin/master'.

Changes to be committed:
  (use "git restore --staged <file>..." to unstage)
	modified:   autopush.sh
	new file:   autopush.sh.log

[master 1ab0e8a] git commit auto push
 2 files changed, 3 insertions(+), 1 deletion(-)
 create mode 100644 autopush.sh.log
fatal: could not read Username for 'https://github.com': Device not configured
##### auto push end #####
##### auto push start #####
On branch master
Your branch is ahead of 'origin/master' by 1 commit.
  (use "git push" to publish your local commits)

Changes to be committed:
  (use "git restore --staged <file>..." to unstage)
	modified:   autopush.sh.log

[master 3f094ef] git commit auto push
 1 file changed, 14 insertions(+)
fatal: could not read Username for 'https://github.com': Device not configured
##### auto push end #####
##### auto push start #####
On branch master
Your branch is ahead of 'origin/master' by 2 commits.
  (use "git push" to publish your local commits)

Changes to be committed:
  (use "git restore --staged <file>..." to unstage)
	modified:   autopush.sh.log

[master 3c84eae] git commit auto push
 1 file changed, 13 insertions(+)
fatal: could not read Username for 'https://github.com': Device not configured
##### auto push end #####
##### auto push start #####
On branch master
Your branch is ahead of 'origin/master' by 3 commits.
  (use "git push" to publish your local commits)

Changes to be committed:
  (use "git restore --staged <file>..." to unstage)
	modified:   autopush.sh.log

[master 59b90f2] git commit auto push
 1 file changed, 13 insertions(+)
fatal: could not read Username for 'https://github.com': Device not configured
##### auto push end #####
##### auto push start #####
On branch master
Your branch is ahead of 'origin/master' by 4 commits.
  (use "git push" to publish your local commits)

Changes to be committed:
  (use "git restore --staged <file>..." to unstage)
	modified:   autopush.sh.log

[master 242d574] git commit auto push
 1 file changed, 13 insertions(+)
fatal: could not read Username for 'https://github.com': Device not configured
##### auto push end #####
##### auto push start #####
On branch master
Your branch is ahead of 'origin/master' by 5 commits.
  (use "git push" to publish your local commits)

Changes to be committed:
  (use "git restore --staged <file>..." to unstage)
	modified:   autopush.sh
	modified:   autopush.sh.log

[master c4d3703] git commit auto push
 2 files changed, 14 insertions(+), 1 deletion(-)
fatal: could not read Username for 'https://github.com': Device not configured
##### auto push end #####
##### auto push start #####
On branch master
Your branch is up to date with 'origin/master'.

Changes to be committed:
  (use "git restore --staged <file>..." to unstage)
	modified:   autopush.sh.log

[master 7391acf] git commit auto push
 1 file changed, 1 insertion(+)
fatal: could not read Username for 'https://github.com': Device not configured
##### auto push end #####
##### auto push start #####
On branch master
Your branch is ahead of 'origin/master' by 1 commit.
  (use "git push" to publish your local commits)

Changes to be committed:
  (use "git restore --staged <file>..." to unstage)
	modified:   autopush.sh.log

[master 153611f] git commit auto push
 1 file changed, 12 insertions(+)
fatal: could not read Username for 'https://github.com': Device not configured
##### auto push end #####
##### auto push start #####
On branch master
Your branch is ahead of 'origin/master' by 2 commits.
  (use "git push" to publish your local commits)

Changes to be committed:
  (use "git restore --staged <file>..." to unstage)
	modified:   autopush.sh.log

[master 49433f9] git commit auto push
 1 file changed, 13 insertions(+)
fatal: could not read Username for 'https://github.com': Device not configured
##### auto push end #####
##### auto push start #####
On branch master
Your branch is ahead of 'origin/master' by 3 commits.
  (use "git push" to publish your local commits)

Changes to be committed:
  (use "git restore --staged <file>..." to unstage)
	modified:   autopush.sh.log

[master b8744a5] git commit auto push
 1 file changed, 13 insertions(+)
fatal: could not read Username for 'https://github.com': Device not configured
##### auto push end #####
##### auto push start #####
On branch master
Your branch is ahead of 'origin/master' by 4 commits.
  (use "git push" to publish your local commits)

Changes to be committed:
  (use "git restore --staged <file>..." to unstage)
	modified:   autopush.sh.log

[master de4aa65] git commit auto push
 1 file changed, 13 insertions(+)
fatal: could not read Username for 'https://github.com': Device not configured
##### auto push end #####
##### auto push start #####
On branch master
Your branch is ahead of 'origin/master' by 5 commits.
  (use "git push" to publish your local commits)

Changes to be committed:
  (use "git restore --staged <file>..." to unstage)
	modified:   autopush.sh.log

[master 0c7c65b] git commit auto push
 1 file changed, 13 insertions(+)
fatal: could not read Username for 'https://github.com': Device not configured
##### auto push end #####
##### auto push start #####
On branch master
Your branch is ahead of 'origin/master' by 6 commits.
  (use "git push" to publish your local commits)

Changes to be committed:
  (use "git restore --staged <file>..." to unstage)
	modified:   autopush.sh.log

[master 408eb74] git commit auto push
 1 file changed, 13 insertions(+)
fatal: could not read Username for 'https://github.com': Device not configured
##### auto push end #####
##### auto push start #####
On branch master
Your branch is ahead of 'origin/master' by 7 commits.
  (use "git push" to publish your local commits)

Changes to be committed:
  (use "git restore --staged <file>..." to unstage)
	modified:   autopush.sh.log

[master 6a1ee2c] git commit auto push
 1 file changed, 13 insertions(+)
fatal: could not read Username for 'https://github.com': Device not configured
##### auto push end #####
##### auto push start #####
On branch master
Your branch is ahead of 'origin/master' by 8 commits.
  (use "git push" to publish your local commits)

Changes to be committed:
  (use "git restore --staged <file>..." to unstage)
	modified:   autopush.sh.log

[master d54d839] git commit auto push
 1 file changed, 13 insertions(+)
fatal: could not read Username for 'https://github.com': Device not configured
##### auto push end #####
##### auto push start #####
On branch master
Your branch is ahead of 'origin/master' by 9 commits.
  (use "git push" to publish your local commits)

Changes to be committed:
  (use "git restore --staged <file>..." to unstage)
	modified:   autopush.sh.log

[master e7fcc11] git commit auto push
 1 file changed, 13 insertions(+)
fatal: could not read Username for 'https://github.com': Device not configured
##### auto push end #####
##### auto push start #####
On branch master
Your branch is ahead of 'origin/master' by 10 commits.
  (use "git push" to publish your local commits)

Changes to be committed:
  (use "git restore --staged <file>..." to unstage)
	modified:   autopush.sh.log

[master d6a3f5d] git commit auto push
 1 file changed, 13 insertions(+)
fatal: could not read Username for 'https://github.com': Device not configured
##### auto push end #####
##### auto push start #####
On branch master
Your branch is ahead of 'origin/master' by 11 commits.
  (use "git push" to publish your local commits)

Changes to be committed:
  (use "git restore --staged <file>..." to unstage)
	modified:   autopush.sh.log

[master 9ad8910] git commit auto push
 1 file changed, 13 insertions(+)
fatal: could not read Username for 'https://github.com': Device not configured
##### auto push end #####
##### auto push start #####
On branch master
Your branch is ahead of 'origin/master' by 12 commits.
  (use "git push" to publish your local commits)

Changes to be committed:
  (use "git restore --staged <file>..." to unstage)
	modified:   autopush.sh
	modified:   autopush.sh.log

[master 3f19361] git commit auto push
 2 files changed, 14 insertions(+), 1 deletion(-)
Host key verification failed.
fatal: Could not read from remote repository.

Please make sure you have the correct access rights
and the repository exists.
##### auto push end #####
##### auto push start #####
On branch master
Your branch is ahead of 'origin/master' by 13 commits.
  (use "git push" to publish your local commits)

Changes to be committed:
  (use "git restore --staged <file>..." to unstage)
	modified:   autopush.sh.log
	modified:   excute.py

[master 48fe197] git commit auto push
 2 files changed, 21 insertions(+), 1 deletion(-)
Host key verification failed.
fatal: Could not read from remote repository.

Please make sure you have the correct access rights
and the repository exists.
##### auto push end #####
##### auto push start #####
On branch master
Your branch is ahead of 'origin/master' by 14 commits.
  (use "git push" to publish your local commits)

Changes to be committed:
  (use "git restore --staged <file>..." to unstage)
	modified:   autopush.sh.log
	modified:   excute.py

[master 6c1e7c3] git commit auto push
 2 files changed, 20 insertions(+), 2 deletions(-)
Host key verification failed.
fatal: Could not read from remote repository.

Please make sure you have the correct access rights
and the repository exists.
##### auto push end #####
##### auto push start #####
On branch master
Your branch is ahead of 'origin/master' by 15 commits.
  (use "git push" to publish your local commits)

Changes to be committed:
  (use "git restore --staged <file>..." to unstage)
	modified:   autopush.sh.log

[master 304eab6] git commit auto push
 1 file changed, 18 insertions(+)
Host key verification failed.
fatal: Could not read from remote repository.

Please make sure you have the correct access rights
and the repository exists.
##### auto push end #####
##### auto push start #####
On branch master
Your branch is ahead of 'origin/master' by 16 commits.
  (use "git push" to publish your local commits)

Changes to be committed:
  (use "git restore --staged <file>..." to unstage)
	modified:   autopush.sh.log

[master 8fb742b] git commit auto push
 1 file changed, 17 insertions(+)
Host key verification failed.
fatal: Could not read from remote repository.

Please make sure you have the correct access rights
and the repository exists.
##### auto push end #####
##### auto push start #####
On branch master
Your branch is ahead of 'origin/master' by 17 commits.
  (use "git push" to publish your local commits)

Changes to be committed:
  (use "git restore --staged <file>..." to unstage)
	modified:   autopush.sh.log

[master ce227e7] git commit auto push
 1 file changed, 17 insertions(+)
Host key verification failed.
fatal: Could not read from remote repository.

Please make sure you have the correct access rights
and the repository exists.
##### auto push end #####
##### auto push start #####
On branch master
Your branch is ahead of 'origin/master' by 18 commits.
  (use "git push" to publish your local commits)

Changes to be committed:
  (use "git restore --staged <file>..." to unstage)
	modified:   autopush.sh.log
	modified:   excute.py

[master e571c3b] git commit auto push
 2 files changed, 18 insertions(+), 1 deletion(-)
To github.com:JEONGHWANMIN/CodingTest_JS.git
   71059ca..e571c3b  master -> master
##### auto push end #####
##### auto push start #####
On branch master
Your branch is ahead of 'origin/master' by 19 commits.
  (use "git push" to publish your local commits)

Changes to be committed:
  (use "git restore --staged <file>..." to unstage)
	modified:   autopush.sh.log

[master 147f65c] git commit auto push
 1 file changed, 19 insertions(+), 4 deletions(-)
To github.com:JEONGHWANMIN/CodingTest_JS.git
   e571c3b..147f65c  master -> master
##### auto push end #####
##### auto push start #####
On branch master
Your branch is ahead of 'origin/master' by 20 commits.
  (use "git push" to publish your local commits)

Changes to be committed:
  (use "git restore --staged <file>..." to unstage)
	modified:   autopush.sh.log

[master a0b69d9] git commit auto push
 1 file changed, 14 insertions(+)
To github.com:JEONGHWANMIN/CodingTest_JS.git
   147f65c..a0b69d9  master -> master
##### auto push end #####
##### auto push start #####
On branch master
Your branch is ahead of 'origin/master' by 21 commits.
  (use "git push" to publish your local commits)

Changes to be committed:
  (use "git restore --staged <file>..." to unstage)
	modified:   autopush.sh.log

[master 003b474] git commit auto push
 1 file changed, 14 insertions(+)
To github.com:JEONGHWANMIN/CodingTest_JS.git
   a0b69d9..003b474  master -> master
##### auto push end #####
##### auto push start #####
On branch master
Your branch is ahead of 'origin/master' by 22 commits.
  (use "git push" to publish your local commits)

Changes to be committed:
  (use "git restore --staged <file>..." to unstage)
	modified:   autopush.sh.log

[master 089ee98] git commit auto push
 1 file changed, 14 insertions(+)
To github.com:JEONGHWANMIN/CodingTest_JS.git
   003b474..089ee98  master -> master
##### auto push end #####
##### auto push start #####
