##### PUSH START : 2022-06-03 17:50:00 #####
On branch master
Your branch is ahead of 'origin/master' by 26 commits.
  (use "git push" to publish your local commits)

Changes to be committed:
  (use "git restore --staged <file>..." to unstage)
	modified:   BackJoon/Input.txt
	new file:   BackJoon/recursion/4.2447.ts
	new file:   BackJoon/recursion/5.11729.ts
	modified:   BackJoon/test.js
	modified:   autopush.sh
	modified:   autopush.sh.log

[master f7efbc3] git commit auto push
 6 files changed, 61 insertions(+), 70 deletions(-)
 create mode 100644 BackJoon/recursion/4.2447.ts
 create mode 100644 BackJoon/recursion/5.11729.ts
 rewrite BackJoon/test.js (98%)
 rewrite autopush.sh.log (100%)
To github.com:JEONGHWANMIN/CodingTest_JS.git
   c6fe207..f7efbc3  master -> master
##### AUTO PUSH END #####
##### PUSH START : 2022-06-06 17:50:00 #####
On branch master
Your branch is up to date with 'origin/master'.

Changes to be committed:
  (use "git restore --staged <file>..." to unstage)
	modified:   autopush.sh.log

[master cc3f296] git commit auto push
 1 file changed, 1 insertion(+)
To github.com:JEONGHWANMIN/CodingTest_JS.git
   535a467..cc3f296  master -> master
##### AUTO PUSH END #####
##### PUSH START : 2022-06-07 17:50:00 #####
On branch master
Your branch is ahead of 'origin/master' by 1 commit.
  (use "git push" to publish your local commits)

Changes to be committed:
  (use "git restore --staged <file>..." to unstage)
	modified:   BackJoon/test.js
	modified:   autopush.sh.log

[master 9c5e6eb] git commit auto push
 2 files changed, 43 insertions(+), 15 deletions(-)
 rewrite BackJoon/test.js (97%)
To github.com:JEONGHWANMIN/CodingTest_JS.git
   cc3f296..9c5e6eb  master -> master
##### AUTO PUSH END #####
##### PUSH START : 2022-06-08 17:50:00 #####
On branch master
Your branch is ahead of 'origin/master' by 2 commits.
  (use "git push" to publish your local commits)

Changes to be committed:
  (use "git restore --staged <file>..." to unstage)
	modified:   BackJoon/test.js
	modified:   autopush.sh.log

[master 02ad2b7] git commit auto push
 2 files changed, 34 insertions(+), 30 deletions(-)
 rewrite BackJoon/test.js (92%)
To github.com:JEONGHWANMIN/CodingTest_JS.git
   9c5e6eb..02ad2b7  master -> master
##### AUTO PUSH END #####
##### PUSH START : 2022-06-09 17:50:00 #####
On branch master
Your branch is ahead of 'origin/master' by 3 commits.
  (use "git push" to publish your local commits)

Changes to be committed:
  (use "git restore --staged <file>..." to unstage)
	modified:   BackJoon/test.js
	modified:   autopush.sh.log

[master c7cc068] git commit auto push
 2 files changed, 45 insertions(+), 18 deletions(-)
 rewrite BackJoon/test.js (83%)
To github.com:JEONGHWANMIN/CodingTest_JS.git
   02ad2b7..c7cc068  master -> master
##### AUTO PUSH END #####
##### PUSH START : 2022-06-10 17:50:00 #####
On branch master
Your branch is ahead of 'origin/master' by 4 commits.
  (use "git push" to publish your local commits)

Changes to be committed:
  (use "git restore --staged <file>..." to unstage)
	modified:   BackJoon/Input.txt
	modified:   BackJoon/brute_force/2.2231.ts
	new file:   BackJoon/brute_force/3.7568.ts
	new file:   BackJoon/brute_force/4.1018.ts
	modified:   BackJoon/test.js
	modified:   autopush.sh.log

[master 6cfbdf0] git commit auto push
 6 files changed, 96 insertions(+), 30 deletions(-)
 create mode 100644 BackJoon/brute_force/3.7568.ts
 create mode 100644 BackJoon/brute_force/4.1018.ts
 rewrite BackJoon/test.js (92%)
To github.com:JEONGHWANMIN/CodingTest_JS.git
   c7cc068..6cfbdf0  master -> master
##### AUTO PUSH END #####
##### PUSH START : 2022-06-12 17:50:01 #####
On branch master
Your branch is ahead of 'origin/master' by 5 commits.
  (use "git push" to publish your local commits)

Changes to be committed:
  (use "git restore --staged <file>..." to unstage)
	modified:   BackJoon/brute_force/4.1018.ts
	modified:   autopush.sh.log

[master 5b3e08b] git commit auto push
 2 files changed, 30 insertions(+), 3 deletions(-)
To github.com:JEONGHWANMIN/CodingTest_JS.git
   6cfbdf0..5b3e08b  master -> master
##### AUTO PUSH END #####
##### PUSH START : 2022-06-13 17:50:00 #####
On branch master
Your branch is ahead of 'origin/master' by 6 commits.
  (use "git push" to publish your local commits)

Changes to be committed:
  (use "git restore --staged <file>..." to unstage)
	modified:   BackJoon/brute_force/4.1018.ts
	modified:   autopush.sh.log

[master c5b5bf4] git commit auto push
 2 files changed, 19 insertions(+), 8 deletions(-)
To github.com:JEONGHWANMIN/CodingTest_JS.git
   5b3e08b..c5b5bf4  master -> master
##### AUTO PUSH END #####
##### PUSH START : 2022-06-14 17:50:01 #####
On branch master
Your branch is ahead of 'origin/master' by 7 commits.
  (use "git push" to publish your local commits)

Changes to be committed:
  (use "git restore --staged <file>..." to unstage)
	modified:   BackJoon/test.js
	modified:   autopush.sh.log

[master 6751fc7] git commit auto push
 2 files changed, 35 insertions(+), 26 deletions(-)
 rewrite BackJoon/test.js (89%)
To github.com:JEONGHWANMIN/CodingTest_JS.git
   c5b5bf4..6751fc7  master -> master
##### AUTO PUSH END #####
##### PUSH START : 2022-06-15 17:50:01 #####
On branch master
Your branch is ahead of 'origin/master' by 8 commits.
  (use "git push" to publish your local commits)

Changes to be committed:
  (use "git restore --staged <file>..." to unstage)
	modified:   autopush.sh.log

[master ebf13f5] git commit auto push
 1 file changed, 16 insertions(+)
To github.com:JEONGHWANMIN/CodingTest_JS.git
   6751fc7..ebf13f5  master -> master
##### AUTO PUSH END #####
##### PUSH START : 2022-06-16 17:50:01 #####
On branch master
Your branch is ahead of 'origin/master' by 9 commits.
  (use "git push" to publish your local commits)

Changes to be committed:
  (use "git restore --staged <file>..." to unstage)
	modified:   BackJoon/test.js
	modified:   autopush.sh.log

[master 0f6fcf9] git commit auto push
 2 files changed, 38 insertions(+), 20 deletions(-)
 rewrite BackJoon/test.js (87%)
To github.com:JEONGHWANMIN/CodingTest_JS.git
   ebf13f5..0f6fcf9  master -> master
##### AUTO PUSH END #####
##### PUSH START : 2022-06-17 17:50:00 #####
On branch master
Your branch is ahead of 'origin/master' by 10 commits.
  (use "git push" to publish your local commits)

Changes to be committed:
  (use "git restore --staged <file>..." to unstage)
	modified:   autopush.sh.log

[master eb4407a] git commit auto push
 1 file changed, 16 insertions(+)
To github.com:JEONGHWANMIN/CodingTest_JS.git
   0f6fcf9..eb4407a  master -> master
##### AUTO PUSH END #####
##### PUSH START : 2022-06-20 17:50:00 #####
On branch master
Your branch is ahead of 'origin/master' by 11 commits.
  (use "git push" to publish your local commits)

Changes to be committed:
  (use "git restore --staged <file>..." to unstage)
	modified:   BackJoon/Input.txt
	modified:   BackJoon/brute_force/4.1018.ts
	new file:   BackJoon/brute_force/5.1436.ts
	new file:   BackJoon/sort/1.2750.ts
	new file:   BackJoon/sort/2.2751.ts
	new file:   Koflit/18_searchNumber.js
	modified:   autopush.sh.log

[master ab5d3b5] git commit auto push
 7 files changed, 183 insertions(+), 27 deletions(-)
 rewrite BackJoon/brute_force/4.1018.ts (62%)
 create mode 100644 BackJoon/brute_force/5.1436.ts
 create mode 100644 BackJoon/sort/1.2750.ts
 create mode 100644 BackJoon/sort/2.2751.ts
 create mode 100644 Koflit/18_searchNumber.js
To github.com:JEONGHWANMIN/CodingTest_JS.git
   eb4407a..ab5d3b5  master -> master
##### AUTO PUSH END #####
##### PUSH START : 2022-06-21 17:50:01 #####
On branch master
Your branch is ahead of 'origin/master' by 12 commits.
  (use "git push" to publish your local commits)

Changes to be committed:
  (use "git restore --staged <file>..." to unstage)
	new file:   Koflit/19_decryptCaesarCipher.js
	modified:   autopush.sh.log

[master 60dcaaa] git commit auto push
 2 files changed, 49 insertions(+)
 create mode 100644 Koflit/19_decryptCaesarCipher.js
To github.com:JEONGHWANMIN/CodingTest_JS.git
   ab5d3b5..60dcaaa  master -> master
##### AUTO PUSH END #####
##### PUSH START : 2022-06-22 17:50:00 #####
On branch master
Your branch is ahead of 'origin/master' by 13 commits.
  (use "git push" to publish your local commits)

Changes to be committed:
  (use "git restore --staged <file>..." to unstage)
	new file:   Koflit/20_compressString.js
	modified:   autopush.sh.log

[master 48fbb9d] git commit auto push
 2 files changed, 39 insertions(+)
 create mode 100644 Koflit/20_compressString.js
To github.com:JEONGHWANMIN/CodingTest_JS.git
   60dcaaa..48fbb9d  master -> master
##### AUTO PUSH END #####
##### PUSH START : 2022-06-23 17:50:00 #####
On branch master
Your branch is ahead of 'origin/master' by 14 commits.
  (use "git push" to publish your local commits)

Changes to be committed:
  (use "git restore --staged <file>..." to unstage)
	new file:   Koflit/1_largestProductOfThree.js
	new file:   Koflit/test.js
	modified:   autopush.sh.log

[master 7d83008] git commit auto push
 3 files changed, 57 insertions(+)
 create mode 100644 Koflit/1_largestProductOfThree.js
 create mode 100644 Koflit/test.js
To github.com:JEONGHWANMIN/CodingTest_JS.git
   48fbb9d..7d83008  master -> master
##### AUTO PUSH END #####
##### PUSH START : 2022-06-24 17:50:00 #####
On branch master
Your branch is ahead of 'origin/master' by 15 commits.
  (use "git push" to publish your local commits)

Changes to be committed:
  (use "git restore --staged <file>..." to unstage)
	new file:   Koflit/02_fibonacci.js
	new file:   Koflit/13_recursion.js
	new file:   Koflit/14_recursion.js
	new file:   Koflit/15_recursion.js
	modified:   autopush.sh.log

[master 769511c] git commit auto push
 5 files changed, 104 insertions(+)
 create mode 100644 Koflit/02_fibonacci.js
 create mode 100644 Koflit/13_recursion.js
 create mode 100644 Koflit/14_recursion.js
 create mode 100644 Koflit/15_recursion.js
To github.com:JEONGHWANMIN/CodingTest_JS.git
   7d83008..769511c  master -> master
##### AUTO PUSH END #####
##### PUSH START : 2022-06-25 17:50:00 #####
On branch master
Your branch is ahead of 'origin/master' by 16 commits.
  (use "git push" to publish your local commits)

Changes to be committed:
  (use "git restore --staged <file>..." to unstage)
	modified:   autopush.sh.log

[master c9ad209] git commit auto push
 1 file changed, 22 insertions(+)
To github.com:JEONGHWANMIN/CodingTest_JS.git
   769511c..c9ad209  master -> master
##### AUTO PUSH END #####
##### PUSH START : 2022-06-27 17:50:00 #####
On branch master
Your branch is up to date with 'origin/master'.

Changes to be committed:
  (use "git restore --staged <file>..." to unstage)
	modified:   BackJoon/Input.txt
	new file:   Koflit/bubbleSort.js
	modified:   autopush.sh.log

[master 756d4c9] git commit auto push
 3 files changed, 47 insertions(+), 2 deletions(-)
 create mode 100644 Koflit/bubbleSort.js
To github.com:JEONGHWANMIN/CodingTest_JS.git
   18c1bb2..756d4c9  master -> master
##### AUTO PUSH END #####
##### PUSH START : 2022-06-28 17:50:00 #####
