##### PUSH START : 2022-06-03 17:50:00 #####
On branch master
Your branch is ahead of 'origin/master' by 26 commits.
  (use "git push" to publish your local commits)

Changes to be committed:
  (use "git restore --staged <file>..." to unstage)
	modified:   BackJoon/Input.txt
	new file:   BackJoon/recursion/4.2447.ts
	new file:   BackJoon/recursion/5.11729.ts
	modified:   BackJoon/test.js
	modified:   autopush.sh
	modified:   autopush.sh.log

[master f7efbc3] git commit auto push
 6 files changed, 61 insertions(+), 70 deletions(-)
 create mode 100644 BackJoon/recursion/4.2447.ts
 create mode 100644 BackJoon/recursion/5.11729.ts
 rewrite BackJoon/test.js (98%)
 rewrite autopush.sh.log (100%)
To github.com:JEONGHWANMIN/CodingTest_JS.git
   c6fe207..f7efbc3  master -> master
##### AUTO PUSH END #####
##### PUSH START : 2022-06-06 17:50:00 #####
On branch master
Your branch is up to date with 'origin/master'.

Changes to be committed:
  (use "git restore --staged <file>..." to unstage)
	modified:   autopush.sh.log

[master cc3f296] git commit auto push
 1 file changed, 1 insertion(+)
To github.com:JEONGHWANMIN/CodingTest_JS.git
   535a467..cc3f296  master -> master
##### AUTO PUSH END #####
##### PUSH START : 2022-06-07 17:50:00 #####
On branch master
Your branch is ahead of 'origin/master' by 1 commit.
  (use "git push" to publish your local commits)

Changes to be committed:
  (use "git restore --staged <file>..." to unstage)
	modified:   BackJoon/test.js
	modified:   autopush.sh.log

[master 9c5e6eb] git commit auto push
 2 files changed, 43 insertions(+), 15 deletions(-)
 rewrite BackJoon/test.js (97%)
To github.com:JEONGHWANMIN/CodingTest_JS.git
   cc3f296..9c5e6eb  master -> master
##### AUTO PUSH END #####
##### PUSH START : 2022-06-08 17:50:00 #####
On branch master
Your branch is ahead of 'origin/master' by 2 commits.
  (use "git push" to publish your local commits)

Changes to be committed:
  (use "git restore --staged <file>..." to unstage)
	modified:   BackJoon/test.js
	modified:   autopush.sh.log

[master 02ad2b7] git commit auto push
 2 files changed, 34 insertions(+), 30 deletions(-)
 rewrite BackJoon/test.js (92%)
To github.com:JEONGHWANMIN/CodingTest_JS.git
   9c5e6eb..02ad2b7  master -> master
##### AUTO PUSH END #####
##### PUSH START : 2022-06-09 17:50:00 #####
On branch master
Your branch is ahead of 'origin/master' by 3 commits.
  (use "git push" to publish your local commits)

Changes to be committed:
  (use "git restore --staged <file>..." to unstage)
	modified:   BackJoon/test.js
	modified:   autopush.sh.log

[master c7cc068] git commit auto push
 2 files changed, 45 insertions(+), 18 deletions(-)
 rewrite BackJoon/test.js (83%)
To github.com:JEONGHWANMIN/CodingTest_JS.git
   02ad2b7..c7cc068  master -> master
##### AUTO PUSH END #####
##### PUSH START : 2022-06-10 17:50:00 #####
On branch master
Your branch is ahead of 'origin/master' by 4 commits.
  (use "git push" to publish your local commits)

Changes to be committed:
  (use "git restore --staged <file>..." to unstage)
	modified:   BackJoon/Input.txt
	modified:   BackJoon/brute_force/2.2231.ts
	new file:   BackJoon/brute_force/3.7568.ts
	new file:   BackJoon/brute_force/4.1018.ts
	modified:   BackJoon/test.js
	modified:   autopush.sh.log

[master 6cfbdf0] git commit auto push
 6 files changed, 96 insertions(+), 30 deletions(-)
 create mode 100644 BackJoon/brute_force/3.7568.ts
 create mode 100644 BackJoon/brute_force/4.1018.ts
 rewrite BackJoon/test.js (92%)
To github.com:JEONGHWANMIN/CodingTest_JS.git
   c7cc068..6cfbdf0  master -> master
##### AUTO PUSH END #####
##### PUSH START : 2022-06-12 17:50:01 #####
On branch master
Your branch is ahead of 'origin/master' by 5 commits.
  (use "git push" to publish your local commits)

Changes to be committed:
  (use "git restore --staged <file>..." to unstage)
	modified:   BackJoon/brute_force/4.1018.ts
	modified:   autopush.sh.log

[master 5b3e08b] git commit auto push
 2 files changed, 30 insertions(+), 3 deletions(-)
To github.com:JEONGHWANMIN/CodingTest_JS.git
   6cfbdf0..5b3e08b  master -> master
##### AUTO PUSH END #####
##### PUSH START : 2022-06-13 17:50:00 #####
On branch master
Your branch is ahead of 'origin/master' by 6 commits.
  (use "git push" to publish your local commits)

Changes to be committed:
  (use "git restore --staged <file>..." to unstage)
	modified:   BackJoon/brute_force/4.1018.ts
	modified:   autopush.sh.log

[master c5b5bf4] git commit auto push
 2 files changed, 19 insertions(+), 8 deletions(-)
To github.com:JEONGHWANMIN/CodingTest_JS.git
   5b3e08b..c5b5bf4  master -> master
##### AUTO PUSH END #####
##### PUSH START : 2022-06-14 17:50:01 #####
On branch master
Your branch is ahead of 'origin/master' by 7 commits.
  (use "git push" to publish your local commits)

Changes to be committed:
  (use "git restore --staged <file>..." to unstage)
	modified:   BackJoon/test.js
	modified:   autopush.sh.log

[master 6751fc7] git commit auto push
 2 files changed, 35 insertions(+), 26 deletions(-)
 rewrite BackJoon/test.js (89%)
To github.com:JEONGHWANMIN/CodingTest_JS.git
   c5b5bf4..6751fc7  master -> master
##### AUTO PUSH END #####
##### PUSH START : 2022-06-15 17:50:01 #####
