##### PUSH START : 2022-11-30 17:50:00 #####
On branch master
Your branch is up to date with 'origin/master'.

Changes to be committed:
  (use "git restore --staged <file>..." to unstage)
	deleted:    Algo/GCD.js
	deleted:    Algo/LCS.js
	deleted:    Algo/browserStack.js
	deleted:    Algo/createMatrix.js
	deleted:    Algo/dfs-bfs.js
	deleted:    Algo/getDirections.js
	deleted:    Algo/graph.js
	deleted:    Algo/maxBinaryHeap.js
	deleted:    Algo/paveBox.js
	deleted:    Algo/permutations.js
	deleted:    Algo/python/LCS.py
	deleted:    Algo/python/QuickSort.py
	deleted:    Algo/python/Set.py
	deleted:    Algo/python/basic_DFS.py
	deleted:    Algo/python/coins.py
	deleted:    Algo/que.js
	deleted:    Algo/queuePrinter.js
	deleted:    Algo/stack.js
	deleted:    Algo/test.js
	deleted:    Algo/test2.js
	deleted:    Algo/test3.js
	deleted:    Algo/test4.js
	deleted:    Algo/test5.js
	deleted:    Algo/test6.js
	deleted:    Algo/test7.js
	deleted:    Algo/test8.js
	deleted:    Algo/test9.js
	new file:   BackJoon/bactracking/15650.js
	modified:   autopush.sh.log

[master f2d7fa4] git commit auto push
 29 files changed, 14 insertions(+), 1040 deletions(-)
 delete mode 100644 Algo/GCD.js
 delete mode 100644 Algo/LCS.js
 delete mode 100644 Algo/browserStack.js
 delete mode 100644 Algo/createMatrix.js
 delete mode 100644 Algo/dfs-bfs.js
 delete mode 100644 Algo/getDirections.js
 delete mode 100644 Algo/graph.js
 delete mode 100644 Algo/maxBinaryHeap.js
 delete mode 100644 Algo/paveBox.js
 delete mode 100644 Algo/permutations.js
 delete mode 100644 Algo/python/LCS.py
 delete mode 100644 Algo/python/QuickSort.py
 delete mode 100644 Algo/python/Set.py
 delete mode 100644 Algo/python/basic_DFS.py
 delete mode 100644 Algo/python/coins.py
 delete mode 100644 Algo/que.js
 delete mode 100644 Algo/queuePrinter.js
 delete mode 100644 Algo/stack.js
 delete mode 100644 Algo/test.js
 delete mode 100644 Algo/test2.js
 delete mode 100644 Algo/test3.js
 delete mode 100644 Algo/test4.js
 delete mode 100644 Algo/test5.js
 delete mode 100644 Algo/test6.js
 delete mode 100644 Algo/test7.js
 delete mode 100644 Algo/test8.js
 delete mode 100644 Algo/test9.js
 create mode 100644 BackJoon/bactracking/15650.js
To github.com:JEONGHWANMIN/CodingTest_JS.git
   2b5b611..f2d7fa4  master -> master
##### AUTO PUSH END #####
##### PUSH START : 2022-12-01 17:50:00 #####
On branch master
Your branch is up to date with 'origin/master'.

Changes to be committed:
  (use "git restore --staged <file>..." to unstage)
	modified:   autopush.sh.log

[master 67d5fc9] git commit auto push
 1 file changed, 1 insertion(+)
To github.com:JEONGHWANMIN/CodingTest_JS.git
   1a937d9..67d5fc9  master -> master
##### AUTO PUSH END #####
##### PUSH START : 2022-12-02 17:50:00 #####
On branch master
Your branch is up to date with 'origin/master'.

Changes to be committed:
  (use "git restore --staged <file>..." to unstage)
	modified:   autopush.sh.log

[master 2051c10] git commit auto push
 1 file changed, 1 insertion(+)
To github.com:JEONGHWANMIN/CodingTest_JS.git
   fd17e6f..2051c10  master -> master
##### AUTO PUSH END #####
##### PUSH START : 2022-12-03 17:50:00 #####
On branch master
Your branch is up to date with 'origin/master'.

Changes to be committed:
  (use "git restore --staged <file>..." to unstage)
	modified:   autopush.sh.log

[master e8c8c16] git commit auto push
 1 file changed, 1 insertion(+)
To github.com:JEONGHWANMIN/CodingTest_JS.git
   4d11353..e8c8c16  master -> master
##### AUTO PUSH END #####
##### PUSH START : 2022-12-05 17:50:00 #####
On branch master
Your branch is ahead of 'origin/master' by 1 commit.
  (use "git push" to publish your local commits)

Changes to be committed:
  (use "git restore --staged <file>..." to unstage)
	modified:   BackJoon/Input.txt
	new file:   BackJoon/bactracking/14888.js
	modified:   autopush.sh.log

[master 60909fe] git commit auto push
 3 files changed, 44 insertions(+), 1 deletion(-)
 create mode 100644 BackJoon/bactracking/14888.js
To github.com:JEONGHWANMIN/CodingTest_JS.git
   e8c8c16..60909fe  master -> master
##### AUTO PUSH END #####
##### PUSH START : 2022-12-06 17:50:01 #####
On branch master
Your branch is ahead of 'origin/master' by 2 commits.
  (use "git push" to publish your local commits)

Changes to be committed:
  (use "git restore --staged <file>..." to unstage)
	modified:   autopush.sh.log

[master 8e67989] git commit auto push
 1 file changed, 17 insertions(+)
To github.com:JEONGHWANMIN/CodingTest_JS.git
   60909fe..8e67989  master -> master
##### AUTO PUSH END #####
##### PUSH START : 2022-12-09 17:50:00 #####
On branch master
Your branch is up to date with 'origin/master'.

Changes to be committed:
  (use "git restore --staged <file>..." to unstage)
	modified:   autopush.sh.log

[master df76fb6] git commit auto push
 1 file changed, 1 insertion(+)
To github.com:JEONGHWANMIN/CodingTest_JS.git
   c9c1d56..df76fb6  master -> master
##### AUTO PUSH END #####
##### PUSH START : 2022-12-11 17:50:00 #####
